******************************************************************************
                  MSP430 Linker PC v20.2.1                     
******************************************************************************
>> Linked Fri Jul 31 17:10:27 2020

OUTPUT FILE NAME:   <MSP43_SPI_LoRa.out>
ENTRY POINT SYMBOL: "_c_int00_noargs"  address: 0000e746


MEMORY CONFIGURATION

         name            origin    length      used     unused   attr    fill
----------------------  --------  ---------  --------  --------  ----  --------
  SFR                   00000000   00000010  00000000  00000010  RWIX
  PERIPHERALS_8BIT      00000010   000000f0  00000000  000000f0  RWIX
  PERIPHERALS_16BIT     00000100   00000100  00000000  00000100  RWIX
  RAM                   00000200   00000200  000001d9  00000027  RWIX
  INFOD                 00001000   00000040  00000000  00000040  RWIX
  INFOC                 00001040   00000040  00000000  00000040  RWIX
  INFOB                 00001080   00000040  00000000  00000040  RWIX
  INFOA                 000010c0   00000040  00000000  00000040  RWIX
  FLASH                 0000c000   00003fde  00002a04  000015da  RWIX
  BSLSIGNATURE          0000ffde   00000002  00000002  00000000  RWIX  ffff 
  INT00                 0000ffe0   00000002  00000002  00000000  RWIX
  INT01                 0000ffe2   00000002  00000000  00000002  RWIX
  INT02                 0000ffe4   00000002  00000002  00000000  RWIX
  INT03                 0000ffe6   00000002  00000002  00000000  RWIX
  INT04                 0000ffe8   00000002  00000000  00000002  RWIX
  INT05                 0000ffea   00000002  00000002  00000000  RWIX
  INT06                 0000ffec   00000002  00000002  00000000  RWIX
  INT07                 0000ffee   00000002  00000002  00000000  RWIX
  INT08                 0000fff0   00000002  00000002  00000000  RWIX
  INT09                 0000fff2   00000002  00000002  00000000  RWIX
  INT10                 0000fff4   00000002  00000002  00000000  RWIX
  INT11                 0000fff6   00000002  00000002  00000000  RWIX
  INT12                 0000fff8   00000002  00000002  00000000  RWIX
  INT13                 0000fffa   00000002  00000002  00000000  RWIX
  INT14                 0000fffc   00000002  00000002  00000000  RWIX
  RESET                 0000fffe   00000002  00000002  00000000  RWIX


SECTION ALLOCATION MAP

 output                                  attributes/
section   page    origin      length       input sections
--------  ----  ----------  ----------   ----------------
.bss       0    00000200    00000186     UNINITIALIZED
                  00000200    00000100     sx1276.obj (.bss:RxTxBuffer)
                  00000300    00000056     (.common:sx1276)
                  00000356    00000020     (.common:buffer)
                  00000376    0000000e     main.obj (.bss:radio_events)
                  00000384    00000002     sx1276.obj (.bss)

.data      0    00000386    00000003     UNINITIALIZED
                  00000386    00000002     main.obj (.data)
                  00000388    00000001     spi.obj (.data)

.stack     0    000003b0    00000050     UNINITIALIZED
                  000003b0    00000002     rts430_eabi.lib : boot.c.obj (.stack)
                  000003b2    0000004e     --HOLE--

.text      0    0000c000    000028b2     
                  0000c000    00000478     rts430_eabi.lib : frcdivd.c.obj (.text:__TI_frcdivd)
                  0000c478    00000448     sx1276.obj (.text:sx1276_set_txconfig)
                  0000c8c0    000003d8     sx1276.obj (.text:sx1276_set_rxconfig)
                  0000cc98    00000376     base64.obj (.text:base64_encode)
                  0000d00e    000002e4     sx1276.obj (.text:sx1276_on_dio0irq)
                  0000d2f2    00000286     rts430_eabi.lib : frcmpyd.c.obj (.text:__TI_frcmpyd)
                  0000d578    0000026e                     : mpyd.c.obj (.text:__mspabi_mpyd)
                  0000d7e6    00000238                     : divd.c.obj (.text:__mspabi_divd)
                  0000da1e    00000112     sx1276.obj (.text:sx1276_send)
                  0000db30    000000f6     main.obj (.text:main)
                  0000dc26    000000e4     sx1276.obj (.text:sx1276_rxchain_calibration)
                  0000dd0a    000000ba     main.obj (.text:rf_init_lora)
                  0000ddc4    000000b0     sx1276.obj (.text:sx1276_set_tx)
                  0000de74    0000008a     rts430_eabi.lib : fltuld.c.obj (.text:__mspabi_fltuld)
                  0000defe    0000007c                     : copy_decompress_lzss.c.obj (.text:decompress:lzss:__TI_decompress_lzss)
                  0000df7a    00000078     main.obj (.text:OnRxDone)
                  0000dff2    00000074     rts430_eabi.lib : fixdul.c.obj (.text:__mspabi_fixdul)
                  0000e066    00000072     sx1276.obj (.text:sx1276_set_modem)
                  0000e0d8    0000006c     uart.obj (.text:uart_printhex32)
                  0000e144    0000006a     sx1276.obj (.text:sx1276_init)
                  0000e1ae    0000005c     rts430_eabi.lib : lsr32.asm.obj (.text:l_lsr_const)
                  0000e20a    0000005c     sx1276.obj (.text:sx1276_get_fsk_bandwidthregvalue)
                  0000e266    00000058     rts430_eabi.lib : div32u.asm.obj (.text)
                  0000e2be    00000058     sx1276.obj (.text:sx1276_set_channel)
                  0000e316    00000056     uart.obj (.text:uart_printhex8)
                  0000e36c    0000004c     rts430_eabi.lib : lsr16.asm.obj (.text)
                  0000e3b8    00000046     main.obj (.text:SendPing)
                  0000e3fe    00000044     mcu.obj (.text:mcu_init)
                  0000e442    00000042     rts430_eabi.lib : autoinit.c.obj (.text:__TI_auto_init_nobinit_nopinit:__TI_auto_init_nobinit_nopinit)
                  0000e484    0000003e                     : asr32.asm.obj (.text:l_asr_const)
                  0000e4c2    0000003e                     : lsl32.asm.obj (.text:l_lsl_const)
                  0000e500    0000003e     spi.obj (.text:spi_init)
                  0000e53e    0000003e     sx1276.obj (.text:sx1276_read_buffer)
                  0000e57c    0000003a     sx1276.obj (.text:sx1276_write_buffer)
                  0000e5b6    0000002e     uart.obj (.text:uart_init)
                  0000e5e4    0000002c     main.obj (.text:Port_2)
                  0000e610    0000002c     rts430_eabi.lib : asr16.asm.obj (.text)
                  0000e63c    0000002c                     : lsl16.asm.obj (.text)
                  0000e668    0000002c     sx1276.obj (.text:sx1275_reset)
                  0000e694    00000026     rts430_eabi.lib : mult32.asm.obj (.text)
                  0000e6ba    00000026     sx1276.obj (.text:sx1276_read)
                  0000e6e0    00000024     sx1276.obj (.text:sx1276_write)
                  0000e704    00000022     mcu.obj (.text:mcu_delayms)
                  0000e726    00000020     uart.obj (.text:uart_write)
                  0000e746    0000001c     rts430_eabi.lib : boot.c.obj (.text:_c_int00_noargs)
                  0000e762    0000001c     sx1276.obj (.text:sx1276_set_opmode)
                  0000e77e    00000016     rts430_eabi.lib : div16u.asm.obj (.text)
                  0000e794    00000014                     : copy_zero_init.c.obj (.text:decompress:ZI:__TI_zero_init_nomemset:__TI_zero_init_nomemset)
                  0000e7a8    00000014                     : mult16.asm.obj (.text)
                  0000e7bc    00000012                     : fixdu.c.obj (.text:__mspabi_fixdu)
                  0000e7ce    00000012                     : copy_decompress_none.c.obj (.text:decompress:none:__TI_decompress_none)
                  0000e7e0    00000012                     : lsr32.asm.obj (.text:l_lsr)
                  0000e7f2    00000012                     : memcpy.c.obj (.text:memcpy)
                  0000e804    00000010     mcu.obj (.text:mcu_memcpy1)
                  0000e814    00000010     rts430_eabi.lib : epilog.asm.obj (.text)
                  0000e824    0000000c     spi.obj (.text:spi_recv)
                  0000e830    0000000c     sx1276.obj (.text:sx1276_read_fifo)
                  0000e83c    0000000c     sx1276.obj (.text:sx1276_write_fifo)
                  0000e848    0000000c     uart.obj (.text:uart_writec)
                  0000e854    0000000a     main.obj (.text:OnRxError)
                  0000e85e    0000000a     main.obj (.text:OnTxDone)
                  0000e868    0000000a     spi.obj (.text:spi_send)
                  0000e872    0000000a     spi.obj (.text:spi_transfer)
                  0000e87c    00000008     rts430_eabi.lib : isr_trap.asm.obj (.text:_isr:__TI_ISR_TRAP)
                  0000e884    00000008     spi.obj (.text:spi_rxready)
                  0000e88c    00000008     spi.obj (.text:spi_txready)
                  0000e894    00000006     rts430_eabi.lib : exit.c.obj (.text:abort)
                  0000e89a    00000006     spi.obj (.text:spi_chipDisable)
                  0000e8a0    00000006     spi.obj (.text:spi_chipEnable)
                  0000e8a6    00000006     sx1276.obj (.text:sx1276_get_paselect)
                  0000e8ac    00000004     rts430_eabi.lib : pre_init.c.obj (.text:_system_pre_init)
                  0000e8b0    00000002                     : startup.c.obj (.text:_system_post_cinit)

.const     0    0000e8b2    00000138     
                  0000e8b2    00000084     sx1276.obj (.const:fsk_bandwidths)
                  0000e936    0000006a     main.obj (.const:.string)
                  0000e9a0    00000040     sx1276.obj (.const:radio_registers)
                  0000e9e0    0000000a     sx1276.obj (.const:.string)

.cinit     0    0000e9ea    0000001a     
                  0000e9ea    00000007     (.cinit..data.load) [load image]
                  0000e9f1    00000001     --HOLE-- [fill = 0]
                  0000e9f2    00000006     (__TI_handler_table)
                  0000e9f8    00000004     (.cinit..bss.load) [load image, compression = zero_init]
                  0000e9fc    00000008     (__TI_cinit_table)

.binit     0    0000c000    00000000     

.init_array 
*          0    0000c000    00000000     UNINITIALIZED

TRAPINT    0    0000ffe0    00000002     
                  0000ffe0    00000002     rts430_eabi.lib : int00.asm.obj (.int00)

PORT1      0    0000ffe4    00000002     
                  0000ffe4    00000002     rts430_eabi.lib : int02.asm.obj (.int02)

PORT2      0    0000ffe6    00000002     
                  0000ffe6    00000002     main.obj (.int03)

ADC10      0    0000ffea    00000002     
                  0000ffea    00000002     rts430_eabi.lib : int05.asm.obj (.int05)

USCIAB0TX 
*          0    0000ffec    00000002     
                  0000ffec    00000002     rts430_eabi.lib : int06.asm.obj (.int06)

USCIAB0RX 
*          0    0000ffee    00000002     
                  0000ffee    00000002     rts430_eabi.lib : int07.asm.obj (.int07)

TIMER0_A1 
*          0    0000fff0    00000002     
                  0000fff0    00000002     rts430_eabi.lib : int08.asm.obj (.int08)

TIMER0_A0 
*          0    0000fff2    00000002     
                  0000fff2    00000002     rts430_eabi.lib : int09.asm.obj (.int09)

WDT        0    0000fff4    00000002     
                  0000fff4    00000002     rts430_eabi.lib : int10.asm.obj (.int10)

COMPARATORA 
*          0    0000fff6    00000002     
                  0000fff6    00000002     rts430_eabi.lib : int11.asm.obj (.int11)

TIMER1_A1 
*          0    0000fff8    00000002     
                  0000fff8    00000002     rts430_eabi.lib : int12.asm.obj (.int12)

TIMER1_A0 
*          0    0000fffa    00000002     
                  0000fffa    00000002     rts430_eabi.lib : int13.asm.obj (.int13)

NMI        0    0000fffc    00000002     
                  0000fffc    00000002     rts430_eabi.lib : int14.asm.obj (.int14)

.reset     0    0000fffe    00000002     
                  0000fffe    00000002     rts430_eabi.lib : boot.c.obj (.reset)

$fill000   0    0000ffde    00000002     
                  0000ffde    00000002     --HOLE-- [fill = ffff]

MODULE SUMMARY

       Module                       code    ro data   rw data
       ------                       ----    -------   -------
    .\
       sx1276.obj                   4194    206       344    
       base64.obj                   886     0         0      
       main.obj                     686     108       48     
       uart.obj                     284     0         0      
       spi.obj                      122     0         1      
       mcu.obj                      118     0         0      
    +--+----------------------------+-------+---------+---------+
       Total:                       6290    314       393    
                                                             
    D:\TI\ccs1000\ccs\tools\compiler\ti-cgt-msp430_20.2.1.LTS\lib\rts430_eabi.lib
       frcdivd.c.obj                1144    0         0      
       frcmpyd.c.obj                646     0         0      
       mpyd.c.obj                   622     0         0      
       divd.c.obj                   568     0         0      
       fltuld.c.obj                 138     0         0      
       copy_decompress_lzss.c.obj   124     0         0      
       fixdul.c.obj                 116     0         0      
       lsr32.asm.obj                110     0         0      
       div32u.asm.obj               88      0         0      
       lsr16.asm.obj                76      0         0      
       autoinit.c.obj               66      0         0      
       asr32.asm.obj                62      0         0      
       lsl32.asm.obj                62      0         0      
       asr16.asm.obj                44      0         0      
       lsl16.asm.obj                44      0         0      
       mult32.asm.obj               38      0         0      
       boot.c.obj                   28      2         0      
       div16u.asm.obj               22      0         0      
       copy_zero_init.c.obj         20      0         0      
       mult16.asm.obj               20      0         0      
       copy_decompress_none.c.obj   18      0         0      
       fixdu.c.obj                  18      0         0      
       memcpy.c.obj                 18      0         0      
       epilog.asm.obj               16      0         0      
       isr_trap.asm.obj             8       0         0      
       exit.c.obj                   6       0         0      
       pre_init.c.obj               4       0         0      
       int00.asm.obj                0       2         0      
       int02.asm.obj                0       2         0      
       int05.asm.obj                0       2         0      
       int06.asm.obj                0       2         0      
       int07.asm.obj                0       2         0      
       int08.asm.obj                0       2         0      
       int09.asm.obj                0       2         0      
       int10.asm.obj                0       2         0      
       int11.asm.obj                0       2         0      
       int12.asm.obj                0       2         0      
       int13.asm.obj                0       2         0      
       int14.asm.obj                0       2         0      
       startup.c.obj                2       0         0      
    +--+----------------------------+-------+---------+---------+
       Total:                       4128    26        0      
                                                             
       Stack:                       0       0         80     
       Linker Generated:            0       25        0      
    +--+----------------------------+-------+---------+---------+
       Grand Total:                 10418   365       473    


LINKER GENERATED COPY TABLES

__TI_cinit_table @ 0000e9fc records: 2, size/record: 4, table size: 8
	.data: load addr=0000e9ea, load size=00000007 bytes, run addr=00000386, run size=00000003 bytes, compression=copy
	.bss: load addr=0000e9f8, load size=00000004 bytes, run addr=00000200, run size=00000186 bytes, compression=zero_init


LINKER GENERATED HANDLER TABLE

__TI_handler_table @ 0000e9f2 records: 3, size/record: 2, table size: 6
	index: 0, handler: __TI_zero_init
	index: 1, handler: __TI_decompress_lzss
	index: 2, handler: __TI_decompress_none


GLOBAL SYMBOLS: SORTED ALPHABETICALLY BY Name 

address   name                          
-------   ----                          
0000004a  ADC10AE0                      
000001b0  ADC10CTL0                     
000001b2  ADC10CTL1                     
00000048  ADC10DTC0                     
00000049  ADC10DTC1                     
000001b4  ADC10MEM                      
000001bc  ADC10SA                       
00000057  BCSCTL1                       
00000058  BCSCTL2                       
00000053  BCSCTL3                       
0000e894  C$$EXIT                       
00000059  CACTL1                        
0000005a  CACTL2                        
000010fb  CALBC1_12MHZ                  
000010f9  CALBC1_16MHZ                  
000010ff  CALBC1_1MHZ                   
000010fd  CALBC1_8MHZ                   
000010fa  CALDCO_12MHZ                  
000010f8  CALDCO_16MHZ                  
000010fe  CALDCO_1MHZ                   
000010fc  CALDCO_8MHZ                   
0000005b  CAPD                          
00000056  DCOCTL                        
00000128  FCTL1                         
0000012a  FCTL2                         
0000012c  FCTL3                         
00000000  IE1                           
00000001  IE2                           
00000002  IFG1                          
00000003  IFG2                          
0000df7a  OnRxDone                      
0000e854  OnRxError                     
0000e85e  OnTxDone                      
00000022  P1DIR                         
00000025  P1IE                          
00000024  P1IES                         
00000023  P1IFG                         
00000020  P1IN                          
00000021  P1OUT                         
00000027  P1REN                         
00000026  P1SEL                         
00000041  P1SEL2                        
0000002a  P2DIR                         
0000002d  P2IE                          
0000002c  P2IES                         
0000002b  P2IFG                         
00000028  P2IN                          
00000029  P2OUT                         
0000002f  P2REN                         
0000002e  P2SEL                         
00000042  P2SEL2                        
0000001a  P3DIR                         
00000018  P3IN                          
00000019  P3OUT                         
00000010  P3REN                         
0000001b  P3SEL                         
00000043  P3SEL2                        
0000e5e4  Port_2                        
0000e3b8  SendPing                      
00000172  TA0CCR0                       
00000174  TA0CCR1                       
00000176  TA0CCR2                       
00000162  TA0CCTL0                      
00000164  TA0CCTL1                      
00000166  TA0CCTL2                      
00000160  TA0CTL                        
0000012e  TA0IV                         
00000170  TA0R                          
00000192  TA1CCR0                       
00000194  TA1CCR1                       
00000196  TA1CCR2                       
00000182  TA1CCTL0                      
00000184  TA1CCTL1                      
00000186  TA1CCTL2                      
00000180  TA1CTL                        
0000011e  TA1IV                         
00000190  TA1R                          
000010db  TLV_ADC10_1_LEN               
000010da  TLV_ADC10_1_TAG               
000010c0  TLV_CHECKSUM                  
000010f7  TLV_DCO_30_LEN                
000010f6  TLV_DCO_30_TAG                
0000005d  UCA0ABCTL                     
00000062  UCA0BR0                       
00000063  UCA0BR1                       
00000060  UCA0CTL0                      
00000061  UCA0CTL1                      
0000005f  UCA0IRRCTL                    
0000005e  UCA0IRTCTL                    
00000064  UCA0MCTL                      
00000066  UCA0RXBUF                     
00000065  UCA0STAT                      
00000067  UCA0TXBUF                     
0000006a  UCB0BR0                       
0000006b  UCB0BR1                       
00000068  UCB0CTL0                      
00000069  UCB0CTL1                      
0000006c  UCB0I2CIE                     
00000118  UCB0I2COA                     
0000011a  UCB0I2CSA                     
0000006e  UCB0RXBUF                     
0000006d  UCB0STAT                      
0000006f  UCB0TXBUF                     
00000120  WDTCTL                        
00000400  __STACK_END                   
00000050  __STACK_SIZE                  
0000e9fc  __TI_CINIT_Base               
0000ea04  __TI_CINIT_Limit              
0000e9f2  __TI_Handler_Table_Base       
0000e9f8  __TI_Handler_Table_Limit      
0000e87c  __TI_ISR_TRAP                 
0000e442  __TI_auto_init_nobinit_nopinit
0000defe  __TI_decompress_lzss          
0000e7ce  __TI_decompress_none          
0000c000  __TI_frcdivd                  
0000d2f2  __TI_frcmpyd                  
0000ffe0  __TI_int00                    
0000ffe4  __TI_int02                    
0000ffe6  __TI_int03                    
0000ffea  __TI_int05                    
0000ffec  __TI_int06                    
0000ffee  __TI_int07                    
0000fff0  __TI_int08                    
0000fff2  __TI_int09                    
0000fff4  __TI_int10                    
0000fff6  __TI_int11                    
0000fff8  __TI_int12                    
0000fffa  __TI_int13                    
0000fffc  __TI_int14                    
ffffffff  __TI_pprof_out_hndl           
ffffffff  __TI_prof_data_size           
ffffffff  __TI_prof_data_start          
0000e794  __TI_zero_init_nomemset       
ffffffff  __c_args__                    
0000d7e6  __mspabi_divd                 
0000e77e  __mspabi_divu                 
0000e266  __mspabi_divul                
0000e7bc  __mspabi_fixdu                
0000dff2  __mspabi_fixdul               
0000de74  __mspabi_fltuld               
0000e820  __mspabi_func_epilog_1        
0000e81e  __mspabi_func_epilog_2        
0000e81c  __mspabi_func_epilog_3        
0000e81a  __mspabi_func_epilog_4        
0000e818  __mspabi_func_epilog_5        
0000e816  __mspabi_func_epilog_6        
0000e814  __mspabi_func_epilog_7        
0000d578  __mspabi_mpyd                 
0000e7a8  __mspabi_mpyi                 
0000e7a8  __mspabi_mpyi_sw              
0000e694  __mspabi_mpyl                 
0000e694  __mspabi_mpyl_sw              
0000e77e  __mspabi_remu                 
0000e266  __mspabi_remul                
0000e63c  __mspabi_slli                 
0000e664  __mspabi_slli_1               
0000e652  __mspabi_slli_10              
0000e650  __mspabi_slli_11              
0000e64e  __mspabi_slli_12              
0000e64c  __mspabi_slli_13              
0000e64a  __mspabi_slli_14              
0000e648  __mspabi_slli_15              
0000e662  __mspabi_slli_2               
0000e660  __mspabi_slli_3               
0000e65e  __mspabi_slli_4               
0000e65c  __mspabi_slli_5               
0000e65a  __mspabi_slli_6               
0000e658  __mspabi_slli_7               
0000e656  __mspabi_slli_8               
0000e654  __mspabi_slli_9               
0000e4fa  __mspabi_slll_1               
0000e4d6  __mspabi_slll_10              
0000e4d2  __mspabi_slll_11              
0000e4ce  __mspabi_slll_12              
0000e4ca  __mspabi_slll_13              
0000e4c6  __mspabi_slll_14              
0000e4c2  __mspabi_slll_15              
0000e4f6  __mspabi_slll_2               
0000e4f2  __mspabi_slll_3               
0000e4ee  __mspabi_slll_4               
0000e4ea  __mspabi_slll_5               
0000e4e6  __mspabi_slll_6               
0000e4e2  __mspabi_slll_7               
0000e4de  __mspabi_slll_8               
0000e4da  __mspabi_slll_9               
0000e610  __mspabi_srai                 
0000e638  __mspabi_srai_1               
0000e626  __mspabi_srai_10              
0000e624  __mspabi_srai_11              
0000e622  __mspabi_srai_12              
0000e620  __mspabi_srai_13              
0000e61e  __mspabi_srai_14              
0000e61c  __mspabi_srai_15              
0000e636  __mspabi_srai_2               
0000e634  __mspabi_srai_3               
0000e632  __mspabi_srai_4               
0000e630  __mspabi_srai_5               
0000e62e  __mspabi_srai_6               
0000e62c  __mspabi_srai_7               
0000e62a  __mspabi_srai_8               
0000e628  __mspabi_srai_9               
0000e4bc  __mspabi_sral_1               
0000e498  __mspabi_sral_10              
0000e494  __mspabi_sral_11              
0000e490  __mspabi_sral_12              
0000e48c  __mspabi_sral_13              
0000e488  __mspabi_sral_14              
0000e484  __mspabi_sral_15              
0000e4b8  __mspabi_sral_2               
0000e4b4  __mspabi_sral_3               
0000e4b0  __mspabi_sral_4               
0000e4ac  __mspabi_sral_5               
0000e4a8  __mspabi_sral_6               
0000e4a4  __mspabi_sral_7               
0000e4a0  __mspabi_sral_8               
0000e49c  __mspabi_sral_9               
0000e36c  __mspabi_srli                 
0000e3b2  __mspabi_srli_1               
0000e38e  __mspabi_srli_10              
0000e38a  __mspabi_srli_11              
0000e386  __mspabi_srli_12              
0000e382  __mspabi_srli_13              
0000e37e  __mspabi_srli_14              
0000e37a  __mspabi_srli_15              
0000e3ae  __mspabi_srli_2               
0000e3aa  __mspabi_srli_3               
0000e3a6  __mspabi_srli_4               
0000e3a2  __mspabi_srli_5               
0000e39e  __mspabi_srli_6               
0000e39a  __mspabi_srli_7               
0000e396  __mspabi_srli_8               
0000e392  __mspabi_srli_9               
0000e7e0  __mspabi_srll                 
0000e202  __mspabi_srll_1               
0000e1cc  __mspabi_srll_10              
0000e1c6  __mspabi_srll_11              
0000e1c0  __mspabi_srll_12              
0000e1ba  __mspabi_srll_13              
0000e1b4  __mspabi_srll_14              
0000e1ae  __mspabi_srll_15              
0000e1fc  __mspabi_srll_2               
0000e1f6  __mspabi_srll_3               
0000e1f0  __mspabi_srll_4               
0000e1ea  __mspabi_srll_5               
0000e1e4  __mspabi_srll_6               
0000e1de  __mspabi_srll_7               
0000e1d8  __mspabi_srll_8               
0000e1d2  __mspabi_srll_9               
0000e746  _c_int00_noargs               
0000fffe  _reset_vector                 
000003b0  _stack                        
0000e8b0  _system_post_cinit            
0000e8ac  _system_pre_init              
0000e894  abort                         
0000cc98  base64_encode                 
00000356  buffer                        
0000e8b2  fsk_bandwidths                
0000db30  main                          
0000e704  mcu_delayms                   
0000e3fe  mcu_init                      
0000e804  mcu_memcpy1                   
0000e7f2  memcpy                        
0000e9a0  radio_registers               
0000dd0a  rf_init_lora                  
00000388  spi_buf                       
0000e89a  spi_chipDisable               
0000e8a0  spi_chipEnable                
0000e500  spi_init                      
0000e824  spi_recv                      
0000e884  spi_rxready                   
0000e868  spi_send                      
0000e872  spi_transfer                  
0000e88c  spi_txready                   
00000386  state                         
0000e668  sx1275_reset                  
00000300  sx1276                        
0000e144  sx1276_init                   
0000d00e  sx1276_on_dio0irq             
0000e6ba  sx1276_read                   
0000e53e  sx1276_read_buffer            
0000e830  sx1276_read_fifo              
0000dc26  sx1276_rxchain_calibration    
0000da1e  sx1276_send                   
0000e2be  sx1276_set_channel            
0000e066  sx1276_set_modem              
0000e762  sx1276_set_opmode             
0000c8c0  sx1276_set_rxconfig           
0000ddc4  sx1276_set_tx                 
0000c478  sx1276_set_txconfig           
0000e6e0  sx1276_write                  
0000e57c  sx1276_write_buffer           
0000e83c  sx1276_write_fifo             
0000e5b6  uart_init                     
0000e0d8  uart_printhex32               
0000e316  uart_printhex8                
0000e726  uart_write                    
0000e848  uart_writec                   


GLOBAL SYMBOLS: SORTED BY Symbol Address 

address   name                          
-------   ----                          
00000000  IE1                           
00000001  IE2                           
00000002  IFG1                          
00000003  IFG2                          
00000010  P3REN                         
00000018  P3IN                          
00000019  P3OUT                         
0000001a  P3DIR                         
0000001b  P3SEL                         
00000020  P1IN                          
00000021  P1OUT                         
00000022  P1DIR                         
00000023  P1IFG                         
00000024  P1IES                         
00000025  P1IE                          
00000026  P1SEL                         
00000027  P1REN                         
00000028  P2IN                          
00000029  P2OUT                         
0000002a  P2DIR                         
0000002b  P2IFG                         
0000002c  P2IES                         
0000002d  P2IE                          
0000002e  P2SEL                         
0000002f  P2REN                         
00000041  P1SEL2                        
00000042  P2SEL2                        
00000043  P3SEL2                        
00000048  ADC10DTC0                     
00000049  ADC10DTC1                     
0000004a  ADC10AE0                      
00000050  __STACK_SIZE                  
00000053  BCSCTL3                       
00000056  DCOCTL                        
00000057  BCSCTL1                       
00000058  BCSCTL2                       
00000059  CACTL1                        
0000005a  CACTL2                        
0000005b  CAPD                          
0000005d  UCA0ABCTL                     
0000005e  UCA0IRTCTL                    
0000005f  UCA0IRRCTL                    
00000060  UCA0CTL0                      
00000061  UCA0CTL1                      
00000062  UCA0BR0                       
00000063  UCA0BR1                       
00000064  UCA0MCTL                      
00000065  UCA0STAT                      
00000066  UCA0RXBUF                     
00000067  UCA0TXBUF                     
00000068  UCB0CTL0                      
00000069  UCB0CTL1                      
0000006a  UCB0BR0                       
0000006b  UCB0BR1                       
0000006c  UCB0I2CIE                     
0000006d  UCB0STAT                      
0000006e  UCB0RXBUF                     
0000006f  UCB0TXBUF                     
00000118  UCB0I2COA                     
0000011a  UCB0I2CSA                     
0000011e  TA1IV                         
00000120  WDTCTL                        
00000128  FCTL1                         
0000012a  FCTL2                         
0000012c  FCTL3                         
0000012e  TA0IV                         
00000160  TA0CTL                        
00000162  TA0CCTL0                      
00000164  TA0CCTL1                      
00000166  TA0CCTL2                      
00000170  TA0R                          
00000172  TA0CCR0                       
00000174  TA0CCR1                       
00000176  TA0CCR2                       
00000180  TA1CTL                        
00000182  TA1CCTL0                      
00000184  TA1CCTL1                      
00000186  TA1CCTL2                      
00000190  TA1R                          
00000192  TA1CCR0                       
00000194  TA1CCR1                       
00000196  TA1CCR2                       
000001b0  ADC10CTL0                     
000001b2  ADC10CTL1                     
000001b4  ADC10MEM                      
000001bc  ADC10SA                       
00000300  sx1276                        
00000356  buffer                        
00000386  state                         
00000388  spi_buf                       
000003b0  _stack                        
00000400  __STACK_END                   
000010c0  TLV_CHECKSUM                  
000010da  TLV_ADC10_1_TAG               
000010db  TLV_ADC10_1_LEN               
000010f6  TLV_DCO_30_TAG                
000010f7  TLV_DCO_30_LEN                
000010f8  CALDCO_16MHZ                  
000010f9  CALBC1_16MHZ                  
000010fa  CALDCO_12MHZ                  
000010fb  CALBC1_12MHZ                  
000010fc  CALDCO_8MHZ                   
000010fd  CALBC1_8MHZ                   
000010fe  CALDCO_1MHZ                   
000010ff  CALBC1_1MHZ                   
0000c000  __TI_frcdivd                  
0000c478  sx1276_set_txconfig           
0000c8c0  sx1276_set_rxconfig           
0000cc98  base64_encode                 
0000d00e  sx1276_on_dio0irq             
0000d2f2  __TI_frcmpyd                  
0000d578  __mspabi_mpyd                 
0000d7e6  __mspabi_divd                 
0000da1e  sx1276_send                   
0000db30  main                          
0000dc26  sx1276_rxchain_calibration    
0000dd0a  rf_init_lora                  
0000ddc4  sx1276_set_tx                 
0000de74  __mspabi_fltuld               
0000defe  __TI_decompress_lzss          
0000df7a  OnRxDone                      
0000dff2  __mspabi_fixdul               
0000e066  sx1276_set_modem              
0000e0d8  uart_printhex32               
0000e144  sx1276_init                   
0000e1ae  __mspabi_srll_15              
0000e1b4  __mspabi_srll_14              
0000e1ba  __mspabi_srll_13              
0000e1c0  __mspabi_srll_12              
0000e1c6  __mspabi_srll_11              
0000e1cc  __mspabi_srll_10              
0000e1d2  __mspabi_srll_9               
0000e1d8  __mspabi_srll_8               
0000e1de  __mspabi_srll_7               
0000e1e4  __mspabi_srll_6               
0000e1ea  __mspabi_srll_5               
0000e1f0  __mspabi_srll_4               
0000e1f6  __mspabi_srll_3               
0000e1fc  __mspabi_srll_2               
0000e202  __mspabi_srll_1               
0000e266  __mspabi_divul                
0000e266  __mspabi_remul                
0000e2be  sx1276_set_channel            
0000e316  uart_printhex8                
0000e36c  __mspabi_srli                 
0000e37a  __mspabi_srli_15              
0000e37e  __mspabi_srli_14              
0000e382  __mspabi_srli_13              
0000e386  __mspabi_srli_12              
0000e38a  __mspabi_srli_11              
0000e38e  __mspabi_srli_10              
0000e392  __mspabi_srli_9               
0000e396  __mspabi_srli_8               
0000e39a  __mspabi_srli_7               
0000e39e  __mspabi_srli_6               
0000e3a2  __mspabi_srli_5               
0000e3a6  __mspabi_srli_4               
0000e3aa  __mspabi_srli_3               
0000e3ae  __mspabi_srli_2               
0000e3b2  __mspabi_srli_1               
0000e3b8  SendPing                      
0000e3fe  mcu_init                      
0000e442  __TI_auto_init_nobinit_nopinit
0000e484  __mspabi_sral_15              
0000e488  __mspabi_sral_14              
0000e48c  __mspabi_sral_13              
0000e490  __mspabi_sral_12              
0000e494  __mspabi_sral_11              
0000e498  __mspabi_sral_10              
0000e49c  __mspabi_sral_9               
0000e4a0  __mspabi_sral_8               
0000e4a4  __mspabi_sral_7               
0000e4a8  __mspabi_sral_6               
0000e4ac  __mspabi_sral_5               
0000e4b0  __mspabi_sral_4               
0000e4b4  __mspabi_sral_3               
0000e4b8  __mspabi_sral_2               
0000e4bc  __mspabi_sral_1               
0000e4c2  __mspabi_slll_15              
0000e4c6  __mspabi_slll_14              
0000e4ca  __mspabi_slll_13              
0000e4ce  __mspabi_slll_12              
0000e4d2  __mspabi_slll_11              
0000e4d6  __mspabi_slll_10              
0000e4da  __mspabi_slll_9               
0000e4de  __mspabi_slll_8               
0000e4e2  __mspabi_slll_7               
0000e4e6  __mspabi_slll_6               
0000e4ea  __mspabi_slll_5               
0000e4ee  __mspabi_slll_4               
0000e4f2  __mspabi_slll_3               
0000e4f6  __mspabi_slll_2               
0000e4fa  __mspabi_slll_1               
0000e500  spi_init                      
0000e53e  sx1276_read_buffer            
0000e57c  sx1276_write_buffer           
0000e5b6  uart_init                     
0000e5e4  Port_2                        
0000e610  __mspabi_srai                 
0000e61c  __mspabi_srai_15              
0000e61e  __mspabi_srai_14              
0000e620  __mspabi_srai_13              
0000e622  __mspabi_srai_12              
0000e624  __mspabi_srai_11              
0000e626  __mspabi_srai_10              
0000e628  __mspabi_srai_9               
0000e62a  __mspabi_srai_8               
0000e62c  __mspabi_srai_7               
0000e62e  __mspabi_srai_6               
0000e630  __mspabi_srai_5               
0000e632  __mspabi_srai_4               
0000e634  __mspabi_srai_3               
0000e636  __mspabi_srai_2               
0000e638  __mspabi_srai_1               
0000e63c  __mspabi_slli                 
0000e648  __mspabi_slli_15              
0000e64a  __mspabi_slli_14              
0000e64c  __mspabi_slli_13              
0000e64e  __mspabi_slli_12              
0000e650  __mspabi_slli_11              
0000e652  __mspabi_slli_10              
0000e654  __mspabi_slli_9               
0000e656  __mspabi_slli_8               
0000e658  __mspabi_slli_7               
0000e65a  __mspabi_slli_6               
0000e65c  __mspabi_slli_5               
0000e65e  __mspabi_slli_4               
0000e660  __mspabi_slli_3               
0000e662  __mspabi_slli_2               
0000e664  __mspabi_slli_1               
0000e668  sx1275_reset                  
0000e694  __mspabi_mpyl                 
0000e694  __mspabi_mpyl_sw              
0000e6ba  sx1276_read                   
0000e6e0  sx1276_write                  
0000e704  mcu_delayms                   
0000e726  uart_write                    
0000e746  _c_int00_noargs               
0000e762  sx1276_set_opmode             
0000e77e  __mspabi_divu                 
0000e77e  __mspabi_remu                 
0000e794  __TI_zero_init_nomemset       
0000e7a8  __mspabi_mpyi                 
0000e7a8  __mspabi_mpyi_sw              
0000e7bc  __mspabi_fixdu                
0000e7ce  __TI_decompress_none          
0000e7e0  __mspabi_srll                 
0000e7f2  memcpy                        
0000e804  mcu_memcpy1                   
0000e814  __mspabi_func_epilog_7        
0000e816  __mspabi_func_epilog_6        
0000e818  __mspabi_func_epilog_5        
0000e81a  __mspabi_func_epilog_4        
0000e81c  __mspabi_func_epilog_3        
0000e81e  __mspabi_func_epilog_2        
0000e820  __mspabi_func_epilog_1        
0000e824  spi_recv                      
0000e830  sx1276_read_fifo              
0000e83c  sx1276_write_fifo             
0000e848  uart_writec                   
0000e854  OnRxError                     
0000e85e  OnTxDone                      
0000e868  spi_send                      
0000e872  spi_transfer                  
0000e87c  __TI_ISR_TRAP                 
0000e884  spi_rxready                   
0000e88c  spi_txready                   
0000e894  C$$EXIT                       
0000e894  abort                         
0000e89a  spi_chipDisable               
0000e8a0  spi_chipEnable                
0000e8ac  _system_pre_init              
0000e8b0  _system_post_cinit            
0000e8b2  fsk_bandwidths                
0000e9a0  radio_registers               
0000e9f2  __TI_Handler_Table_Base       
0000e9f8  __TI_Handler_Table_Limit      
0000e9fc  __TI_CINIT_Base               
0000ea04  __TI_CINIT_Limit              
0000ffe0  __TI_int00                    
0000ffe4  __TI_int02                    
0000ffe6  __TI_int03                    
0000ffea  __TI_int05                    
0000ffec  __TI_int06                    
0000ffee  __TI_int07                    
0000fff0  __TI_int08                    
0000fff2  __TI_int09                    
0000fff4  __TI_int10                    
0000fff6  __TI_int11                    
0000fff8  __TI_int12                    
0000fffa  __TI_int13                    
0000fffc  __TI_int14                    
0000fffe  _reset_vector                 
ffffffff  __TI_pprof_out_hndl           
ffffffff  __TI_prof_data_size           
ffffffff  __TI_prof_data_start          
ffffffff  __c_args__                    

[297 symbols]
