<?xml version="1.0" encoding="ISO-8859-1" ?>
<link_info>
   <banner>MSP430 Linker PC v20.2.1.LTS</banner>
   <copyright>Copyright (c) 2003-2018 Texas Instruments Incorporated</copyright>
   <link_time>0x5f2ec46a</link_time>
   <link_errors>0x0</link_errors>
   <output_file>MSP430_SPI_LoRa.out</output_file>
   <entry_point>
      <name>_c_int00_noargs</name>
      <address>0xee74</address>
   </entry_point>
   <input_file_list>
      <input_file id="fl-2">
         <path>.\</path>
         <kind>object</kind>
         <file>base64.obj</file>
         <name>base64.obj</name>
      </input_file>
      <input_file id="fl-3">
         <path>.\</path>
         <kind>object</kind>
         <file>main.obj</file>
         <name>main.obj</name>
      </input_file>
      <input_file id="fl-4">
         <path>.\</path>
         <kind>object</kind>
         <file>mcu.obj</file>
         <name>mcu.obj</name>
      </input_file>
      <input_file id="fl-5">
         <path>.\</path>
         <kind>object</kind>
         <file>spi.obj</file>
         <name>spi.obj</name>
      </input_file>
      <input_file id="fl-6">
         <path>.\</path>
         <kind>object</kind>
         <file>sx1276.obj</file>
         <name>sx1276.obj</name>
      </input_file>
      <input_file id="fl-7">
         <path>.\</path>
         <kind>object</kind>
         <file>uart.obj</file>
         <name>uart.obj</name>
      </input_file>
      <input_file id="fl-c">
         <kind>object</kind>
         <file>&lt;internal&gt;</file>
         <name>&lt;internal&gt;</name>
      </input_file>
      <input_file id="fl-22">
         <path>D:\TI\ccs1000\ccs\tools\compiler\ti-cgt-msp430_20.2.1.LTS\lib\</path>
         <kind>archive</kind>
         <file>rts430_eabi.lib</file>
         <name>s_ceil.c.obj</name>
      </input_file>
      <input_file id="fl-23">
         <path>D:\TI\ccs1000\ccs\tools\compiler\ti-cgt-msp430_20.2.1.LTS\lib\</path>
         <kind>archive</kind>
         <file>rts430_eabi.lib</file>
         <name>s_floor.c.obj</name>
      </input_file>
      <input_file id="fl-24">
         <path>D:\TI\ccs1000\ccs\tools\compiler\ti-cgt-msp430_20.2.1.LTS\lib\</path>
         <kind>archive</kind>
         <file>rts430_eabi.lib</file>
         <name>s_round.c.obj</name>
      </input_file>
      <input_file id="fl-25">
         <path>D:\TI\ccs1000\ccs\tools\compiler\ti-cgt-msp430_20.2.1.LTS\lib\</path>
         <kind>archive</kind>
         <file>rts430_eabi.lib</file>
         <name>asr16.asm.obj</name>
      </input_file>
      <input_file id="fl-26">
         <path>D:\TI\ccs1000\ccs\tools\compiler\ti-cgt-msp430_20.2.1.LTS\lib\</path>
         <kind>archive</kind>
         <file>rts430_eabi.lib</file>
         <name>asr32.asm.obj</name>
      </input_file>
      <input_file id="fl-27">
         <path>D:\TI\ccs1000\ccs\tools\compiler\ti-cgt-msp430_20.2.1.LTS\lib\</path>
         <kind>archive</kind>
         <file>rts430_eabi.lib</file>
         <name>div16u.asm.obj</name>
      </input_file>
      <input_file id="fl-28">
         <path>D:\TI\ccs1000\ccs\tools\compiler\ti-cgt-msp430_20.2.1.LTS\lib\</path>
         <kind>archive</kind>
         <file>rts430_eabi.lib</file>
         <name>div32u.asm.obj</name>
      </input_file>
      <input_file id="fl-29">
         <path>D:\TI\ccs1000\ccs\tools\compiler\ti-cgt-msp430_20.2.1.LTS\lib\</path>
         <kind>archive</kind>
         <file>rts430_eabi.lib</file>
         <name>epilog.asm.obj</name>
      </input_file>
      <input_file id="fl-2a">
         <path>D:\TI\ccs1000\ccs\tools\compiler\ti-cgt-msp430_20.2.1.LTS\lib\</path>
         <kind>archive</kind>
         <file>rts430_eabi.lib</file>
         <name>int00.asm.obj</name>
      </input_file>
      <input_file id="fl-2b">
         <path>D:\TI\ccs1000\ccs\tools\compiler\ti-cgt-msp430_20.2.1.LTS\lib\</path>
         <kind>archive</kind>
         <file>rts430_eabi.lib</file>
         <name>int02.asm.obj</name>
      </input_file>
      <input_file id="fl-2c">
         <path>D:\TI\ccs1000\ccs\tools\compiler\ti-cgt-msp430_20.2.1.LTS\lib\</path>
         <kind>archive</kind>
         <file>rts430_eabi.lib</file>
         <name>int05.asm.obj</name>
      </input_file>
      <input_file id="fl-2d">
         <path>D:\TI\ccs1000\ccs\tools\compiler\ti-cgt-msp430_20.2.1.LTS\lib\</path>
         <kind>archive</kind>
         <file>rts430_eabi.lib</file>
         <name>int06.asm.obj</name>
      </input_file>
      <input_file id="fl-2e">
         <path>D:\TI\ccs1000\ccs\tools\compiler\ti-cgt-msp430_20.2.1.LTS\lib\</path>
         <kind>archive</kind>
         <file>rts430_eabi.lib</file>
         <name>int07.asm.obj</name>
      </input_file>
      <input_file id="fl-2f">
         <path>D:\TI\ccs1000\ccs\tools\compiler\ti-cgt-msp430_20.2.1.LTS\lib\</path>
         <kind>archive</kind>
         <file>rts430_eabi.lib</file>
         <name>int08.asm.obj</name>
      </input_file>
      <input_file id="fl-30">
         <path>D:\TI\ccs1000\ccs\tools\compiler\ti-cgt-msp430_20.2.1.LTS\lib\</path>
         <kind>archive</kind>
         <file>rts430_eabi.lib</file>
         <name>int09.asm.obj</name>
      </input_file>
      <input_file id="fl-31">
         <path>D:\TI\ccs1000\ccs\tools\compiler\ti-cgt-msp430_20.2.1.LTS\lib\</path>
         <kind>archive</kind>
         <file>rts430_eabi.lib</file>
         <name>int10.asm.obj</name>
      </input_file>
      <input_file id="fl-32">
         <path>D:\TI\ccs1000\ccs\tools\compiler\ti-cgt-msp430_20.2.1.LTS\lib\</path>
         <kind>archive</kind>
         <file>rts430_eabi.lib</file>
         <name>int11.asm.obj</name>
      </input_file>
      <input_file id="fl-33">
         <path>D:\TI\ccs1000\ccs\tools\compiler\ti-cgt-msp430_20.2.1.LTS\lib\</path>
         <kind>archive</kind>
         <file>rts430_eabi.lib</file>
         <name>int12.asm.obj</name>
      </input_file>
      <input_file id="fl-34">
         <path>D:\TI\ccs1000\ccs\tools\compiler\ti-cgt-msp430_20.2.1.LTS\lib\</path>
         <kind>archive</kind>
         <file>rts430_eabi.lib</file>
         <name>int13.asm.obj</name>
      </input_file>
      <input_file id="fl-35">
         <path>D:\TI\ccs1000\ccs\tools\compiler\ti-cgt-msp430_20.2.1.LTS\lib\</path>
         <kind>archive</kind>
         <file>rts430_eabi.lib</file>
         <name>int14.asm.obj</name>
      </input_file>
      <input_file id="fl-36">
         <path>D:\TI\ccs1000\ccs\tools\compiler\ti-cgt-msp430_20.2.1.LTS\lib\</path>
         <kind>archive</kind>
         <file>rts430_eabi.lib</file>
         <name>isr_trap.asm.obj</name>
      </input_file>
      <input_file id="fl-37">
         <path>D:\TI\ccs1000\ccs\tools\compiler\ti-cgt-msp430_20.2.1.LTS\lib\</path>
         <kind>archive</kind>
         <file>rts430_eabi.lib</file>
         <name>lsl16.asm.obj</name>
      </input_file>
      <input_file id="fl-38">
         <path>D:\TI\ccs1000\ccs\tools\compiler\ti-cgt-msp430_20.2.1.LTS\lib\</path>
         <kind>archive</kind>
         <file>rts430_eabi.lib</file>
         <name>lsl32.asm.obj</name>
      </input_file>
      <input_file id="fl-39">
         <path>D:\TI\ccs1000\ccs\tools\compiler\ti-cgt-msp430_20.2.1.LTS\lib\</path>
         <kind>archive</kind>
         <file>rts430_eabi.lib</file>
         <name>lsr16.asm.obj</name>
      </input_file>
      <input_file id="fl-3a">
         <path>D:\TI\ccs1000\ccs\tools\compiler\ti-cgt-msp430_20.2.1.LTS\lib\</path>
         <kind>archive</kind>
         <file>rts430_eabi.lib</file>
         <name>lsr32.asm.obj</name>
      </input_file>
      <input_file id="fl-3b">
         <path>D:\TI\ccs1000\ccs\tools\compiler\ti-cgt-msp430_20.2.1.LTS\lib\</path>
         <kind>archive</kind>
         <file>rts430_eabi.lib</file>
         <name>mult16.asm.obj</name>
      </input_file>
      <input_file id="fl-3c">
         <path>D:\TI\ccs1000\ccs\tools\compiler\ti-cgt-msp430_20.2.1.LTS\lib\</path>
         <kind>archive</kind>
         <file>rts430_eabi.lib</file>
         <name>boot.c.obj</name>
      </input_file>
      <input_file id="fl-3d">
         <path>D:\TI\ccs1000\ccs\tools\compiler\ti-cgt-msp430_20.2.1.LTS\lib\</path>
         <kind>archive</kind>
         <file>rts430_eabi.lib</file>
         <name>autoinit.c.obj</name>
      </input_file>
      <input_file id="fl-3e">
         <path>D:\TI\ccs1000\ccs\tools\compiler\ti-cgt-msp430_20.2.1.LTS\lib\</path>
         <kind>archive</kind>
         <file>rts430_eabi.lib</file>
         <name>copy_zero_init.c.obj</name>
      </input_file>
      <input_file id="fl-3f">
         <path>D:\TI\ccs1000\ccs\tools\compiler\ti-cgt-msp430_20.2.1.LTS\lib\</path>
         <kind>archive</kind>
         <file>rts430_eabi.lib</file>
         <name>cpy_tbl.c.obj</name>
      </input_file>
      <input_file id="fl-40">
         <path>D:\TI\ccs1000\ccs\tools\compiler\ti-cgt-msp430_20.2.1.LTS\lib\</path>
         <kind>archive</kind>
         <file>rts430_eabi.lib</file>
         <name>mpu_init.c.obj</name>
      </input_file>
      <input_file id="fl-41">
         <path>D:\TI\ccs1000\ccs\tools\compiler\ti-cgt-msp430_20.2.1.LTS\lib\</path>
         <kind>archive</kind>
         <file>rts430_eabi.lib</file>
         <name>lsr64.c.obj</name>
      </input_file>
      <input_file id="fl-42">
         <path>D:\TI\ccs1000\ccs\tools\compiler\ti-cgt-msp430_20.2.1.LTS\lib\</path>
         <kind>archive</kind>
         <file>rts430_eabi.lib</file>
         <name>pre_init.c.obj</name>
      </input_file>
      <input_file id="fl-43">
         <path>D:\TI\ccs1000\ccs\tools\compiler\ti-cgt-msp430_20.2.1.LTS\lib\</path>
         <kind>archive</kind>
         <file>rts430_eabi.lib</file>
         <name>startup.c.obj</name>
      </input_file>
      <input_file id="fl-44">
         <path>D:\TI\ccs1000\ccs\tools\compiler\ti-cgt-msp430_20.2.1.LTS\lib\</path>
         <kind>archive</kind>
         <file>rts430_eabi.lib</file>
         <name>copy_decompress_none.c.obj</name>
      </input_file>
      <input_file id="fl-45">
         <path>D:\TI\ccs1000\ccs\tools\compiler\ti-cgt-msp430_20.2.1.LTS\lib\</path>
         <kind>archive</kind>
         <file>rts430_eabi.lib</file>
         <name>copy_decompress_lzss.c.obj</name>
      </input_file>
      <input_file id="fl-46">
         <path>D:\TI\ccs1000\ccs\tools\compiler\ti-cgt-msp430_20.2.1.LTS\lib\</path>
         <kind>archive</kind>
         <file>rts430_eabi.lib</file>
         <name>addd.c.obj</name>
      </input_file>
      <input_file id="fl-47">
         <path>D:\TI\ccs1000\ccs\tools\compiler\ti-cgt-msp430_20.2.1.LTS\lib\</path>
         <kind>archive</kind>
         <file>rts430_eabi.lib</file>
         <name>cmpd.c.obj</name>
      </input_file>
      <input_file id="fl-48">
         <path>D:\TI\ccs1000\ccs\tools\compiler\ti-cgt-msp430_20.2.1.LTS\lib\</path>
         <kind>archive</kind>
         <file>rts430_eabi.lib</file>
         <name>divd.c.obj</name>
      </input_file>
      <input_file id="fl-49">
         <path>D:\TI\ccs1000\ccs\tools\compiler\ti-cgt-msp430_20.2.1.LTS\lib\</path>
         <kind>archive</kind>
         <file>rts430_eabi.lib</file>
         <name>fixdli.c.obj</name>
      </input_file>
      <input_file id="fl-4a">
         <path>D:\TI\ccs1000\ccs\tools\compiler\ti-cgt-msp430_20.2.1.LTS\lib\</path>
         <kind>archive</kind>
         <file>rts430_eabi.lib</file>
         <name>fixdu.c.obj</name>
      </input_file>
      <input_file id="fl-4b">
         <path>D:\TI\ccs1000\ccs\tools\compiler\ti-cgt-msp430_20.2.1.LTS\lib\</path>
         <kind>archive</kind>
         <file>rts430_eabi.lib</file>
         <name>fixdul.c.obj</name>
      </input_file>
      <input_file id="fl-4c">
         <path>D:\TI\ccs1000\ccs\tools\compiler\ti-cgt-msp430_20.2.1.LTS\lib\</path>
         <kind>archive</kind>
         <file>rts430_eabi.lib</file>
         <name>fltid.c.obj</name>
      </input_file>
      <input_file id="fl-4d">
         <path>D:\TI\ccs1000\ccs\tools\compiler\ti-cgt-msp430_20.2.1.LTS\lib\</path>
         <kind>archive</kind>
         <file>rts430_eabi.lib</file>
         <name>fltlid.c.obj</name>
      </input_file>
      <input_file id="fl-4e">
         <path>D:\TI\ccs1000\ccs\tools\compiler\ti-cgt-msp430_20.2.1.LTS\lib\</path>
         <kind>archive</kind>
         <file>rts430_eabi.lib</file>
         <name>fltud.c.obj</name>
      </input_file>
      <input_file id="fl-4f">
         <path>D:\TI\ccs1000\ccs\tools\compiler\ti-cgt-msp430_20.2.1.LTS\lib\</path>
         <kind>archive</kind>
         <file>rts430_eabi.lib</file>
         <name>fltuld.c.obj</name>
      </input_file>
      <input_file id="fl-50">
         <path>D:\TI\ccs1000\ccs\tools\compiler\ti-cgt-msp430_20.2.1.LTS\lib\</path>
         <kind>archive</kind>
         <file>rts430_eabi.lib</file>
         <name>frcaddd.c.obj</name>
      </input_file>
      <input_file id="fl-51">
         <path>D:\TI\ccs1000\ccs\tools\compiler\ti-cgt-msp430_20.2.1.LTS\lib\</path>
         <kind>archive</kind>
         <file>rts430_eabi.lib</file>
         <name>frcdivd.c.obj</name>
      </input_file>
      <input_file id="fl-52">
         <path>D:\TI\ccs1000\ccs\tools\compiler\ti-cgt-msp430_20.2.1.LTS\lib\</path>
         <kind>archive</kind>
         <file>rts430_eabi.lib</file>
         <name>mpyd.c.obj</name>
      </input_file>
      <input_file id="fl-53">
         <path>D:\TI\ccs1000\ccs\tools\compiler\ti-cgt-msp430_20.2.1.LTS\lib\</path>
         <kind>archive</kind>
         <file>rts430_eabi.lib</file>
         <name>negd.c.obj</name>
      </input_file>
      <input_file id="fl-54">
         <path>D:\TI\ccs1000\ccs\tools\compiler\ti-cgt-msp430_20.2.1.LTS\lib\</path>
         <kind>archive</kind>
         <file>rts430_eabi.lib</file>
         <name>renormd.c.obj</name>
      </input_file>
      <input_file id="fl-55">
         <path>D:\TI\ccs1000\ccs\tools\compiler\ti-cgt-msp430_20.2.1.LTS\lib\</path>
         <kind>archive</kind>
         <file>rts430_eabi.lib</file>
         <name>subd.c.obj</name>
      </input_file>
      <input_file id="fl-56">
         <path>D:\TI\ccs1000\ccs\tools\compiler\ti-cgt-msp430_20.2.1.LTS\lib\</path>
         <kind>archive</kind>
         <file>rts430_eabi.lib</file>
         <name>exit.c.obj</name>
      </input_file>
      <input_file id="fl-57">
         <path>D:\TI\ccs1000\ccs\tools\compiler\ti-cgt-msp430_20.2.1.LTS\lib\</path>
         <kind>archive</kind>
         <file>rts430_eabi.lib</file>
         <name>_lock.c.obj</name>
      </input_file>
      <input_file id="fl-58">
         <path>D:\TI\ccs1000\ccs\tools\compiler\ti-cgt-msp430_20.2.1.LTS\lib\</path>
         <kind>archive</kind>
         <file>rts430_eabi.lib</file>
         <name>args_main.c.obj</name>
      </input_file>
      <input_file id="fl-59">
         <path>D:\TI\ccs1000\ccs\tools\compiler\ti-cgt-msp430_20.2.1.LTS\lib\</path>
         <kind>archive</kind>
         <file>rts430_eabi.lib</file>
         <name>memcpy.c.obj</name>
      </input_file>
      <input_file id="fl-5a">
         <path>D:\TI\ccs1000\ccs\tools\compiler\ti-cgt-msp430_20.2.1.LTS\lib\</path>
         <kind>archive</kind>
         <file>rts430_eabi.lib</file>
         <name>memset.c.obj</name>
      </input_file>
      <input_file id="fl-5b">
         <path>D:\TI\ccs1000\ccs\tools\compiler\ti-cgt-msp430_20.2.1.LTS\lib\</path>
         <kind>archive</kind>
         <file>rts430_eabi.lib</file>
         <name>mult32.asm.obj</name>
      </input_file>
      <input_file id="fl-5c">
         <path>D:\TI\ccs1000\ccs\tools\compiler\ti-cgt-msp430_20.2.1.LTS\lib\</path>
         <kind>archive</kind>
         <file>rts430_eabi.lib</file>
         <name>exit_gvars.c.obj</name>
      </input_file>
      <input_file id="fl-5d">
         <path>D:\TI\ccs1000\ccs\tools\compiler\ti-cgt-msp430_20.2.1.LTS\lib\</path>
         <kind>archive</kind>
         <file>rts430_eabi.lib</file>
         <name>frcmpyd.c.obj</name>
      </input_file>
   </input_file_list>
   <object_component_list>
      <object_component id="oc-2e9">
         <name>.bss:radio_events</name>
         <uninitialized>true</uninitialized>
         <run_address>0x356</run_address>
         <size>0xe</size>
         <input_file_ref idref="fl-3"/>
      </object_component>
      <object_component id="oc-1d6">
         <name>.bss:RxTxBuffer</name>
         <uninitialized>true</uninitialized>
         <run_address>0x200</run_address>
         <size>0x100</size>
         <input_file_ref idref="fl-6"/>
      </object_component>
      <object_component id="oc-1b4">
         <name>.bss</name>
         <uninitialized>true</uninitialized>
         <run_address>0x364</run_address>
         <size>0x2</size>
         <input_file_ref idref="fl-6"/>
      </object_component>
      <object_component id="oc-1a4">
         <name>.common:sx1278</name>
         <uninitialized>true</uninitialized>
         <run_address>0x300</run_address>
         <size>0x56</size>
      </object_component>
      <object_component id="oc-285">
         <name>.data</name>
         <load_address>0x366</load_address>
         <run_address>0x366</run_address>
         <size>0x1</size>
         <input_file_ref idref="fl-5"/>
      </object_component>
      <object_component id="oc-b1">
         <name>.stack</name>
         <uninitialized>true</uninitialized>
         <run_address>0x3b0</run_address>
         <size>0x2</size>
         <input_file_ref idref="fl-3c"/>
      </object_component>
      <object_component id="oc-4a2">
         <name>.stack</name>
         <uninitialized>true</uninitialized>
         <run_address>0x3b0</run_address>
         <size>0x0</size>
      </object_component>
      <object_component id="oc-41d">
         <name>.text:__TI_frcdivd</name>
         <load_address>0xc000</load_address>
         <run_address>0xc000</run_address>
         <size>0x478</size>
         <input_file_ref idref="fl-51"/>
      </object_component>
      <object_component id="oc-2fe">
         <name>.text:SX1278_SetTXConfig</name>
         <load_address>0xc478</load_address>
         <run_address>0xc478</run_address>
         <size>0x448</size>
         <input_file_ref idref="fl-6"/>
      </object_component>
      <object_component id="oc-2f8">
         <name>.text:SX1278_SetRXConfig</name>
         <load_address>0xc8c0</load_address>
         <run_address>0xc8c0</run_address>
         <size>0x3d8</size>
         <input_file_ref idref="fl-6"/>
      </object_component>
      <object_component id="oc-220">
         <name>.text:SX1278_SetRX</name>
         <load_address>0xcc98</load_address>
         <run_address>0xcc98</run_address>
         <size>0x34e</size>
         <input_file_ref idref="fl-6"/>
      </object_component>
      <object_component id="oc-305">
         <name>.text:__mspabi_addd</name>
         <load_address>0xcfe6</load_address>
         <run_address>0xcfe6</run_address>
         <size>0x2fa</size>
         <input_file_ref idref="fl-46"/>
      </object_component>
      <object_component id="oc-162">
         <name>.text:SX1278_OnDIO0IRQ</name>
         <load_address>0xd2e0</load_address>
         <run_address>0xd2e0</run_address>
         <size>0x2c4</size>
         <input_file_ref idref="fl-6"/>
      </object_component>
      <object_component id="oc-2b0">
         <name>.text:__TI_frcmpyd</name>
         <load_address>0xd5a4</load_address>
         <run_address>0xd5a4</run_address>
         <size>0x286</size>
         <input_file_ref idref="fl-5d"/>
      </object_component>
      <object_component id="oc-1ca">
         <name>.text:__mspabi_mpyd</name>
         <load_address>0xd82a</load_address>
         <run_address>0xd82a</run_address>
         <size>0x26e</size>
         <input_file_ref idref="fl-52"/>
      </object_component>
      <object_component id="oc-3c8">
         <name>.text:__TI_frcaddd</name>
         <load_address>0xda98</load_address>
         <run_address>0xda98</run_address>
         <size>0x260</size>
         <input_file_ref idref="fl-50"/>
      </object_component>
      <object_component id="oc-3ad">
         <name>.text:__mspabi_divd</name>
         <load_address>0xdcf8</load_address>
         <run_address>0xdcf8</run_address>
         <size>0x238</size>
         <input_file_ref idref="fl-48"/>
      </object_component>
      <object_component id="oc-15c">
         <name>.text:SX1278_OnDIO1IRQ</name>
         <load_address>0xdf30</load_address>
         <run_address>0xdf30</run_address>
         <size>0x102</size>
         <input_file_ref idref="fl-6"/>
      </object_component>
      <object_component id="oc-39d">
         <name>.text:SX1278_RXChainCalib</name>
         <load_address>0xe032</load_address>
         <run_address>0xe032</run_address>
         <size>0xe4</size>
         <input_file_ref idref="fl-6"/>
      </object_component>
      <object_component id="oc-156">
         <name>.text:SX1278_OnDIO2IRQ</name>
         <load_address>0xe116</load_address>
         <run_address>0xe116</run_address>
         <size>0xcc</size>
         <input_file_ref idref="fl-6"/>
      </object_component>
      <object_component id="oc-21a">
         <name>.text:LORA_Init</name>
         <load_address>0xe1e2</load_address>
         <run_address>0xe1e2</run_address>
         <size>0xc0</size>
         <input_file_ref idref="fl-3"/>
      </object_component>
      <object_component id="oc-435">
         <name>.text:__TI_renormd</name>
         <load_address>0xe2a2</load_address>
         <run_address>0xe2a2</run_address>
         <size>0xbe</size>
         <input_file_ref idref="fl-54"/>
      </object_component>
      <object_component id="oc-1c4">
         <name>.text:__mspabi_fltlid</name>
         <load_address>0xe360</load_address>
         <run_address>0xe360</run_address>
         <size>0xac</size>
         <input_file_ref idref="fl-4d"/>
      </object_component>
      <object_component id="oc-e1">
         <name>.text:Port_2_ISR</name>
         <load_address>0xe40c</load_address>
         <run_address>0xe40c</run_address>
         <size>0x98</size>
         <input_file_ref idref="fl-3"/>
      </object_component>
      <object_component id="oc-292">
         <name>.text:__mspabi_fltuld</name>
         <load_address>0xe4a4</load_address>
         <run_address>0xe4a4</run_address>
         <size>0x8a</size>
         <input_file_ref idref="fl-4f"/>
      </object_component>
      <object_component id="oc-34">
         <name>.text:decompress:lzss:__TI_decompress_lzss</name>
         <load_address>0xe52e</load_address>
         <run_address>0xe52e</run_address>
         <size>0x7c</size>
         <input_file_ref idref="fl-45"/>
      </object_component>
      <object_component id="oc-1f3">
         <name>.text:OnRxDone</name>
         <load_address>0xe5aa</load_address>
         <run_address>0xe5aa</run_address>
         <size>0x76</size>
         <input_file_ref idref="fl-3"/>
      </object_component>
      <object_component id="oc-30b">
         <name>.text:__mspabi_fixdul</name>
         <load_address>0xe620</load_address>
         <run_address>0xe620</run_address>
         <size>0x74</size>
         <input_file_ref idref="fl-4b"/>
      </object_component>
      <object_component id="oc-3a6">
         <name>.text:SX1278_SetModem</name>
         <load_address>0xe694</load_address>
         <run_address>0xe694</run_address>
         <size>0x72</size>
         <input_file_ref idref="fl-6"/>
      </object_component>
      <object_component id="oc-1be">
         <name>.text:__mspabi_fixdli</name>
         <load_address>0xe706</load_address>
         <run_address>0xe706</run_address>
         <size>0x72</size>
         <input_file_ref idref="fl-49"/>
      </object_component>
      <object_component id="oc-2cb">
         <name>.text:UART_PrintHex32</name>
         <load_address>0xe778</load_address>
         <run_address>0xe778</run_address>
         <size>0x6c</size>
         <input_file_ref idref="fl-7"/>
      </object_component>
      <object_component id="oc-2ec">
         <name>.text:SX1278_Init</name>
         <load_address>0xe7e4</load_address>
         <run_address>0xe7e4</run_address>
         <size>0x5e</size>
         <input_file_ref idref="fl-6"/>
      </object_component>
      <object_component id="oc-3ba">
         <name>.text:SX1278_GetFSKBandwithVal</name>
         <load_address>0xe842</load_address>
         <run_address>0xe842</run_address>
         <size>0x5c</size>
         <input_file_ref idref="fl-6"/>
      </object_component>
      <object_component id="oc-150">
         <name>.text:SX1278_OnDIO3IRQ</name>
         <load_address>0xe89e</load_address>
         <run_address>0xe89e</run_address>
         <size>0x5c</size>
         <input_file_ref idref="fl-6"/>
      </object_component>
      <object_component id="oc-2a4">
         <name>.text:l_lsr_const</name>
         <load_address>0xe8fa</load_address>
         <run_address>0xe8fa</run_address>
         <size>0x5c</size>
         <input_file_ref idref="fl-3a"/>
      </object_component>
      <object_component id="oc-397">
         <name>.text:SX1278_Reset</name>
         <load_address>0xe956</load_address>
         <run_address>0xe956</run_address>
         <size>0x5a</size>
         <input_file_ref idref="fl-6"/>
      </object_component>
      <object_component id="oc-2f2">
         <name>.text:SX1278_SetChannel</name>
         <load_address>0xe9b0</load_address>
         <run_address>0xe9b0</run_address>
         <size>0x58</size>
         <input_file_ref idref="fl-6"/>
      </object_component>
      <object_component id="oc-381">
         <name>.text</name>
         <load_address>0xea08</load_address>
         <run_address>0xea08</run_address>
         <size>0x58</size>
         <input_file_ref idref="fl-28"/>
      </object_component>
      <object_component id="oc-2d7">
         <name>.text:UART_PrintHex8</name>
         <load_address>0xea60</load_address>
         <run_address>0xea60</run_address>
         <size>0x56</size>
         <input_file_ref idref="fl-7"/>
      </object_component>
      <object_component id="oc-208">
         <name>.text:MCU_Init</name>
         <load_address>0xeab6</load_address>
         <run_address>0xeab6</run_address>
         <size>0x4c</size>
         <input_file_ref idref="fl-4"/>
      </object_component>
      <object_component id="oc-ba">
         <name>.text</name>
         <load_address>0xeb02</load_address>
         <run_address>0xeb02</run_address>
         <size>0x4c</size>
         <input_file_ref idref="fl-39"/>
      </object_component>
      <object_component id="oc-177">
         <name>.text:main</name>
         <load_address>0xeb4e</load_address>
         <run_address>0xeb4e</run_address>
         <size>0x46</size>
         <input_file_ref idref="fl-3"/>
      </object_component>
      <object_component id="oc-2c2">
         <name>.text:SX1278_ReadBuffer</name>
         <load_address>0xeb94</load_address>
         <run_address>0xeb94</run_address>
         <size>0x42</size>
         <input_file_ref idref="fl-6"/>
      </object_component>
      <object_component id="oc-233">
         <name>.text:__TI_auto_init_nobinit_nopinit:__TI_auto_init_nobinit_nopinit</name>
         <load_address>0xebd6</load_address>
         <run_address>0xebd6</run_address>
         <size>0x42</size>
         <input_file_ref idref="fl-3d"/>
      </object_component>
      <object_component id="oc-214">
         <name>.text:SPI_Init</name>
         <load_address>0xec18</load_address>
         <run_address>0xec18</run_address>
         <size>0x3e</size>
         <input_file_ref idref="fl-5"/>
      </object_component>
      <object_component id="oc-2bb">
         <name>.text:SX1278_WriteBuffer</name>
         <load_address>0xec56</load_address>
         <run_address>0xec56</run_address>
         <size>0x3e</size>
         <input_file_ref idref="fl-6"/>
      </object_component>
      <object_component id="oc-36b">
         <name>.text:l_asr_const</name>
         <load_address>0xec94</load_address>
         <run_address>0xec94</run_address>
         <size>0x3e</size>
         <input_file_ref idref="fl-26"/>
      </object_component>
      <object_component id="oc-299">
         <name>.text:l_lsl_const</name>
         <load_address>0xecd2</load_address>
         <run_address>0xecd2</run_address>
         <size>0x3e</size>
         <input_file_ref idref="fl-38"/>
      </object_component>
      <object_component id="oc-1a8">
         <name>.text:SX1278_Read</name>
         <load_address>0xed10</load_address>
         <run_address>0xed10</run_address>
         <size>0x2e</size>
         <input_file_ref idref="fl-6"/>
      </object_component>
      <object_component id="oc-20e">
         <name>.text:UART_Init</name>
         <load_address>0xed3e</load_address>
         <run_address>0xed3e</run_address>
         <size>0x2e</size>
         <input_file_ref idref="fl-7"/>
      </object_component>
      <object_component id="oc-1ae">
         <name>.text:SX1278_Write</name>
         <load_address>0xed6c</load_address>
         <run_address>0xed6c</run_address>
         <size>0x2c</size>
         <input_file_ref idref="fl-6"/>
      </object_component>
      <object_component id="oc-1d0">
         <name>.text</name>
         <load_address>0xed98</load_address>
         <run_address>0xed98</run_address>
         <size>0x2c</size>
         <input_file_ref idref="fl-25"/>
      </object_component>
      <object_component id="oc-b5">
         <name>.text</name>
         <load_address>0xedc4</load_address>
         <run_address>0xedc4</run_address>
         <size>0x2c</size>
         <input_file_ref idref="fl-37"/>
      </object_component>
      <object_component id="oc-370">
         <name>.text</name>
         <load_address>0xedf0</load_address>
         <run_address>0xedf0</run_address>
         <size>0x26</size>
         <input_file_ref idref="fl-5b"/>
      </object_component>
      <object_component id="oc-412">
         <name>.text:Delay_ms</name>
         <load_address>0xee16</load_address>
         <run_address>0xee16</run_address>
         <size>0x22</size>
         <input_file_ref idref="fl-4"/>
      </object_component>
      <object_component id="oc-13e">
         <name>.text:UART_WriteStr</name>
         <load_address>0xee38</load_address>
         <run_address>0xee38</run_address>
         <size>0x20</size>
         <input_file_ref idref="fl-7"/>
      </object_component>
      <object_component id="oc-317">
         <name>.text:SX1278_SetOpmode</name>
         <load_address>0xee58</load_address>
         <run_address>0xee58</run_address>
         <size>0x1c</size>
         <input_file_ref idref="fl-6"/>
      </object_component>
      <object_component id="oc-f9">
         <name>.text:_c_int00_noargs</name>
         <load_address>0xee74</load_address>
         <run_address>0xee74</run_address>
         <size>0x1c</size>
         <input_file_ref idref="fl-3c"/>
      </object_component>
      <object_component id="oc-38d">
         <name>.text</name>
         <load_address>0xee90</load_address>
         <run_address>0xee90</run_address>
         <size>0x16</size>
         <input_file_ref idref="fl-27"/>
      </object_component>
      <object_component id="oc-288">
         <name>.text:SPI_ChipDisable</name>
         <load_address>0xeea6</load_address>
         <run_address>0xeea6</run_address>
         <size>0x14</size>
         <input_file_ref idref="fl-5"/>
      </object_component>
      <object_component id="oc-279">
         <name>.text:SPI_ChipEnable</name>
         <load_address>0xeeba</load_address>
         <run_address>0xeeba</run_address>
         <size>0x14</size>
         <input_file_ref idref="fl-5"/>
      </object_component>
      <object_component id="oc-e7">
         <name>.text:decompress:ZI:__TI_zero_init_nomemset:__TI_zero_init_nomemset</name>
         <load_address>0xeece</load_address>
         <run_address>0xeece</run_address>
         <size>0x14</size>
         <input_file_ref idref="fl-3e"/>
      </object_component>
      <object_component id="oc-311">
         <name>.text:memset</name>
         <load_address>0xeee2</load_address>
         <run_address>0xeee2</run_address>
         <size>0x14</size>
         <input_file_ref idref="fl-5a"/>
      </object_component>
      <object_component id="oc-386">
         <name>.text</name>
         <load_address>0xeef6</load_address>
         <run_address>0xeef6</run_address>
         <size>0x14</size>
         <input_file_ref idref="fl-3b"/>
      </object_component>
      <object_component id="oc-14a">
         <name>.text:SX1278_OnDIO4IRQ</name>
         <load_address>0xef0a</load_address>
         <run_address>0xef0a</run_address>
         <size>0x12</size>
         <input_file_ref idref="fl-6"/>
      </object_component>
      <object_component id="oc-3b4">
         <name>.text:__mspabi_fixdu</name>
         <load_address>0xef1c</load_address>
         <run_address>0xef1c</run_address>
         <size>0x12</size>
         <input_file_ref idref="fl-4a"/>
      </object_component>
      <object_component id="oc-3a">
         <name>.text:decompress:none:__TI_decompress_none</name>
         <load_address>0xef2e</load_address>
         <run_address>0xef2e</run_address>
         <size>0x12</size>
         <input_file_ref idref="fl-44"/>
      </object_component>
      <object_component id="oc-29e">
         <name>.text:l_lsr</name>
         <load_address>0xef40</load_address>
         <run_address>0xef40</run_address>
         <size>0x12</size>
         <input_file_ref idref="fl-3a"/>
      </object_component>
      <object_component id="oc-cf">
         <name>.text:memcpy</name>
         <load_address>0xef52</load_address>
         <run_address>0xef52</run_address>
         <size>0x12</size>
         <input_file_ref idref="fl-59"/>
      </object_component>
      <object_component id="oc-430">
         <name>.text:l_asr</name>
         <load_address>0xef64</load_address>
         <run_address>0xef64</run_address>
         <size>0x10</size>
         <input_file_ref idref="fl-26"/>
      </object_component>
      <object_component id="oc-42b">
         <name>.text:l_lsl</name>
         <load_address>0xef74</load_address>
         <run_address>0xef74</run_address>
         <size>0x10</size>
         <input_file_ref idref="fl-38"/>
      </object_component>
      <object_component id="oc-bf">
         <name>.text</name>
         <load_address>0xef84</load_address>
         <run_address>0xef84</run_address>
         <size>0x10</size>
         <input_file_ref idref="fl-29"/>
      </object_component>
      <object_component id="oc-359">
         <name>.text:SPI_Receive</name>
         <load_address>0xef94</load_address>
         <run_address>0xef94</run_address>
         <size>0xc</size>
         <input_file_ref idref="fl-5"/>
      </object_component>
      <object_component id="oc-1df">
         <name>.text:SX1278_ReadFIFO</name>
         <load_address>0xefa0</load_address>
         <run_address>0xefa0</run_address>
         <size>0xc</size>
         <input_file_ref idref="fl-6"/>
      </object_component>
      <object_component id="oc-1d9">
         <name>.text:SX1278_WriteFIFO</name>
         <load_address>0xefac</load_address>
         <run_address>0xefac</run_address>
         <size>0xc</size>
         <input_file_ref idref="fl-6"/>
      </object_component>
      <object_component id="oc-2d1">
         <name>.text:UART_WriteChar</name>
         <load_address>0xefb8</load_address>
         <run_address>0xefb8</run_address>
         <size>0xc</size>
         <input_file_ref idref="fl-7"/>
      </object_component>
      <object_component id="oc-1f9">
         <name>.text:OnRxError</name>
         <load_address>0xefc4</load_address>
         <run_address>0xefc4</run_address>
         <size>0xa</size>
         <input_file_ref idref="fl-3"/>
      </object_component>
      <object_component id="oc-1e5">
         <name>.text:OnRxTimeout</name>
         <load_address>0xefce</load_address>
         <run_address>0xefce</run_address>
         <size>0xa</size>
         <input_file_ref idref="fl-3"/>
      </object_component>
      <object_component id="oc-1ec">
         <name>.text:OnTxDone</name>
         <load_address>0xefd8</load_address>
         <run_address>0xefd8</run_address>
         <size>0xa</size>
         <input_file_ref idref="fl-3"/>
      </object_component>
      <object_component id="oc-353">
         <name>.text:SPI_SendByte</name>
         <load_address>0xefe2</load_address>
         <run_address>0xefe2</run_address>
         <size>0xa</size>
         <input_file_ref idref="fl-5"/>
      </object_component>
      <object_component id="oc-27f">
         <name>.text:SPI_TransferByte</name>
         <load_address>0xefec</load_address>
         <run_address>0xefec</run_address>
         <size>0xa</size>
         <input_file_ref idref="fl-5"/>
      </object_component>
      <object_component id="oc-3ff">
         <name>.text:SPI_RXReady</name>
         <load_address>0xeff6</load_address>
         <run_address>0xeff6</run_address>
         <size>0x8</size>
         <input_file_ref idref="fl-5"/>
      </object_component>
      <object_component id="oc-379">
         <name>.text:SPI_TXReady</name>
         <load_address>0xeffe</load_address>
         <run_address>0xeffe</run_address>
         <size>0x8</size>
         <input_file_ref idref="fl-5"/>
      </object_component>
      <object_component id="oc-dc">
         <name>.text:_isr:__TI_ISR_TRAP</name>
         <load_address>0xf006</load_address>
         <run_address>0xf006</run_address>
         <size>0x8</size>
         <input_file_ref idref="fl-36"/>
      </object_component>
      <object_component id="oc-3c1">
         <name>.text:SX1278_GetPASelect</name>
         <load_address>0xf00e</load_address>
         <run_address>0xf00e</run_address>
         <size>0x6</size>
         <input_file_ref idref="fl-6"/>
      </object_component>
      <object_component id="oc-1b8">
         <name>.text:__mspabi_fltud</name>
         <load_address>0xf014</load_address>
         <run_address>0xf014</run_address>
         <size>0x6</size>
         <input_file_ref idref="fl-4e"/>
      </object_component>
      <object_component id="oc-227">
         <name>.text:abort</name>
         <load_address>0xf01a</load_address>
         <run_address>0xf01a</run_address>
         <size>0x6</size>
         <input_file_ref idref="fl-56"/>
      </object_component>
      <object_component id="oc-171">
         <name>.text:_system_pre_init</name>
         <load_address>0xf020</load_address>
         <run_address>0xf020</run_address>
         <size>0x4</size>
         <input_file_ref idref="fl-42"/>
      </object_component>
      <object_component id="oc-144">
         <name>.text:SX1278_OnDIO5IRQ</name>
         <load_address>0xf024</load_address>
         <run_address>0xf024</run_address>
         <size>0x2</size>
         <input_file_ref idref="fl-6"/>
      </object_component>
      <object_component id="oc-330">
         <name>.text:_system_post_cinit</name>
         <load_address>0xf026</load_address>
         <run_address>0xf026</run_address>
         <size>0x2</size>
         <input_file_ref idref="fl-43"/>
      </object_component>
      <object_component id="oc-49e">
         <name>__TI_handler_table</name>
         <load_address>0xf1e8</load_address>
         <run_address>0xf1e8</run_address>
         <size>0x6</size>
      </object_component>
      <object_component id="oc-4a1">
         <name>.cinit..data.load</name>
         <load_address>0xf1ee</load_address>
         <run_address>0xf1ee</run_address>
         <size>0x5</size>
      </object_component>
      <object_component id="oc-4a0">
         <name>.cinit..bss.load</name>
         <load_address>0xf1f4</load_address>
         <run_address>0xf1f4</run_address>
         <size>0x4</size>
      </object_component>
      <object_component id="oc-49f">
         <name>__TI_cinit_table</name>
         <load_address>0xf1f8</load_address>
         <run_address>0xf1f8</run_address>
         <size>0x8</size>
      </object_component>
      <object_component id="oc-13d">
         <name>.const:.string</name>
         <load_address>0xf028</load_address>
         <run_address>0xf028</run_address>
         <size>0xea</size>
         <input_file_ref idref="fl-3"/>
      </object_component>
      <object_component id="oc-426">
         <name>.const:fsk_bandwidths</name>
         <load_address>0xf112</load_address>
         <run_address>0xf112</run_address>
         <size>0x84</size>
         <input_file_ref idref="fl-6"/>
      </object_component>
      <object_component id="oc-3a3">
         <name>.const:radio_registers</name>
         <load_address>0xf196</load_address>
         <run_address>0xf196</run_address>
         <size>0x40</size>
         <input_file_ref idref="fl-6"/>
      </object_component>
      <object_component id="oc-1f2">
         <name>.const:.string</name>
         <load_address>0xf1d6</load_address>
         <run_address>0xf1d6</run_address>
         <size>0x12</size>
         <input_file_ref idref="fl-6"/>
      </object_component>
      <object_component id="oc-460">
         <name>.binit</name>
         <load_address>0xc000</load_address>
         <run_address>0xc000</run_address>
         <size>0x0</size>
      </object_component>
      <object_component id="oc-40">
         <name>.int00</name>
         <load_address>0xffe0</load_address>
         <run_address>0xffe0</run_address>
         <size>0x2</size>
         <input_file_ref idref="fl-2a"/>
      </object_component>
      <object_component id="oc-41">
         <name>.int02</name>
         <load_address>0xffe4</load_address>
         <run_address>0xffe4</run_address>
         <size>0x2</size>
         <input_file_ref idref="fl-2b"/>
      </object_component>
      <object_component id="oc-42">
         <name>.int03</name>
         <load_address>0xffe6</load_address>
         <run_address>0xffe6</run_address>
         <size>0x2</size>
         <input_file_ref idref="fl-3"/>
      </object_component>
      <object_component id="oc-43">
         <name>.int05</name>
         <load_address>0xffea</load_address>
         <run_address>0xffea</run_address>
         <size>0x2</size>
         <input_file_ref idref="fl-2c"/>
      </object_component>
      <object_component id="oc-44">
         <name>.int06</name>
         <load_address>0xffec</load_address>
         <run_address>0xffec</run_address>
         <size>0x2</size>
         <input_file_ref idref="fl-2d"/>
      </object_component>
      <object_component id="oc-45">
         <name>.int07</name>
         <load_address>0xffee</load_address>
         <run_address>0xffee</run_address>
         <size>0x2</size>
         <input_file_ref idref="fl-2e"/>
      </object_component>
      <object_component id="oc-46">
         <name>.int08</name>
         <load_address>0xfff0</load_address>
         <run_address>0xfff0</run_address>
         <size>0x2</size>
         <input_file_ref idref="fl-2f"/>
      </object_component>
      <object_component id="oc-47">
         <name>.int09</name>
         <load_address>0xfff2</load_address>
         <run_address>0xfff2</run_address>
         <size>0x2</size>
         <input_file_ref idref="fl-30"/>
      </object_component>
      <object_component id="oc-48">
         <name>.int10</name>
         <load_address>0xfff4</load_address>
         <run_address>0xfff4</run_address>
         <size>0x2</size>
         <input_file_ref idref="fl-31"/>
      </object_component>
      <object_component id="oc-49">
         <name>.int11</name>
         <load_address>0xfff6</load_address>
         <run_address>0xfff6</run_address>
         <size>0x2</size>
         <input_file_ref idref="fl-32"/>
      </object_component>
      <object_component id="oc-4a">
         <name>.int12</name>
         <load_address>0xfff8</load_address>
         <run_address>0xfff8</run_address>
         <size>0x2</size>
         <input_file_ref idref="fl-33"/>
      </object_component>
      <object_component id="oc-4b">
         <name>.int13</name>
         <load_address>0xfffa</load_address>
         <run_address>0xfffa</run_address>
         <size>0x2</size>
         <input_file_ref idref="fl-34"/>
      </object_component>
      <object_component id="oc-4c">
         <name>.int14</name>
         <load_address>0xfffc</load_address>
         <run_address>0xfffc</run_address>
         <size>0x2</size>
         <input_file_ref idref="fl-35"/>
      </object_component>
      <object_component id="oc-b4">
         <name>.reset</name>
         <load_address>0xfffe</load_address>
         <run_address>0xfffe</run_address>
         <size>0x2</size>
         <input_file_ref idref="fl-3c"/>
      </object_component>
      <object_component id="oc-351">
         <name>.debug_info</name>
         <load_address>0x0</load_address>
         <run_address>0x0</run_address>
         <size>0x16c</size>
         <input_file_ref idref="fl-2"/>
      </object_component>
      <object_component id="oc-268">
         <name>.debug_info</name>
         <load_address>0x16c</load_address>
         <run_address>0x16c</run_address>
         <size>0x26b</size>
         <input_file_ref idref="fl-2"/>
      </object_component>
      <object_component id="oc-ca">
         <name>.debug_info</name>
         <load_address>0x3d7</load_address>
         <run_address>0x3d7</run_address>
         <size>0x84</size>
         <input_file_ref idref="fl-2"/>
      </object_component>
      <object_component id="oc-2e1">
         <name>.debug_info</name>
         <load_address>0x45b</load_address>
         <run_address>0x45b</run_address>
         <size>0x282</size>
         <input_file_ref idref="fl-2"/>
      </object_component>
      <object_component id="oc-200">
         <name>.debug_info</name>
         <load_address>0x6dd</load_address>
         <run_address>0x6dd</run_address>
         <size>0xbb</size>
         <input_file_ref idref="fl-2"/>
      </object_component>
      <object_component id="oc-2de">
         <name>.debug_info</name>
         <load_address>0x798</load_address>
         <run_address>0x798</run_address>
         <size>0x5e6</size>
         <input_file_ref idref="fl-3"/>
      </object_component>
      <object_component id="oc-2ea">
         <name>.debug_info</name>
         <load_address>0xd7e</load_address>
         <run_address>0xd7e</run_address>
         <size>0xda</size>
         <input_file_ref idref="fl-3"/>
      </object_component>
      <object_component id="oc-21b">
         <name>.debug_info</name>
         <load_address>0xe58</load_address>
         <run_address>0xe58</run_address>
         <size>0x15b</size>
         <input_file_ref idref="fl-3"/>
      </object_component>
      <object_component id="oc-178">
         <name>.debug_info</name>
         <load_address>0xfb3</load_address>
         <run_address>0xfb3</run_address>
         <size>0x154</size>
         <input_file_ref idref="fl-3"/>
      </object_component>
      <object_component id="oc-e2">
         <name>.debug_info</name>
         <load_address>0x1107</load_address>
         <run_address>0x1107</run_address>
         <size>0x204</size>
         <input_file_ref idref="fl-3"/>
      </object_component>
      <object_component id="oc-1ed">
         <name>.debug_info</name>
         <load_address>0x130b</load_address>
         <run_address>0x130b</run_address>
         <size>0x111</size>
         <input_file_ref idref="fl-3"/>
      </object_component>
      <object_component id="oc-1e6">
         <name>.debug_info</name>
         <load_address>0x141c</load_address>
         <run_address>0x141c</run_address>
         <size>0x117</size>
         <input_file_ref idref="fl-3"/>
      </object_component>
      <object_component id="oc-1fa">
         <name>.debug_info</name>
         <load_address>0x1533</load_address>
         <run_address>0x1533</run_address>
         <size>0x113</size>
         <input_file_ref idref="fl-3"/>
      </object_component>
      <object_component id="oc-1f4">
         <name>.debug_info</name>
         <load_address>0x1646</load_address>
         <run_address>0x1646</run_address>
         <size>0x272</size>
         <input_file_ref idref="fl-3"/>
      </object_component>
      <object_component id="oc-26f">
         <name>.debug_info</name>
         <load_address>0x18b8</load_address>
         <run_address>0x18b8</run_address>
         <size>0x54c</size>
         <input_file_ref idref="fl-3"/>
      </object_component>
      <object_component id="oc-19c">
         <name>.debug_info</name>
         <load_address>0x1e04</load_address>
         <run_address>0x1e04</run_address>
         <size>0x8b</size>
         <input_file_ref idref="fl-3"/>
      </object_component>
      <object_component id="oc-130">
         <name>.debug_info</name>
         <load_address>0x1e8f</load_address>
         <run_address>0x1e8f</run_address>
         <size>0x2c</size>
         <input_file_ref idref="fl-3"/>
      </object_component>
      <object_component id="oc-20b">
         <name>.debug_info</name>
         <load_address>0x1ebb</load_address>
         <run_address>0x1ebb</run_address>
         <size>0xfa</size>
         <input_file_ref idref="fl-4"/>
      </object_component>
      <object_component id="oc-415">
         <name>.debug_info</name>
         <load_address>0x1fb5</load_address>
         <run_address>0x1fb5</run_address>
         <size>0x114</size>
         <input_file_ref idref="fl-4"/>
      </object_component>
      <object_component id="oc-362">
         <name>.debug_info</name>
         <load_address>0x20c9</load_address>
         <run_address>0x20c9</run_address>
         <size>0x276</size>
         <input_file_ref idref="fl-5"/>
      </object_component>
      <object_component id="oc-286">
         <name>.debug_info</name>
         <load_address>0x233f</load_address>
         <run_address>0x233f</run_address>
         <size>0xd6</size>
         <input_file_ref idref="fl-5"/>
      </object_component>
      <object_component id="oc-37a">
         <name>.debug_info</name>
         <load_address>0x2415</load_address>
         <run_address>0x2415</run_address>
         <size>0x100</size>
         <input_file_ref idref="fl-5"/>
      </object_component>
      <object_component id="oc-356">
         <name>.debug_info</name>
         <load_address>0x2515</load_address>
         <run_address>0x2515</run_address>
         <size>0x136</size>
         <input_file_ref idref="fl-5"/>
      </object_component>
      <object_component id="oc-400">
         <name>.debug_info</name>
         <load_address>0x264b</load_address>
         <run_address>0x264b</run_address>
         <size>0x100</size>
         <input_file_ref idref="fl-5"/>
      </object_component>
      <object_component id="oc-35b">
         <name>.debug_info</name>
         <load_address>0x274b</load_address>
         <run_address>0x274b</run_address>
         <size>0x112</size>
         <input_file_ref idref="fl-5"/>
      </object_component>
      <object_component id="oc-282">
         <name>.debug_info</name>
         <load_address>0x285d</load_address>
         <run_address>0x285d</run_address>
         <size>0x140</size>
         <input_file_ref idref="fl-5"/>
      </object_component>
      <object_component id="oc-215">
         <name>.debug_info</name>
         <load_address>0x299d</load_address>
         <run_address>0x299d</run_address>
         <size>0xfa</size>
         <input_file_ref idref="fl-5"/>
      </object_component>
      <object_component id="oc-27b">
         <name>.debug_info</name>
         <load_address>0x2a97</load_address>
         <run_address>0x2a97</run_address>
         <size>0x166</size>
         <input_file_ref idref="fl-5"/>
      </object_component>
      <object_component id="oc-28b">
         <name>.debug_info</name>
         <load_address>0x2bfd</load_address>
         <run_address>0x2bfd</run_address>
         <size>0x168</size>
         <input_file_ref idref="fl-5"/>
      </object_component>
      <object_component id="oc-1a5">
         <name>.debug_info</name>
         <load_address>0x2d65</load_address>
         <run_address>0x2d65</run_address>
         <size>0x529</size>
         <input_file_ref idref="fl-6"/>
      </object_component>
      <object_component id="oc-1d7">
         <name>.debug_info</name>
         <load_address>0x328e</load_address>
         <run_address>0x328e</run_address>
         <size>0xd8</size>
         <input_file_ref idref="fl-6"/>
      </object_component>
      <object_component id="oc-1b5">
         <name>.debug_info</name>
         <load_address>0x3366</load_address>
         <run_address>0x3366</run_address>
         <size>0xdc</size>
         <input_file_ref idref="fl-6"/>
      </object_component>
      <object_component id="oc-3a4">
         <name>.debug_info</name>
         <load_address>0x3442</load_address>
         <run_address>0x3442</run_address>
         <size>0xe3</size>
         <input_file_ref idref="fl-6"/>
      </object_component>
      <object_component id="oc-427">
         <name>.debug_info</name>
         <load_address>0x3525</load_address>
         <run_address>0x3525</run_address>
         <size>0xe1</size>
         <input_file_ref idref="fl-6"/>
      </object_component>
      <object_component id="oc-2bc">
         <name>.debug_info</name>
         <load_address>0x3606</load_address>
         <run_address>0x3606</run_address>
         <size>0x1df</size>
         <input_file_ref idref="fl-6"/>
      </object_component>
      <object_component id="oc-1db">
         <name>.debug_info</name>
         <load_address>0x37e5</load_address>
         <run_address>0x37e5</run_address>
         <size>0x16f</size>
         <input_file_ref idref="fl-6"/>
      </object_component>
      <object_component id="oc-1b0">
         <name>.debug_info</name>
         <load_address>0x3954</load_address>
         <run_address>0x3954</run_address>
         <size>0x1ab</size>
         <input_file_ref idref="fl-6"/>
      </object_component>
      <object_component id="oc-1a9">
         <name>.debug_info</name>
         <load_address>0x3aff</load_address>
         <run_address>0x3aff</run_address>
         <size>0x1a0</size>
         <input_file_ref idref="fl-6"/>
      </object_component>
      <object_component id="oc-318">
         <name>.debug_info</name>
         <load_address>0x3c9f</load_address>
         <run_address>0x3c9f</run_address>
         <size>0x165</size>
         <input_file_ref idref="fl-6"/>
      </object_component>
      <object_component id="oc-3a7">
         <name>.debug_info</name>
         <load_address>0x3e04</load_address>
         <run_address>0x3e04</run_address>
         <size>0x1fe</size>
         <input_file_ref idref="fl-6"/>
      </object_component>
      <object_component id="oc-3c2">
         <name>.debug_info</name>
         <load_address>0x4002</load_address>
         <run_address>0x4002</run_address>
         <size>0x131</size>
         <input_file_ref idref="fl-6"/>
      </object_component>
      <object_component id="oc-2ff">
         <name>.debug_info</name>
         <load_address>0x4133</load_address>
         <run_address>0x4133</run_address>
         <size>0x6d6</size>
         <input_file_ref idref="fl-6"/>
      </object_component>
      <object_component id="oc-3bb">
         <name>.debug_info</name>
         <load_address>0x4809</load_address>
         <run_address>0x4809</run_address>
         <size>0x1a3</size>
         <input_file_ref idref="fl-6"/>
      </object_component>
      <object_component id="oc-2f9">
         <name>.debug_info</name>
         <load_address>0x49ac</load_address>
         <run_address>0x49ac</run_address>
         <size>0x779</size>
         <input_file_ref idref="fl-6"/>
      </object_component>
      <object_component id="oc-2f3">
         <name>.debug_info</name>
         <load_address>0x5125</load_address>
         <run_address>0x5125</run_address>
         <size>0x1b8</size>
         <input_file_ref idref="fl-6"/>
      </object_component>
      <object_component id="oc-221">
         <name>.debug_info</name>
         <load_address>0x52dd</load_address>
         <run_address>0x52dd</run_address>
         <size>0x5ec</size>
         <input_file_ref idref="fl-6"/>
      </object_component>
      <object_component id="oc-398">
         <name>.debug_info</name>
         <load_address>0x58c9</load_address>
         <run_address>0x58c9</run_address>
         <size>0x1a0</size>
         <input_file_ref idref="fl-6"/>
      </object_component>
      <object_component id="oc-2c3">
         <name>.debug_info</name>
         <load_address>0x5a69</load_address>
         <run_address>0x5a69</run_address>
         <size>0x1cf</size>
         <input_file_ref idref="fl-6"/>
      </object_component>
      <object_component id="oc-1e0">
         <name>.debug_info</name>
         <load_address>0x5c38</load_address>
         <run_address>0x5c38</run_address>
         <size>0x16c</size>
         <input_file_ref idref="fl-6"/>
      </object_component>
      <object_component id="oc-39e">
         <name>.debug_info</name>
         <load_address>0x5da4</load_address>
         <run_address>0x5da4</run_address>
         <size>0x2dd</size>
         <input_file_ref idref="fl-6"/>
      </object_component>
      <object_component id="oc-145">
         <name>.debug_info</name>
         <load_address>0x6081</load_address>
         <run_address>0x6081</run_address>
         <size>0x116</size>
         <input_file_ref idref="fl-6"/>
      </object_component>
      <object_component id="oc-14b">
         <name>.debug_info</name>
         <load_address>0x6197</load_address>
         <run_address>0x6197</run_address>
         <size>0x116</size>
         <input_file_ref idref="fl-6"/>
      </object_component>
      <object_component id="oc-151">
         <name>.debug_info</name>
         <load_address>0x62ad</load_address>
         <run_address>0x62ad</run_address>
         <size>0x15c</size>
         <input_file_ref idref="fl-6"/>
      </object_component>
      <object_component id="oc-157">
         <name>.debug_info</name>
         <load_address>0x6409</load_address>
         <run_address>0x6409</run_address>
         <size>0x205</size>
         <input_file_ref idref="fl-6"/>
      </object_component>
      <object_component id="oc-15d">
         <name>.debug_info</name>
         <load_address>0x660e</load_address>
         <run_address>0x660e</run_address>
         <size>0x1bd</size>
         <input_file_ref idref="fl-6"/>
      </object_component>
      <object_component id="oc-163">
         <name>.debug_info</name>
         <load_address>0x67cb</load_address>
         <run_address>0x67cb</run_address>
         <size>0x374</size>
         <input_file_ref idref="fl-6"/>
      </object_component>
      <object_component id="oc-2ed">
         <name>.debug_info</name>
         <load_address>0x6b3f</load_address>
         <run_address>0x6b3f</run_address>
         <size>0x1c1</size>
         <input_file_ref idref="fl-6"/>
      </object_component>
      <object_component id="oc-274">
         <name>.debug_info</name>
         <load_address>0x6d00</load_address>
         <run_address>0x6d00</run_address>
         <size>0xb1</size>
         <input_file_ref idref="fl-6"/>
      </object_component>
      <object_component id="oc-1a2">
         <name>.debug_info</name>
         <load_address>0x6db1</load_address>
         <run_address>0x6db1</run_address>
         <size>0x247</size>
         <input_file_ref idref="fl-7"/>
      </object_component>
      <object_component id="oc-140">
         <name>.debug_info</name>
         <load_address>0x6ff8</load_address>
         <run_address>0x6ff8</run_address>
         <size>0x130</size>
         <input_file_ref idref="fl-7"/>
      </object_component>
      <object_component id="oc-2d4">
         <name>.debug_info</name>
         <load_address>0x7128</load_address>
         <run_address>0x7128</run_address>
         <size>0x13f</size>
         <input_file_ref idref="fl-7"/>
      </object_component>
      <object_component id="oc-2da">
         <name>.debug_info</name>
         <load_address>0x7267</load_address>
         <run_address>0x7267</run_address>
         <size>0x1cb</size>
         <input_file_ref idref="fl-7"/>
      </object_component>
      <object_component id="oc-2cd">
         <name>.debug_info</name>
         <load_address>0x7432</load_address>
         <run_address>0x7432</run_address>
         <size>0x1dd</size>
         <input_file_ref idref="fl-7"/>
      </object_component>
      <object_component id="oc-20f">
         <name>.debug_info</name>
         <load_address>0x760f</load_address>
         <run_address>0x760f</run_address>
         <size>0xff</size>
         <input_file_ref idref="fl-7"/>
      </object_component>
      <object_component id="oc-1d1">
         <name>.debug_info</name>
         <load_address>0x770e</load_address>
         <run_address>0x770e</run_address>
         <size>0x120</size>
         <input_file_ref idref="fl-25"/>
      </object_component>
      <object_component id="oc-432">
         <name>.debug_info</name>
         <load_address>0x782e</load_address>
         <run_address>0x782e</run_address>
         <size>0x120</size>
         <input_file_ref idref="fl-26"/>
      </object_component>
      <object_component id="oc-36d">
         <name>.debug_info</name>
         <load_address>0x794e</load_address>
         <run_address>0x794e</run_address>
         <size>0x126</size>
         <input_file_ref idref="fl-26"/>
      </object_component>
      <object_component id="oc-38e">
         <name>.debug_info</name>
         <load_address>0x7a74</load_address>
         <run_address>0x7a74</run_address>
         <size>0x121</size>
         <input_file_ref idref="fl-27"/>
      </object_component>
      <object_component id="oc-383">
         <name>.debug_info</name>
         <load_address>0x7b95</load_address>
         <run_address>0x7b95</run_address>
         <size>0x123</size>
         <input_file_ref idref="fl-28"/>
      </object_component>
      <object_component id="oc-c0">
         <name>.debug_info</name>
         <load_address>0x7cb8</load_address>
         <run_address>0x7cb8</run_address>
         <size>0x12e</size>
         <input_file_ref idref="fl-29"/>
      </object_component>
      <object_component id="oc-dd">
         <name>.debug_info</name>
         <load_address>0x7de6</load_address>
         <run_address>0x7de6</run_address>
         <size>0x10f</size>
         <input_file_ref idref="fl-36"/>
      </object_component>
      <object_component id="oc-b6">
         <name>.debug_info</name>
         <load_address>0x7ef5</load_address>
         <run_address>0x7ef5</run_address>
         <size>0x120</size>
         <input_file_ref idref="fl-37"/>
      </object_component>
      <object_component id="oc-42d">
         <name>.debug_info</name>
         <load_address>0x8015</load_address>
         <run_address>0x8015</run_address>
         <size>0x120</size>
         <input_file_ref idref="fl-38"/>
      </object_component>
      <object_component id="oc-29a">
         <name>.debug_info</name>
         <load_address>0x8135</load_address>
         <run_address>0x8135</run_address>
         <size>0x126</size>
         <input_file_ref idref="fl-38"/>
      </object_component>
      <object_component id="oc-bc">
         <name>.debug_info</name>
         <load_address>0x825b</load_address>
         <run_address>0x825b</run_address>
         <size>0x120</size>
         <input_file_ref idref="fl-39"/>
      </object_component>
      <object_component id="oc-2a1">
         <name>.debug_info</name>
         <load_address>0x837b</load_address>
         <run_address>0x837b</run_address>
         <size>0x120</size>
         <input_file_ref idref="fl-3a"/>
      </object_component>
      <object_component id="oc-2a7">
         <name>.debug_info</name>
         <load_address>0x849b</load_address>
         <run_address>0x849b</run_address>
         <size>0x126</size>
         <input_file_ref idref="fl-3a"/>
      </object_component>
      <object_component id="oc-387">
         <name>.debug_info</name>
         <load_address>0x85c1</load_address>
         <run_address>0x85c1</run_address>
         <size>0x121</size>
         <input_file_ref idref="fl-3b"/>
      </object_component>
      <object_component id="oc-b2">
         <name>.debug_info</name>
         <load_address>0x86e2</load_address>
         <run_address>0x86e2</run_address>
         <size>0x100</size>
         <input_file_ref idref="fl-3c"/>
      </object_component>
      <object_component id="oc-fc">
         <name>.debug_info</name>
         <load_address>0x87e2</load_address>
         <run_address>0x87e2</run_address>
         <size>0x17a</size>
         <input_file_ref idref="fl-3c"/>
      </object_component>
      <object_component id="oc-337">
         <name>.debug_info</name>
         <load_address>0x895c</load_address>
         <run_address>0x895c</run_address>
         <size>0x3de</size>
         <input_file_ref idref="fl-3d"/>
      </object_component>
      <object_component id="oc-234">
         <name>.debug_info</name>
         <load_address>0x8d3a</load_address>
         <run_address>0x8d3a</run_address>
         <size>0x1e0</size>
         <input_file_ref idref="fl-3d"/>
      </object_component>
      <object_component id="oc-3eb">
         <name>.debug_info</name>
         <load_address>0x8f1a</load_address>
         <run_address>0x8f1a</run_address>
         <size>0x39</size>
         <input_file_ref idref="fl-3d"/>
      </object_component>
      <object_component id="oc-3f7">
         <name>.debug_info</name>
         <load_address>0x8f53</load_address>
         <run_address>0x8f53</run_address>
         <size>0x2c</size>
         <input_file_ref idref="fl-3d"/>
      </object_component>
      <object_component id="oc-342">
         <name>.debug_info</name>
         <load_address>0x8f7f</load_address>
         <run_address>0x8f7f</run_address>
         <size>0x2c</size>
         <input_file_ref idref="fl-3d"/>
      </object_component>
      <object_component id="oc-3f0">
         <name>.debug_info</name>
         <load_address>0x8fab</load_address>
         <run_address>0x8fab</run_address>
         <size>0xcd</size>
         <input_file_ref idref="fl-3d"/>
      </object_component>
      <object_component id="oc-16f">
         <name>.debug_info</name>
         <load_address>0x9078</load_address>
         <run_address>0x9078</run_address>
         <size>0x175</size>
         <input_file_ref idref="fl-3e"/>
      </object_component>
      <object_component id="oc-e9">
         <name>.debug_info</name>
         <load_address>0x91ed</load_address>
         <run_address>0x91ed</run_address>
         <size>0x1d2</size>
         <input_file_ref idref="fl-3e"/>
      </object_component>
      <object_component id="oc-16a">
         <name>.debug_info</name>
         <load_address>0x93bf</load_address>
         <run_address>0x93bf</run_address>
         <size>0x46</size>
         <input_file_ref idref="fl-3e"/>
      </object_component>
      <object_component id="oc-175">
         <name>.debug_info</name>
         <load_address>0x9405</load_address>
         <run_address>0x9405</run_address>
         <size>0x153</size>
         <input_file_ref idref="fl-42"/>
      </object_component>
      <object_component id="oc-331">
         <name>.debug_info</name>
         <load_address>0x9558</load_address>
         <run_address>0x9558</run_address>
         <size>0x150</size>
         <input_file_ref idref="fl-43"/>
      </object_component>
      <object_component id="oc-db">
         <name>.debug_info</name>
         <load_address>0x96a8</load_address>
         <run_address>0x96a8</run_address>
         <size>0x180</size>
         <input_file_ref idref="fl-44"/>
      </object_component>
      <object_component id="oc-3c">
         <name>.debug_info</name>
         <load_address>0x9828</load_address>
         <run_address>0x9828</run_address>
         <size>0x1ea</size>
         <input_file_ref idref="fl-44"/>
      </object_component>
      <object_component id="oc-d6">
         <name>.debug_info</name>
         <load_address>0x9a12</load_address>
         <run_address>0x9a12</run_address>
         <size>0x46</size>
         <input_file_ref idref="fl-44"/>
      </object_component>
      <object_component id="oc-135">
         <name>.debug_info</name>
         <load_address>0x9a58</load_address>
         <run_address>0x9a58</run_address>
         <size>0x2c</size>
         <input_file_ref idref="fl-44"/>
      </object_component>
      <object_component id="oc-12d">
         <name>.debug_info</name>
         <load_address>0x9a84</load_address>
         <run_address>0x9a84</run_address>
         <size>0x176</size>
         <input_file_ref idref="fl-45"/>
      </object_component>
      <object_component id="oc-38">
         <name>.debug_info</name>
         <load_address>0x9bfa</load_address>
         <run_address>0x9bfa</run_address>
         <size>0x292</size>
         <input_file_ref idref="fl-45"/>
      </object_component>
      <object_component id="oc-c5">
         <name>.debug_info</name>
         <load_address>0x9e8c</load_address>
         <run_address>0x9e8c</run_address>
         <size>0x60</size>
         <input_file_ref idref="fl-45"/>
      </object_component>
      <object_component id="oc-193">
         <name>.debug_info</name>
         <load_address>0x9eec</load_address>
         <run_address>0x9eec</run_address>
         <size>0x46</size>
         <input_file_ref idref="fl-45"/>
      </object_component>
      <object_component id="oc-128">
         <name>.debug_info</name>
         <load_address>0x9f32</load_address>
         <run_address>0x9f32</run_address>
         <size>0x39</size>
         <input_file_ref idref="fl-45"/>
      </object_component>
      <object_component id="oc-3cf">
         <name>.debug_info</name>
         <load_address>0x9f6b</load_address>
         <run_address>0x9f6b</run_address>
         <size>0x1a7</size>
         <input_file_ref idref="fl-46"/>
      </object_component>
      <object_component id="oc-306">
         <name>.debug_info</name>
         <load_address>0xa112</load_address>
         <run_address>0xa112</run_address>
         <size>0x257</size>
         <input_file_ref idref="fl-46"/>
      </object_component>
      <object_component id="oc-2ab">
         <name>.debug_info</name>
         <load_address>0xa369</load_address>
         <run_address>0xa369</run_address>
         <size>0x94</size>
         <input_file_ref idref="fl-46"/>
      </object_component>
      <object_component id="oc-424">
         <name>.debug_info</name>
         <load_address>0xa3fd</load_address>
         <run_address>0xa3fd</run_address>
         <size>0x1a2</size>
         <input_file_ref idref="fl-48"/>
      </object_component>
      <object_component id="oc-3ae">
         <name>.debug_info</name>
         <load_address>0xa59f</load_address>
         <run_address>0xa59f</run_address>
         <size>0x28a</size>
         <input_file_ref idref="fl-48"/>
      </object_component>
      <object_component id="oc-1c1">
         <name>.debug_info</name>
         <load_address>0xa829</load_address>
         <run_address>0xa829</run_address>
         <size>0x1c0</size>
         <input_file_ref idref="fl-49"/>
      </object_component>
      <object_component id="oc-3b5">
         <name>.debug_info</name>
         <load_address>0xa9e9</load_address>
         <run_address>0xa9e9</run_address>
         <size>0x16b</size>
         <input_file_ref idref="fl-4a"/>
      </object_component>
      <object_component id="oc-30c">
         <name>.debug_info</name>
         <load_address>0xab54</load_address>
         <run_address>0xab54</run_address>
         <size>0x1c0</size>
         <input_file_ref idref="fl-4b"/>
      </object_component>
      <object_component id="oc-2aa">
         <name>.debug_info</name>
         <load_address>0xad14</load_address>
         <run_address>0xad14</run_address>
         <size>0x16b</size>
         <input_file_ref idref="fl-4d"/>
      </object_component>
      <object_component id="oc-1c6">
         <name>.debug_info</name>
         <load_address>0xae7f</load_address>
         <run_address>0xae7f</run_address>
         <size>0x21b</size>
         <input_file_ref idref="fl-4d"/>
      </object_component>
      <object_component id="oc-1ba">
         <name>.debug_info</name>
         <load_address>0xb09a</load_address>
         <run_address>0xb09a</run_address>
         <size>0x166</size>
         <input_file_ref idref="fl-4e"/>
      </object_component>
      <object_component id="oc-365">
         <name>.debug_info</name>
         <load_address>0xb200</load_address>
         <run_address>0xb200</run_address>
         <size>0x16b</size>
         <input_file_ref idref="fl-4f"/>
      </object_component>
      <object_component id="oc-293">
         <name>.debug_info</name>
         <load_address>0xb36b</load_address>
         <run_address>0xb36b</run_address>
         <size>0x1e3</size>
         <input_file_ref idref="fl-4f"/>
      </object_component>
      <object_component id="oc-43c">
         <name>.debug_info</name>
         <load_address>0xb54e</load_address>
         <run_address>0xb54e</run_address>
         <size>0x1a0</size>
         <input_file_ref idref="fl-50"/>
      </object_component>
      <object_component id="oc-3c9">
         <name>.debug_info</name>
         <load_address>0xb6ee</load_address>
         <run_address>0xb6ee</run_address>
         <size>0x329</size>
         <input_file_ref idref="fl-50"/>
      </object_component>
      <object_component id="oc-450">
         <name>.debug_info</name>
         <load_address>0xba17</load_address>
         <run_address>0xba17</run_address>
         <size>0x172</size>
         <input_file_ref idref="fl-51"/>
      </object_component>
      <object_component id="oc-41e">
         <name>.debug_info</name>
         <load_address>0xbb89</load_address>
         <run_address>0xbb89</run_address>
         <size>0x5cf</size>
         <input_file_ref idref="fl-51"/>
      </object_component>
      <object_component id="oc-2b7">
         <name>.debug_info</name>
         <load_address>0xc158</load_address>
         <run_address>0xc158</run_address>
         <size>0x1a2</size>
         <input_file_ref idref="fl-52"/>
      </object_component>
      <object_component id="oc-1cb">
         <name>.debug_info</name>
         <load_address>0xc2fa</load_address>
         <run_address>0xc2fa</run_address>
         <size>0x2e0</size>
         <input_file_ref idref="fl-52"/>
      </object_component>
      <object_component id="oc-458">
         <name>.debug_info</name>
         <load_address>0xc5da</load_address>
         <run_address>0xc5da</run_address>
         <size>0x172</size>
         <input_file_ref idref="fl-54"/>
      </object_component>
      <object_component id="oc-436">
         <name>.debug_info</name>
         <load_address>0xc74c</load_address>
         <run_address>0xc74c</run_address>
         <size>0x1f9</size>
         <input_file_ref idref="fl-54"/>
      </object_component>
      <object_component id="oc-228">
         <name>.debug_info</name>
         <load_address>0xc945</load_address>
         <run_address>0xc945</run_address>
         <size>0x122</size>
         <input_file_ref idref="fl-56"/>
      </object_component>
      <object_component id="oc-12f">
         <name>.debug_info</name>
         <load_address>0xca67</load_address>
         <run_address>0xca67</run_address>
         <size>0x181</size>
         <input_file_ref idref="fl-59"/>
      </object_component>
      <object_component id="oc-d1">
         <name>.debug_info</name>
         <load_address>0xcbe8</load_address>
         <run_address>0xcbe8</run_address>
         <size>0x17a</size>
         <input_file_ref idref="fl-59"/>
      </object_component>
      <object_component id="oc-3d2">
         <name>.debug_info</name>
         <load_address>0xcd62</load_address>
         <run_address>0xcd62</run_address>
         <size>0x16d</size>
         <input_file_ref idref="fl-5a"/>
      </object_component>
      <object_component id="oc-312">
         <name>.debug_info</name>
         <load_address>0xcecf</load_address>
         <run_address>0xcecf</run_address>
         <size>0x275</size>
         <input_file_ref idref="fl-5a"/>
      </object_component>
      <object_component id="oc-373">
         <name>.debug_info</name>
         <load_address>0xd144</load_address>
         <run_address>0xd144</run_address>
         <size>0x121</size>
         <input_file_ref idref="fl-5b"/>
      </object_component>
      <object_component id="oc-376">
         <name>.debug_info</name>
         <load_address>0xd265</load_address>
         <run_address>0xd265</run_address>
         <size>0x172</size>
         <input_file_ref idref="fl-5d"/>
      </object_component>
      <object_component id="oc-2b3">
         <name>.debug_info</name>
         <load_address>0xd3d7</load_address>
         <run_address>0xd3d7</run_address>
         <size>0x3ab</size>
         <input_file_ref idref="fl-5d"/>
      </object_component>
      <object_component id="oc-4a3">
         <name>.debug_info</name>
         <load_address>0xd782</load_address>
         <run_address>0xd782</run_address>
         <size>0xa2</size>
      </object_component>
      <object_component id="oc-3fd">
         <name>.debug_line</name>
         <load_address>0x0</load_address>
         <run_address>0x0</run_address>
         <size>0x2d</size>
         <input_file_ref idref="fl-2"/>
      </object_component>
      <object_component id="oc-26b">
         <name>.debug_line</name>
         <load_address>0x2d</load_address>
         <run_address>0x2d</run_address>
         <size>0x72</size>
         <input_file_ref idref="fl-2"/>
      </object_component>
      <object_component id="oc-cd">
         <name>.debug_line</name>
         <load_address>0x9f</load_address>
         <run_address>0x9f</run_address>
         <size>0x20</size>
         <input_file_ref idref="fl-2"/>
      </object_component>
      <object_component id="oc-2e4">
         <name>.debug_line</name>
         <load_address>0xbf</load_address>
         <run_address>0xbf</run_address>
         <size>0x76</size>
         <input_file_ref idref="fl-2"/>
      </object_component>
      <object_component id="oc-203">
         <name>.debug_line</name>
         <load_address>0x135</load_address>
         <run_address>0x135</run_address>
         <size>0x73</size>
         <input_file_ref idref="fl-2"/>
      </object_component>
      <object_component id="oc-394">
         <name>.debug_line</name>
         <load_address>0x1a8</load_address>
         <run_address>0x1a8</run_address>
         <size>0x9c</size>
         <input_file_ref idref="fl-3"/>
      </object_component>
      <object_component id="oc-396">
         <name>.debug_line</name>
         <load_address>0x244</load_address>
         <run_address>0x244</run_address>
         <size>0x2d</size>
         <input_file_ref idref="fl-3"/>
      </object_component>
      <object_component id="oc-21e">
         <name>.debug_line</name>
         <load_address>0x271</load_address>
         <run_address>0x271</run_address>
         <size>0x4a</size>
         <input_file_ref idref="fl-3"/>
      </object_component>
      <object_component id="oc-17b">
         <name>.debug_line</name>
         <load_address>0x2bb</load_address>
         <run_address>0x2bb</run_address>
         <size>0x4e</size>
         <input_file_ref idref="fl-3"/>
      </object_component>
      <object_component id="oc-e5">
         <name>.debug_line</name>
[...]
      </symbol>
      <symbol id="sm-346">
         <name>__mspabi_sral_6</name>
         <value>0xecb8</value>
         <object_component_ref idref="oc-36b"/>
      </symbol>
      <symbol id="sm-347">
         <name>__mspabi_sral_7</name>
         <value>0xecb4</value>
         <object_component_ref idref="oc-36b"/>
      </symbol>
      <symbol id="sm-348">
         <name>__mspabi_sral_4</name>
         <value>0xecc0</value>
         <object_component_ref idref="oc-36b"/>
      </symbol>
      <symbol id="sm-349">
         <name>__mspabi_sral_5</name>
         <value>0xecbc</value>
         <object_component_ref idref="oc-36b"/>
      </symbol>
      <symbol id="sm-34a">
         <name>__mspabi_sral_2</name>
         <value>0xecc8</value>
         <object_component_ref idref="oc-36b"/>
      </symbol>
      <symbol id="sm-34b">
         <name>__mspabi_sral_3</name>
         <value>0xecc4</value>
         <object_component_ref idref="oc-36b"/>
      </symbol>
      <symbol id="sm-34c">
         <name>__mspabi_sral_1</name>
         <value>0xeccc</value>
         <object_component_ref idref="oc-36b"/>
      </symbol>
      <symbol id="sm-356">
         <name>__mspabi_remu</name>
         <value>0xee90</value>
         <object_component_ref idref="oc-38d"/>
      </symbol>
      <symbol id="sm-357">
         <name>__mspabi_divu</name>
         <value>0xee90</value>
         <object_component_ref idref="oc-38d"/>
      </symbol>
      <symbol id="sm-365">
         <name>__mspabi_remul</name>
         <value>0xea08</value>
         <object_component_ref idref="oc-381"/>
      </symbol>
      <symbol id="sm-366">
         <name>__mspabi_divul</name>
         <value>0xea08</value>
         <object_component_ref idref="oc-381"/>
      </symbol>
      <symbol id="sm-36f">
         <name>__mspabi_func_epilog_2</name>
         <value>0xef8e</value>
         <object_component_ref idref="oc-bf"/>
      </symbol>
      <symbol id="sm-370">
         <name>__mspabi_func_epilog_3</name>
         <value>0xef8c</value>
         <object_component_ref idref="oc-bf"/>
      </symbol>
      <symbol id="sm-371">
         <name>__mspabi_func_epilog_1</name>
         <value>0xef90</value>
         <object_component_ref idref="oc-bf"/>
      </symbol>
      <symbol id="sm-372">
         <name>__mspabi_func_epilog_6</name>
         <value>0xef86</value>
         <object_component_ref idref="oc-bf"/>
      </symbol>
      <symbol id="sm-373">
         <name>__mspabi_func_epilog_7</name>
         <value>0xef84</value>
         <object_component_ref idref="oc-bf"/>
      </symbol>
      <symbol id="sm-374">
         <name>__mspabi_func_epilog_4</name>
         <value>0xef8a</value>
         <object_component_ref idref="oc-bf"/>
      </symbol>
      <symbol id="sm-375">
         <name>__mspabi_func_epilog_5</name>
         <value>0xef88</value>
         <object_component_ref idref="oc-bf"/>
      </symbol>
      <symbol id="sm-378">
         <name>__TI_int00</name>
         <value>0xffe0</value>
         <object_component_ref idref="oc-40"/>
      </symbol>
      <symbol id="sm-37b">
         <name>__TI_int02</name>
         <value>0xffe4</value>
         <object_component_ref idref="oc-41"/>
      </symbol>
      <symbol id="sm-37e">
         <name>__TI_int05</name>
         <value>0xffea</value>
         <object_component_ref idref="oc-43"/>
      </symbol>
      <symbol id="sm-381">
         <name>__TI_int06</name>
         <value>0xffec</value>
         <object_component_ref idref="oc-44"/>
      </symbol>
      <symbol id="sm-384">
         <name>__TI_int07</name>
         <value>0xffee</value>
         <object_component_ref idref="oc-45"/>
      </symbol>
      <symbol id="sm-387">
         <name>__TI_int08</name>
         <value>0xfff0</value>
         <object_component_ref idref="oc-46"/>
      </symbol>
      <symbol id="sm-38a">
         <name>__TI_int09</name>
         <value>0xfff2</value>
         <object_component_ref idref="oc-47"/>
      </symbol>
      <symbol id="sm-38d">
         <name>__TI_int10</name>
         <value>0xfff4</value>
         <object_component_ref idref="oc-48"/>
      </symbol>
      <symbol id="sm-390">
         <name>__TI_int11</name>
         <value>0xfff6</value>
         <object_component_ref idref="oc-49"/>
      </symbol>
      <symbol id="sm-393">
         <name>__TI_int12</name>
         <value>0xfff8</value>
         <object_component_ref idref="oc-4a"/>
      </symbol>
      <symbol id="sm-396">
         <name>__TI_int13</name>
         <value>0xfffa</value>
         <object_component_ref idref="oc-4b"/>
      </symbol>
      <symbol id="sm-399">
         <name>__TI_int14</name>
         <value>0xfffc</value>
         <object_component_ref idref="oc-4c"/>
      </symbol>
      <symbol id="sm-3a1">
         <name>__TI_ISR_TRAP</name>
         <value>0xf006</value>
         <object_component_ref idref="oc-dc"/>
      </symbol>
      <symbol id="sm-3a9">
         <name>__mspabi_slli</name>
         <value>0xedc4</value>
         <object_component_ref idref="oc-b5"/>
      </symbol>
      <symbol id="sm-3aa">
         <name>__mspabi_slli_9</name>
         <value>0xeddc</value>
         <object_component_ref idref="oc-b5"/>
      </symbol>
      <symbol id="sm-3ab">
         <name>__mspabi_slli_8</name>
         <value>0xedde</value>
         <object_component_ref idref="oc-b5"/>
      </symbol>
      <symbol id="sm-3ac">
         <name>__mspabi_slli_7</name>
         <value>0xede0</value>
         <object_component_ref idref="oc-b5"/>
      </symbol>
      <symbol id="sm-3ad">
         <name>__mspabi_slli_6</name>
         <value>0xede2</value>
         <object_component_ref idref="oc-b5"/>
      </symbol>
      <symbol id="sm-3ae">
         <name>__mspabi_slli_5</name>
         <value>0xede4</value>
         <object_component_ref idref="oc-b5"/>
      </symbol>
      <symbol id="sm-3af">
         <name>__mspabi_slli_4</name>
         <value>0xede6</value>
         <object_component_ref idref="oc-b5"/>
      </symbol>
      <symbol id="sm-3b0">
         <name>__mspabi_slli_3</name>
         <value>0xede8</value>
         <object_component_ref idref="oc-b5"/>
      </symbol>
      <symbol id="sm-3b1">
         <name>__mspabi_slli_2</name>
         <value>0xedea</value>
         <object_component_ref idref="oc-b5"/>
      </symbol>
      <symbol id="sm-3b2">
         <name>__mspabi_slli_1</name>
         <value>0xedec</value>
         <object_component_ref idref="oc-b5"/>
      </symbol>
      <symbol id="sm-3b3">
         <name>__mspabi_slli_15</name>
         <value>0xedd0</value>
         <object_component_ref idref="oc-b5"/>
      </symbol>
      <symbol id="sm-3b4">
         <name>__mspabi_slli_14</name>
         <value>0xedd2</value>
         <object_component_ref idref="oc-b5"/>
      </symbol>
      <symbol id="sm-3b5">
         <name>__mspabi_slli_13</name>
         <value>0xedd4</value>
         <object_component_ref idref="oc-b5"/>
      </symbol>
      <symbol id="sm-3b6">
         <name>__mspabi_slli_12</name>
         <value>0xedd6</value>
         <object_component_ref idref="oc-b5"/>
      </symbol>
      <symbol id="sm-3b7">
         <name>__mspabi_slli_11</name>
         <value>0xedd8</value>
         <object_component_ref idref="oc-b5"/>
      </symbol>
      <symbol id="sm-3b8">
         <name>__mspabi_slli_10</name>
         <value>0xedda</value>
         <object_component_ref idref="oc-b5"/>
      </symbol>
      <symbol id="sm-3c8">
         <name>__mspabi_slll_9</name>
         <value>0xecea</value>
         <object_component_ref idref="oc-299"/>
      </symbol>
      <symbol id="sm-3c9">
         <name>__mspabi_slll_8</name>
         <value>0xecee</value>
         <object_component_ref idref="oc-299"/>
      </symbol>
      <symbol id="sm-3ca">
         <name>__mspabi_slll_7</name>
         <value>0xecf2</value>
         <object_component_ref idref="oc-299"/>
      </symbol>
      <symbol id="sm-3cb">
         <name>__mspabi_slll_6</name>
         <value>0xecf6</value>
         <object_component_ref idref="oc-299"/>
      </symbol>
      <symbol id="sm-3cc">
         <name>__mspabi_slll_5</name>
         <value>0xecfa</value>
         <object_component_ref idref="oc-299"/>
      </symbol>
      <symbol id="sm-3cd">
         <name>__mspabi_slll_4</name>
         <value>0xecfe</value>
         <object_component_ref idref="oc-299"/>
      </symbol>
      <symbol id="sm-3ce">
         <name>__mspabi_slll_3</name>
         <value>0xed02</value>
         <object_component_ref idref="oc-299"/>
      </symbol>
      <symbol id="sm-3cf">
         <name>__mspabi_slll_2</name>
         <value>0xed06</value>
         <object_component_ref idref="oc-299"/>
      </symbol>
      <symbol id="sm-3d0">
         <name>__mspabi_slll_1</name>
         <value>0xed0a</value>
         <object_component_ref idref="oc-299"/>
      </symbol>
      <symbol id="sm-3d1">
         <name>__mspabi_slll</name>
         <value>0xef74</value>
         <object_component_ref idref="oc-42b"/>
      </symbol>
      <symbol id="sm-3d2">
         <name>__mspabi_slll_15</name>
         <value>0xecd2</value>
         <object_component_ref idref="oc-299"/>
      </symbol>
      <symbol id="sm-3d3">
         <name>__mspabi_slll_14</name>
         <value>0xecd6</value>
         <object_component_ref idref="oc-299"/>
      </symbol>
      <symbol id="sm-3d4">
         <name>__mspabi_slll_13</name>
         <value>0xecda</value>
         <object_component_ref idref="oc-299"/>
      </symbol>
      <symbol id="sm-3d5">
         <name>__mspabi_slll_12</name>
         <value>0xecde</value>
         <object_component_ref idref="oc-299"/>
      </symbol>
      <symbol id="sm-3d6">
         <name>__mspabi_slll_11</name>
         <value>0xece2</value>
         <object_component_ref idref="oc-299"/>
      </symbol>
      <symbol id="sm-3d7">
         <name>__mspabi_slll_10</name>
         <value>0xece6</value>
         <object_component_ref idref="oc-299"/>
      </symbol>
      <symbol id="sm-3df">
         <name>__mspabi_srli_8</name>
         <value>0xeb2c</value>
         <object_component_ref idref="oc-ba"/>
      </symbol>
      <symbol id="sm-3e0">
         <name>__mspabi_srli_9</name>
         <value>0xeb28</value>
         <object_component_ref idref="oc-ba"/>
      </symbol>
      <symbol id="sm-3e1">
         <name>__mspabi_srli_6</name>
         <value>0xeb34</value>
         <object_component_ref idref="oc-ba"/>
      </symbol>
      <symbol id="sm-3e2">
         <name>__mspabi_srli_7</name>
         <value>0xeb30</value>
         <object_component_ref idref="oc-ba"/>
      </symbol>
      <symbol id="sm-3e3">
         <name>__mspabi_srli_4</name>
         <value>0xeb3c</value>
         <object_component_ref idref="oc-ba"/>
      </symbol>
      <symbol id="sm-3e4">
         <name>__mspabi_srli_5</name>
         <value>0xeb38</value>
         <object_component_ref idref="oc-ba"/>
      </symbol>
      <symbol id="sm-3e5">
         <name>__mspabi_srli_2</name>
         <value>0xeb44</value>
         <object_component_ref idref="oc-ba"/>
      </symbol>
      <symbol id="sm-3e6">
         <name>__mspabi_srli_3</name>
         <value>0xeb40</value>
         <object_component_ref idref="oc-ba"/>
      </symbol>
      <symbol id="sm-3e7">
         <name>__mspabi_srli_1</name>
         <value>0xeb48</value>
         <object_component_ref idref="oc-ba"/>
      </symbol>
      <symbol id="sm-3e8">
         <name>__mspabi_srli</name>
         <value>0xeb02</value>
         <object_component_ref idref="oc-ba"/>
      </symbol>
      <symbol id="sm-3e9">
         <name>__mspabi_srli_15</name>
         <value>0xeb10</value>
         <object_component_ref idref="oc-ba"/>
      </symbol>
      <symbol id="sm-3ea">
         <name>__mspabi_srli_14</name>
         <value>0xeb14</value>
         <object_component_ref idref="oc-ba"/>
      </symbol>
      <symbol id="sm-3eb">
         <name>__mspabi_srli_13</name>
         <value>0xeb18</value>
         <object_component_ref idref="oc-ba"/>
      </symbol>
      <symbol id="sm-3ec">
         <name>__mspabi_srli_12</name>
         <value>0xeb1c</value>
         <object_component_ref idref="oc-ba"/>
      </symbol>
      <symbol id="sm-3ed">
         <name>__mspabi_srli_11</name>
         <value>0xeb20</value>
         <object_component_ref idref="oc-ba"/>
      </symbol>
      <symbol id="sm-3ee">
         <name>__mspabi_srli_10</name>
         <value>0xeb24</value>
         <object_component_ref idref="oc-ba"/>
      </symbol>
      <symbol id="sm-3fe">
         <name>__mspabi_srll_8</name>
         <value>0xe924</value>
         <object_component_ref idref="oc-2a4"/>
      </symbol>
      <symbol id="sm-3ff">
         <name>__mspabi_srll_9</name>
         <value>0xe91e</value>
         <object_component_ref idref="oc-2a4"/>
      </symbol>
      <symbol id="sm-400">
         <name>__mspabi_srll_6</name>
         <value>0xe930</value>
         <object_component_ref idref="oc-2a4"/>
      </symbol>
      <symbol id="sm-401">
         <name>__mspabi_srll_7</name>
         <value>0xe92a</value>
         <object_component_ref idref="oc-2a4"/>
      </symbol>
      <symbol id="sm-402">
         <name>__mspabi_srll_4</name>
         <value>0xe93c</value>
         <object_component_ref idref="oc-2a4"/>
      </symbol>
      <symbol id="sm-403">
         <name>__mspabi_srll_5</name>
         <value>0xe936</value>
         <object_component_ref idref="oc-2a4"/>
      </symbol>
      <symbol id="sm-404">
         <name>__mspabi_srll_2</name>
         <value>0xe948</value>
         <object_component_ref idref="oc-2a4"/>
      </symbol>
      <symbol id="sm-405">
         <name>__mspabi_srll_3</name>
         <value>0xe942</value>
         <object_component_ref idref="oc-2a4"/>
      </symbol>
      <symbol id="sm-406">
         <name>__mspabi_srll_1</name>
         <value>0xe94e</value>
         <object_component_ref idref="oc-2a4"/>
      </symbol>
      <symbol id="sm-407">
         <name>__mspabi_srll_15</name>
         <value>0xe8fa</value>
         <object_component_ref idref="oc-2a4"/>
      </symbol>
      <symbol id="sm-408">
         <name>__mspabi_srll_14</name>
         <value>0xe900</value>
         <object_component_ref idref="oc-2a4"/>
      </symbol>
      <symbol id="sm-409">
         <name>__mspabi_srll_13</name>
         <value>0xe906</value>
         <object_component_ref idref="oc-2a4"/>
      </symbol>
      <symbol id="sm-40a">
         <name>__mspabi_srll_12</name>
         <value>0xe90c</value>
         <object_component_ref idref="oc-2a4"/>
      </symbol>
      <symbol id="sm-40b">
         <name>__mspabi_srll_11</name>
         <value>0xe912</value>
         <object_component_ref idref="oc-2a4"/>
      </symbol>
      <symbol id="sm-40c">
         <name>__mspabi_srll_10</name>
         <value>0xe918</value>
         <object_component_ref idref="oc-2a4"/>
      </symbol>
      <symbol id="sm-40d">
         <name>__mspabi_srll</name>
         <value>0xef40</value>
         <object_component_ref idref="oc-29e"/>
      </symbol>
      <symbol id="sm-417">
         <name>__mspabi_mpyi_sw</name>
         <value>0xeef6</value>
         <object_component_ref idref="oc-386"/>
      </symbol>
      <symbol id="sm-418">
         <name>__mspabi_mpyi</name>
         <value>0xeef6</value>
         <object_component_ref idref="oc-386"/>
      </symbol>
      <symbol id="sm-428">
         <name>_stack</name>
         <value>0x3b0</value>
         <object_component_ref idref="oc-b1"/>
      </symbol>
      <symbol id="sm-429">
         <name>_c_int00_noargs</name>
         <value>0xee74</value>
         <object_component_ref idref="oc-f9"/>
      </symbol>
      <symbol id="sm-42a">
         <name>_reset_vector</name>
         <value>0xfffe</value>
         <object_component_ref idref="oc-b4"/>
      </symbol>
      <symbol id="sm-44c">
         <name>__TI_auto_init_nobinit_nopinit</name>
         <value>0xebd6</value>
         <object_component_ref idref="oc-233"/>
      </symbol>
      <symbol id="sm-45f">
         <name>__TI_zero_init_nomemset</name>
         <value>0xeece</value>
         <object_component_ref idref="oc-e7"/>
      </symbol>
      <symbol id="sm-46b">
         <name>_system_pre_init</name>
         <value>0xf020</value>
         <object_component_ref idref="oc-171"/>
      </symbol>
      <symbol id="sm-474">
         <name>_system_post_cinit</name>
         <value>0xf026</value>
         <object_component_ref idref="oc-330"/>
      </symbol>
      <symbol id="sm-48a">
         <name>__TI_decompress_none</name>
         <value>0xef2e</value>
         <object_component_ref idref="oc-3a"/>
      </symbol>
      <symbol id="sm-4ad">
         <name>__TI_decompress_lzss</name>
         <value>0xe52e</value>
         <object_component_ref idref="oc-34"/>
      </symbol>
      <symbol id="sm-4d4">
         <name>__mspabi_addd</name>
         <value>0xcfe6</value>
         <object_component_ref idref="oc-305"/>
      </symbol>
      <symbol id="sm-4f6">
         <name>__mspabi_divd</name>
         <value>0xdcf8</value>
         <object_component_ref idref="oc-3ad"/>
      </symbol>
      <symbol id="sm-505">
         <name>__mspabi_fixdli</name>
         <value>0xe706</value>
         <object_component_ref idref="oc-1be"/>
      </symbol>
      <symbol id="sm-510">
         <name>__mspabi_fixdu</name>
         <value>0xef1c</value>
         <object_component_ref idref="oc-3b4"/>
      </symbol>
      <symbol id="sm-520">
         <name>__mspabi_fixdul</name>
         <value>0xe620</value>
         <object_component_ref idref="oc-30b"/>
      </symbol>
      <symbol id="sm-538">
         <name>__mspabi_fltlid</name>
         <value>0xe360</value>
         <object_component_ref idref="oc-1c4"/>
      </symbol>
      <symbol id="sm-541">
         <name>__mspabi_fltud</name>
         <value>0xf014</value>
         <object_component_ref idref="oc-1b8"/>
      </symbol>
      <symbol id="sm-556">
         <name>__mspabi_fltuld</name>
         <value>0xe4a4</value>
         <object_component_ref idref="oc-292"/>
      </symbol>
      <symbol id="sm-577">
         <name>__TI_frcaddd</name>
         <value>0xda98</value>
         <object_component_ref idref="oc-3c8"/>
      </symbol>
      <symbol id="sm-592">
         <name>__TI_frcdivd</name>
         <value>0xc000</value>
         <object_component_ref idref="oc-41d"/>
      </symbol>
      <symbol id="sm-5b4">
         <name>__mspabi_mpyd</name>
         <value>0xd82a</value>
         <object_component_ref idref="oc-1ca"/>
      </symbol>
      <symbol id="sm-5c8">
         <name>__TI_renormd</name>
         <value>0xe2a2</value>
         <object_component_ref idref="oc-435"/>
      </symbol>
      <symbol id="sm-5d3">
         <name>C$$EXIT</name>
         <value>0xf01a</value>
         <object_component_ref idref="oc-227"/>
      </symbol>
      <symbol id="sm-5d4">
         <name>abort</name>
         <value>0xf01a</value>
         <object_component_ref idref="oc-227"/>
      </symbol>
      <symbol id="sm-5e4">
         <name>memcpy</name>
         <value>0xef52</value>
         <object_component_ref idref="oc-cf"/>
      </symbol>
      <symbol id="sm-5f2">
         <name>memset</name>
         <value>0xeee2</value>
         <object_component_ref idref="oc-311"/>
      </symbol>
      <symbol id="sm-5fc">
         <name>__mspabi_mpyl_sw</name>
         <value>0xedf0</value>
         <object_component_ref idref="oc-370"/>
      </symbol>
      <symbol id="sm-5fd">
         <name>__mspabi_mpyl</name>
         <value>0xedf0</value>
         <object_component_ref idref="oc-370"/>
      </symbol>
      <symbol id="sm-60e">
         <name>__TI_frcmpyd</name>
         <value>0xd5a4</value>
         <object_component_ref idref="oc-2b0"/>
      </symbol>
   </symbol_table>
   <title>Link successful</title>
</link_info>
