******************************************************************************
                  MSP430 Linker PC v20.2.1                     
******************************************************************************
>> Linked Sun Aug  9 00:27:38 2020

OUTPUT FILE NAME:   <MSP430_SPI_LoRa.out>
ENTRY POINT SYMBOL: "_c_int00_noargs"  address: 0000ee74


MEMORY CONFIGURATION

         name            origin    length      used     unused   attr    fill
----------------------  --------  ---------  --------  --------  ----  --------
  SFR                   00000000   00000010  00000000  00000010  RWIX
  PERIPHERALS_8BIT      00000010   000000f0  00000000  000000f0  RWIX
  PERIPHERALS_16BIT     00000100   00000100  00000000  00000100  RWIX
  RAM                   00000200   00000200  000001b7  00000049  RWIX
  INFOD                 00001000   00000040  00000000  00000040  RWIX
  INFOC                 00001040   00000040  00000000  00000040  RWIX
  INFOB                 00001080   00000040  00000000  00000040  RWIX
  INFOA                 000010c0   00000040  00000000  00000040  RWIX
  FLASH                 0000c000   00003fde  00003200  00000dde  RWIX
  BSLSIGNATURE          0000ffde   00000002  00000002  00000000  RWIX  ffff 
  INT00                 0000ffe0   00000002  00000002  00000000  RWIX
  INT01                 0000ffe2   00000002  00000000  00000002  RWIX
  INT02                 0000ffe4   00000002  00000002  00000000  RWIX
  INT03                 0000ffe6   00000002  00000002  00000000  RWIX
  INT04                 0000ffe8   00000002  00000000  00000002  RWIX
  INT05                 0000ffea   00000002  00000002  00000000  RWIX
  INT06                 0000ffec   00000002  00000002  00000000  RWIX
  INT07                 0000ffee   00000002  00000002  00000000  RWIX
  INT08                 0000fff0   00000002  00000002  00000000  RWIX
  INT09                 0000fff2   00000002  00000002  00000000  RWIX
  INT10                 0000fff4   00000002  00000002  00000000  RWIX
  INT11                 0000fff6   00000002  00000002  00000000  RWIX
  INT12                 0000fff8   00000002  00000002  00000000  RWIX
  INT13                 0000fffa   00000002  00000002  00000000  RWIX
  INT14                 0000fffc   00000002  00000002  00000000  RWIX
  RESET                 0000fffe   00000002  00000002  00000000  RWIX


SECTION ALLOCATION MAP

 output                                  attributes/
section   page    origin      length       input sections
--------  ----  ----------  ----------   ----------------
.bss       0    00000200    00000166     UNINITIALIZED
                  00000200    00000100     sx1276.obj (.bss:RxTxBuffer)
                  00000300    00000056     (.common:sx1278)
                  00000356    0000000e     main.obj (.bss:radio_events)
                  00000364    00000002     sx1276.obj (.bss)

.data      0    00000366    00000001     UNINITIALIZED
                  00000366    00000001     spi.obj (.data)

.stack     0    000003b0    00000050     UNINITIALIZED
                  000003b0    00000002     rts430_eabi.lib : boot.c.obj (.stack)
                  000003b2    0000004e     --HOLE--

.text      0    0000c000    00003028     
                  0000c000    00000478     rts430_eabi.lib : frcdivd.c.obj (.text:__TI_frcdivd)
                  0000c478    00000448     sx1276.obj (.text:SX1278_SetTXConfig)
                  0000c8c0    000003d8     sx1276.obj (.text:SX1278_SetRXConfig)
                  0000cc98    0000034e     sx1276.obj (.text:SX1278_SetRX)
                  0000cfe6    000002fa     rts430_eabi.lib : addd.c.obj (.text:__mspabi_addd)
                  0000d2e0    000002c4     sx1276.obj (.text:SX1278_OnDIO0IRQ)
                  0000d5a4    00000286     rts430_eabi.lib : frcmpyd.c.obj (.text:__TI_frcmpyd)
                  0000d82a    0000026e                     : mpyd.c.obj (.text:__mspabi_mpyd)
                  0000da98    00000260                     : frcaddd.c.obj (.text:__TI_frcaddd)
                  0000dcf8    00000238                     : divd.c.obj (.text:__mspabi_divd)
                  0000df30    00000102     sx1276.obj (.text:SX1278_OnDIO1IRQ)
                  0000e032    000000e4     sx1276.obj (.text:SX1278_RXChainCalib)
                  0000e116    000000cc     sx1276.obj (.text:SX1278_OnDIO2IRQ)
                  0000e1e2    000000c0     main.obj (.text:LORA_Init)
                  0000e2a2    000000be     rts430_eabi.lib : renormd.c.obj (.text:__TI_renormd)
                  0000e360    000000ac                     : fltlid.c.obj (.text:__mspabi_fltlid)
                  0000e40c    00000098     main.obj (.text:Port_2_ISR)
                  0000e4a4    0000008a     rts430_eabi.lib : fltuld.c.obj (.text:__mspabi_fltuld)
                  0000e52e    0000007c                     : copy_decompress_lzss.c.obj (.text:decompress:lzss:__TI_decompress_lzss)
                  0000e5aa    00000076     main.obj (.text:OnRxDone)
                  0000e620    00000074     rts430_eabi.lib : fixdul.c.obj (.text:__mspabi_fixdul)
                  0000e694    00000072     sx1276.obj (.text:SX1278_SetModem)
                  0000e706    00000072     rts430_eabi.lib : fixdli.c.obj (.text:__mspabi_fixdli)
                  0000e778    0000006c     uart.obj (.text:UART_PrintHex32)
                  0000e7e4    0000005e     sx1276.obj (.text:SX1278_Init)
                  0000e842    0000005c     sx1276.obj (.text:SX1278_GetFSKBandwithVal)
                  0000e89e    0000005c     sx1276.obj (.text:SX1278_OnDIO3IRQ)
                  0000e8fa    0000005c     rts430_eabi.lib : lsr32.asm.obj (.text:l_lsr_const)
                  0000e956    0000005a     sx1276.obj (.text:SX1278_Reset)
                  0000e9b0    00000058     sx1276.obj (.text:SX1278_SetChannel)
                  0000ea08    00000058     rts430_eabi.lib : div32u.asm.obj (.text)
                  0000ea60    00000056     uart.obj (.text:UART_PrintHex8)
                  0000eab6    0000004c     mcu.obj (.text:MCU_Init)
                  0000eb02    0000004c     rts430_eabi.lib : lsr16.asm.obj (.text)
                  0000eb4e    00000046     main.obj (.text:main)
                  0000eb94    00000042     sx1276.obj (.text:SX1278_ReadBuffer)
                  0000ebd6    00000042     rts430_eabi.lib : autoinit.c.obj (.text:__TI_auto_init_nobinit_nopinit:__TI_auto_init_nobinit_nopinit)
                  0000ec18    0000003e     spi.obj (.text:SPI_Init)
                  0000ec56    0000003e     sx1276.obj (.text:SX1278_WriteBuffer)
                  0000ec94    0000003e     rts430_eabi.lib : asr32.asm.obj (.text:l_asr_const)
                  0000ecd2    0000003e                     : lsl32.asm.obj (.text:l_lsl_const)
                  0000ed10    0000002e     sx1276.obj (.text:SX1278_Read)
                  0000ed3e    0000002e     uart.obj (.text:UART_Init)
                  0000ed6c    0000002c     sx1276.obj (.text:SX1278_Write)
                  0000ed98    0000002c     rts430_eabi.lib : asr16.asm.obj (.text)
                  0000edc4    0000002c                     : lsl16.asm.obj (.text)
                  0000edf0    00000026                     : mult32.asm.obj (.text)
                  0000ee16    00000022     mcu.obj (.text:Delay_ms)
                  0000ee38    00000020     uart.obj (.text:UART_WriteStr)
                  0000ee58    0000001c     sx1276.obj (.text:SX1278_SetOpmode)
                  0000ee74    0000001c     rts430_eabi.lib : boot.c.obj (.text:_c_int00_noargs)
                  0000ee90    00000016                     : div16u.asm.obj (.text)
                  0000eea6    00000014     spi.obj (.text:SPI_ChipDisable)
                  0000eeba    00000014     spi.obj (.text:SPI_ChipEnable)
                  0000eece    00000014     rts430_eabi.lib : copy_zero_init.c.obj (.text:decompress:ZI:__TI_zero_init_nomemset:__TI_zero_init_nomemset)
                  0000eee2    00000014                     : memset.c.obj (.text:memset)
                  0000eef6    00000014                     : mult16.asm.obj (.text)
                  0000ef0a    00000012     sx1276.obj (.text:SX1278_OnDIO4IRQ)
                  0000ef1c    00000012     rts430_eabi.lib : fixdu.c.obj (.text:__mspabi_fixdu)
                  0000ef2e    00000012                     : copy_decompress_none.c.obj (.text:decompress:none:__TI_decompress_none)
                  0000ef40    00000012                     : lsr32.asm.obj (.text:l_lsr)
                  0000ef52    00000012                     : memcpy.c.obj (.text:memcpy)
                  0000ef64    00000010                     : asr32.asm.obj (.text:l_asr)
                  0000ef74    00000010                     : lsl32.asm.obj (.text:l_lsl)
                  0000ef84    00000010                     : epilog.asm.obj (.text)
                  0000ef94    0000000c     spi.obj (.text:SPI_Receive)
                  0000efa0    0000000c     sx1276.obj (.text:SX1278_ReadFIFO)
                  0000efac    0000000c     sx1276.obj (.text:SX1278_WriteFIFO)
                  0000efb8    0000000c     uart.obj (.text:UART_WriteChar)
                  0000efc4    0000000a     main.obj (.text:OnRxError)
                  0000efce    0000000a     main.obj (.text:OnRxTimeout)
                  0000efd8    0000000a     main.obj (.text:OnTxDone)
                  0000efe2    0000000a     spi.obj (.text:SPI_SendByte)
                  0000efec    0000000a     spi.obj (.text:SPI_TransferByte)
                  0000eff6    00000008     spi.obj (.text:SPI_RXReady)
                  0000effe    00000008     spi.obj (.text:SPI_TXReady)
                  0000f006    00000008     rts430_eabi.lib : isr_trap.asm.obj (.text:_isr:__TI_ISR_TRAP)
                  0000f00e    00000006     sx1276.obj (.text:SX1278_GetPASelect)
                  0000f014    00000006     rts430_eabi.lib : fltud.c.obj (.text:__mspabi_fltud)
                  0000f01a    00000006                     : exit.c.obj (.text:abort)
                  0000f020    00000004                     : pre_init.c.obj (.text:_system_pre_init)
                  0000f024    00000002     sx1276.obj (.text:SX1278_OnDIO5IRQ)
                  0000f026    00000002     rts430_eabi.lib : startup.c.obj (.text:_system_post_cinit)

.const     0    0000f028    000001c0     
                  0000f028    000000ea     main.obj (.const:.string)
                  0000f112    00000084     sx1276.obj (.const:fsk_bandwidths)
                  0000f196    00000040     sx1276.obj (.const:radio_registers)
                  0000f1d6    00000012     sx1276.obj (.const:.string)

.cinit     0    0000f1e8    00000018     
                  0000f1e8    00000006     (__TI_handler_table)
                  0000f1ee    00000005     (.cinit..data.load) [load image]
                  0000f1f3    00000001     --HOLE-- [fill = 0]
                  0000f1f4    00000004     (.cinit..bss.load) [load image, compression = zero_init]
                  0000f1f8    00000008     (__TI_cinit_table)

.binit     0    0000c000    00000000     

.init_array 
*          0    0000c000    00000000     UNINITIALIZED

TRAPINT    0    0000ffe0    00000002     
                  0000ffe0    00000002     rts430_eabi.lib : int00.asm.obj (.int00)

PORT1      0    0000ffe4    00000002     
                  0000ffe4    00000002     rts430_eabi.lib : int02.asm.obj (.int02)

PORT2      0    0000ffe6    00000002     
                  0000ffe6    00000002     main.obj (.int03)

ADC10      0    0000ffea    00000002     
                  0000ffea    00000002     rts430_eabi.lib : int05.asm.obj (.int05)

USCIAB0TX 
*          0    0000ffec    00000002     
                  0000ffec    00000002     rts430_eabi.lib : int06.asm.obj (.int06)

USCIAB0RX 
*          0    0000ffee    00000002     
                  0000ffee    00000002     rts430_eabi.lib : int07.asm.obj (.int07)

TIMER0_A1 
*          0    0000fff0    00000002     
                  0000fff0    00000002     rts430_eabi.lib : int08.asm.obj (.int08)

TIMER0_A0 
*          0    0000fff2    00000002     
                  0000fff2    00000002     rts430_eabi.lib : int09.asm.obj (.int09)

WDT        0    0000fff4    00000002     
                  0000fff4    00000002     rts430_eabi.lib : int10.asm.obj (.int10)

COMPARATORA 
*          0    0000fff6    00000002     
                  0000fff6    00000002     rts430_eabi.lib : int11.asm.obj (.int11)

TIMER1_A1 
*          0    0000fff8    00000002     
                  0000fff8    00000002     rts430_eabi.lib : int12.asm.obj (.int12)

TIMER1_A0 
*          0    0000fffa    00000002     
                  0000fffa    00000002     rts430_eabi.lib : int13.asm.obj (.int13)

NMI        0    0000fffc    00000002     
                  0000fffc    00000002     rts430_eabi.lib : int14.asm.obj (.int14)

.reset     0    0000fffe    00000002     
                  0000fffe    00000002     rts430_eabi.lib : boot.c.obj (.reset)

$fill000   0    0000ffde    00000002     
                  0000ffde    00000002     --HOLE-- [fill = ffff]

MODULE SUMMARY

       Module                       code    ro data   rw data
       ------                       ----    -------   -------
    .\
       sx1276.obj                   5190    214       344    
       main.obj                     562     236       14     
       uart.obj                     284     0         0      
       spi.obj                      150     0         1      
       mcu.obj                      110     0         0      
    +--+----------------------------+-------+---------+---------+
       Total:                       6296    450       359    
                                                             
    D:\TI\ccs1000\ccs\tools\compiler\ti-cgt-msp430_20.2.1.LTS\lib\rts430_eabi.lib
       frcdivd.c.obj                1144    0         0      
       addd.c.obj                   762     0         0      
       frcmpyd.c.obj                646     0         0      
       mpyd.c.obj                   622     0         0      
       frcaddd.c.obj                608     0         0      
       divd.c.obj                   568     0         0      
       renormd.c.obj                190     0         0      
       fltlid.c.obj                 172     0         0      
       fltuld.c.obj                 138     0         0      
       copy_decompress_lzss.c.obj   124     0         0      
       fixdul.c.obj                 116     0         0      
       fixdli.c.obj                 114     0         0      
       lsr32.asm.obj                110     0         0      
       div32u.asm.obj               88      0         0      
       asr32.asm.obj                78      0         0      
       lsl32.asm.obj                78      0         0      
       lsr16.asm.obj                76      0         0      
       autoinit.c.obj               66      0         0      
       asr16.asm.obj                44      0         0      
       lsl16.asm.obj                44      0         0      
       mult32.asm.obj               38      0         0      
       boot.c.obj                   28      2         0      
       div16u.asm.obj               22      0         0      
       copy_zero_init.c.obj         20      0         0      
       memset.c.obj                 20      0         0      
       mult16.asm.obj               20      0         0      
       copy_decompress_none.c.obj   18      0         0      
       fixdu.c.obj                  18      0         0      
       memcpy.c.obj                 18      0         0      
       epilog.asm.obj               16      0         0      
       isr_trap.asm.obj             8       0         0      
       exit.c.obj                   6       0         0      
       fltud.c.obj                  6       0         0      
       pre_init.c.obj               4       0         0      
       int00.asm.obj                0       2         0      
       int02.asm.obj                0       2         0      
       int05.asm.obj                0       2         0      
       int06.asm.obj                0       2         0      
       int07.asm.obj                0       2         0      
       int08.asm.obj                0       2         0      
       int09.asm.obj                0       2         0      
       int10.asm.obj                0       2         0      
       int11.asm.obj                0       2         0      
       int12.asm.obj                0       2         0      
       int13.asm.obj                0       2         0      
       int14.asm.obj                0       2         0      
       startup.c.obj                2       0         0      
    +--+----------------------------+-------+---------+---------+
       Total:                       6032    26        0      
                                                             
       Stack:                       0       0         80     
       Linker Generated:            0       23        0      
    +--+----------------------------+-------+---------+---------+
       Grand Total:                 12328   499       439    


LINKER GENERATED COPY TABLES

__TI_cinit_table @ 0000f1f8 records: 2, size/record: 4, table size: 8
	.data: load addr=0000f1ee, load size=00000005 bytes, run addr=00000366, run size=00000001 bytes, compression=copy
	.bss: load addr=0000f1f4, load size=00000004 bytes, run addr=00000200, run size=00000166 bytes, compression=zero_init


LINKER GENERATED HANDLER TABLE

__TI_handler_table @ 0000f1e8 records: 3, size/record: 2, table size: 6
	index: 0, handler: __TI_zero_init
	index: 1, handler: __TI_decompress_lzss
	index: 2, handler: __TI_decompress_none


GLOBAL SYMBOLS: SORTED ALPHABETICALLY BY Name 

address   name                          
-------   ----                          
0000004a  ADC10AE0                      
000001b0  ADC10CTL0                     
000001b2  ADC10CTL1                     
00000048  ADC10DTC0                     
00000049  ADC10DTC1                     
000001b4  ADC10MEM                      
000001bc  ADC10SA                       
00000057  BCSCTL1                       
00000058  BCSCTL2                       
00000053  BCSCTL3                       
0000f01a  C$$EXIT                       
00000059  CACTL1                        
0000005a  CACTL2                        
000010fb  CALBC1_12MHZ                  
000010f9  CALBC1_16MHZ                  
000010ff  CALBC1_1MHZ                   
000010fd  CALBC1_8MHZ                   
000010fa  CALDCO_12MHZ                  
000010f8  CALDCO_16MHZ                  
000010fe  CALDCO_1MHZ                   
000010fc  CALDCO_8MHZ                   
0000005b  CAPD                          
00000056  DCOCTL                        
0000ee16  Delay_ms                      
00000128  FCTL1                         
0000012a  FCTL2                         
0000012c  FCTL3                         
00000000  IE1                           
00000001  IE2                           
00000002  IFG1                          
00000003  IFG2                          
0000e1e2  LORA_Init                     
0000eab6  MCU_Init                      
0000e5aa  OnRxDone                      
0000efc4  OnRxError                     
0000efce  OnRxTimeout                   
0000efd8  OnTxDone                      
00000022  P1DIR                         
00000025  P1IE                          
00000024  P1IES                         
00000023  P1IFG                         
00000020  P1IN                          
00000021  P1OUT                         
00000027  P1REN                         
00000026  P1SEL                         
00000041  P1SEL2                        
0000002a  P2DIR                         
0000002d  P2IE                          
0000002c  P2IES                         
0000002b  P2IFG                         
00000028  P2IN                          
00000029  P2OUT                         
0000002f  P2REN                         
0000002e  P2SEL                         
00000042  P2SEL2                        
0000001a  P3DIR                         
00000018  P3IN                          
00000019  P3OUT                         
00000010  P3REN                         
0000001b  P3SEL                         
00000043  P3SEL2                        
0000e40c  Port_2_ISR                    
00000366  SPI_Buffer                    
0000eea6  SPI_ChipDisable               
0000eeba  SPI_ChipEnable                
0000ec18  SPI_Init                      
0000eff6  SPI_RXReady                   
0000ef94  SPI_Receive                   
0000efe2  SPI_SendByte                  
0000effe  SPI_TXReady                   
0000efec  SPI_TransferByte              
0000e7e4  SX1278_Init                   
0000d2e0  SX1278_OnDIO0IRQ              
0000df30  SX1278_OnDIO1IRQ              
0000e116  SX1278_OnDIO2IRQ              
0000e89e  SX1278_OnDIO3IRQ              
0000ef0a  SX1278_OnDIO4IRQ              
0000f024  SX1278_OnDIO5IRQ              
0000e032  SX1278_RXChainCalib           
0000ed10  SX1278_Read                   
0000eb94  SX1278_ReadBuffer             
0000efa0  SX1278_ReadFIFO               
0000e956  SX1278_Reset                  
0000e9b0  SX1278_SetChannel             
0000e694  SX1278_SetModem               
0000ee58  SX1278_SetOpmode              
0000cc98  SX1278_SetRX                  
0000c8c0  SX1278_SetRXConfig            
0000c478  SX1278_SetTXConfig            
0000ed6c  SX1278_Write                  
0000ec56  SX1278_WriteBuffer            
0000efac  SX1278_WriteFIFO              
00000172  TA0CCR0                       
00000174  TA0CCR1                       
00000176  TA0CCR2                       
00000162  TA0CCTL0                      
00000164  TA0CCTL1                      
00000166  TA0CCTL2                      
00000160  TA0CTL                        
0000012e  TA0IV                         
00000170  TA0R                          
00000192  TA1CCR0                       
00000194  TA1CCR1                       
00000196  TA1CCR2                       
00000182  TA1CCTL0                      
00000184  TA1CCTL1                      
00000186  TA1CCTL2                      
00000180  TA1CTL                        
0000011e  TA1IV                         
00000190  TA1R                          
000010db  TLV_ADC10_1_LEN               
000010da  TLV_ADC10_1_TAG               
000010c0  TLV_CHECKSUM                  
000010f7  TLV_DCO_30_LEN                
000010f6  TLV_DCO_30_TAG                
0000ed3e  UART_Init                     
0000e778  UART_PrintHex32               
0000ea60  UART_PrintHex8                
0000efb8  UART_WriteChar                
0000ee38  UART_WriteStr                 
0000005d  UCA0ABCTL                     
00000062  UCA0BR0                       
00000063  UCA0BR1                       
00000060  UCA0CTL0                      
00000061  UCA0CTL1                      
0000005f  UCA0IRRCTL                    
0000005e  UCA0IRTCTL                    
00000064  UCA0MCTL                      
00000066  UCA0RXBUF                     
00000065  UCA0STAT                      
00000067  UCA0TXBUF                     
0000006a  UCB0BR0                       
0000006b  UCB0BR1                       
00000068  UCB0CTL0                      
00000069  UCB0CTL1                      
0000006c  UCB0I2CIE                     
00000118  UCB0I2COA                     
0000011a  UCB0I2CSA                     
0000006e  UCB0RXBUF                     
0000006d  UCB0STAT                      
0000006f  UCB0TXBUF                     
00000120  WDTCTL                        
00000400  __STACK_END                   
00000050  __STACK_SIZE                  
0000f1f8  __TI_CINIT_Base               
0000f200  __TI_CINIT_Limit              
0000f1e8  __TI_Handler_Table_Base       
0000f1ee  __TI_Handler_Table_Limit      
0000f006  __TI_ISR_TRAP                 
0000ebd6  __TI_auto_init_nobinit_nopinit
0000e52e  __TI_decompress_lzss          
0000ef2e  __TI_decompress_none          
0000da98  __TI_frcaddd                  
0000c000  __TI_frcdivd                  
0000d5a4  __TI_frcmpyd                  
0000ffe0  __TI_int00                    
0000ffe4  __TI_int02                    
0000ffe6  __TI_int03                    
0000ffea  __TI_int05                    
0000ffec  __TI_int06                    
0000ffee  __TI_int07                    
0000fff0  __TI_int08                    
0000fff2  __TI_int09                    
0000fff4  __TI_int10                    
0000fff6  __TI_int11                    
0000fff8  __TI_int12                    
0000fffa  __TI_int13                    
0000fffc  __TI_int14                    
ffffffff  __TI_pprof_out_hndl           
ffffffff  __TI_prof_data_size           
ffffffff  __TI_prof_data_start          
0000e2a2  __TI_renormd                  
0000eece  __TI_zero_init_nomemset       
ffffffff  __c_args__                    
0000cfe6  __mspabi_addd                 
0000dcf8  __mspabi_divd                 
0000ee90  __mspabi_divu                 
0000ea08  __mspabi_divul                
0000e706  __mspabi_fixdli               
0000ef1c  __mspabi_fixdu                
0000e620  __mspabi_fixdul               
0000e360  __mspabi_fltlid               
0000f014  __mspabi_fltud                
0000e4a4  __mspabi_fltuld               
0000ef90  __mspabi_func_epilog_1        
0000ef8e  __mspabi_func_epilog_2        
0000ef8c  __mspabi_func_epilog_3        
0000ef8a  __mspabi_func_epilog_4        
0000ef88  __mspabi_func_epilog_5        
0000ef86  __mspabi_func_epilog_6        
0000ef84  __mspabi_func_epilog_7        
0000d82a  __mspabi_mpyd                 
0000eef6  __mspabi_mpyi                 
0000eef6  __mspabi_mpyi_sw              
0000edf0  __mspabi_mpyl                 
0000edf0  __mspabi_mpyl_sw              
0000ee90  __mspabi_remu                 
0000ea08  __mspabi_remul                
0000edc4  __mspabi_slli                 
0000edec  __mspabi_slli_1               
0000edda  __mspabi_slli_10              
0000edd8  __mspabi_slli_11              
0000edd6  __mspabi_slli_12              
0000edd4  __mspabi_slli_13              
0000edd2  __mspabi_slli_14              
0000edd0  __mspabi_slli_15              
0000edea  __mspabi_slli_2               
0000ede8  __mspabi_slli_3               
0000ede6  __mspabi_slli_4               
0000ede4  __mspabi_slli_5               
0000ede2  __mspabi_slli_6               
0000ede0  __mspabi_slli_7               
0000edde  __mspabi_slli_8               
0000eddc  __mspabi_slli_9               
0000ef74  __mspabi_slll                 
0000ed0a  __mspabi_slll_1               
0000ece6  __mspabi_slll_10              
0000ece2  __mspabi_slll_11              
0000ecde  __mspabi_slll_12              
0000ecda  __mspabi_slll_13              
0000ecd6  __mspabi_slll_14              
0000ecd2  __mspabi_slll_15              
0000ed06  __mspabi_slll_2               
0000ed02  __mspabi_slll_3               
0000ecfe  __mspabi_slll_4               
0000ecfa  __mspabi_slll_5               
0000ecf6  __mspabi_slll_6               
0000ecf2  __mspabi_slll_7               
0000ecee  __mspabi_slll_8               
0000ecea  __mspabi_slll_9               
0000ed98  __mspabi_srai                 
0000edc0  __mspabi_srai_1               
0000edae  __mspabi_srai_10              
0000edac  __mspabi_srai_11              
0000edaa  __mspabi_srai_12              
0000eda8  __mspabi_srai_13              
0000eda6  __mspabi_srai_14              
0000eda4  __mspabi_srai_15              
0000edbe  __mspabi_srai_2               
0000edbc  __mspabi_srai_3               
0000edba  __mspabi_srai_4               
0000edb8  __mspabi_srai_5               
0000edb6  __mspabi_srai_6               
0000edb4  __mspabi_srai_7               
0000edb2  __mspabi_srai_8               
0000edb0  __mspabi_srai_9               
0000ef64  __mspabi_sral                 
0000eccc  __mspabi_sral_1               
0000eca8  __mspabi_sral_10              
0000eca4  __mspabi_sral_11              
0000eca0  __mspabi_sral_12              
0000ec9c  __mspabi_sral_13              
0000ec98  __mspabi_sral_14              
0000ec94  __mspabi_sral_15              
0000ecc8  __mspabi_sral_2               
0000ecc4  __mspabi_sral_3               
0000ecc0  __mspabi_sral_4               
0000ecbc  __mspabi_sral_5               
0000ecb8  __mspabi_sral_6               
0000ecb4  __mspabi_sral_7               
0000ecb0  __mspabi_sral_8               
0000ecac  __mspabi_sral_9               
0000eb02  __mspabi_srli                 
0000eb48  __mspabi_srli_1               
0000eb24  __mspabi_srli_10              
0000eb20  __mspabi_srli_11              
0000eb1c  __mspabi_srli_12              
0000eb18  __mspabi_srli_13              
0000eb14  __mspabi_srli_14              
0000eb10  __mspabi_srli_15              
0000eb44  __mspabi_srli_2               
0000eb40  __mspabi_srli_3               
0000eb3c  __mspabi_srli_4               
0000eb38  __mspabi_srli_5               
0000eb34  __mspabi_srli_6               
0000eb30  __mspabi_srli_7               
0000eb2c  __mspabi_srli_8               
0000eb28  __mspabi_srli_9               
0000ef40  __mspabi_srll                 
0000e94e  __mspabi_srll_1               
0000e918  __mspabi_srll_10              
0000e912  __mspabi_srll_11              
0000e90c  __mspabi_srll_12              
0000e906  __mspabi_srll_13              
0000e900  __mspabi_srll_14              
0000e8fa  __mspabi_srll_15              
0000e948  __mspabi_srll_2               
0000e942  __mspabi_srll_3               
0000e93c  __mspabi_srll_4               
0000e936  __mspabi_srll_5               
0000e930  __mspabi_srll_6               
0000e92a  __mspabi_srll_7               
0000e924  __mspabi_srll_8               
0000e91e  __mspabi_srll_9               
0000ee74  _c_int00_noargs               
0000fffe  _reset_vector                 
000003b0  _stack                        
0000f026  _system_post_cinit            
0000f020  _system_pre_init              
0000f01a  abort                         
0000f112  fsk_bandwidths                
0000eb4e  main                          
0000ef52  memcpy                        
0000eee2  memset                        
0000f196  radio_registers               
00000300  sx1278                        


GLOBAL SYMBOLS: SORTED BY Symbol Address 

address   name                          
-------   ----                          
00000000  IE1                           
00000001  IE2                           
00000002  IFG1                          
00000003  IFG2                          
00000010  P3REN                         
00000018  P3IN                          
00000019  P3OUT                         
0000001a  P3DIR                         
0000001b  P3SEL                         
00000020  P1IN                          
00000021  P1OUT                         
00000022  P1DIR                         
00000023  P1IFG                         
00000024  P1IES                         
00000025  P1IE                          
00000026  P1SEL                         
00000027  P1REN                         
00000028  P2IN                          
00000029  P2OUT                         
0000002a  P2DIR                         
0000002b  P2IFG                         
0000002c  P2IES                         
0000002d  P2IE                          
0000002e  P2SEL                         
0000002f  P2REN                         
00000041  P1SEL2                        
00000042  P2SEL2                        
00000043  P3SEL2                        
00000048  ADC10DTC0                     
00000049  ADC10DTC1                     
0000004a  ADC10AE0                      
00000050  __STACK_SIZE                  
00000053  BCSCTL3                       
00000056  DCOCTL                        
00000057  BCSCTL1                       
00000058  BCSCTL2                       
00000059  CACTL1                        
0000005a  CACTL2                        
0000005b  CAPD                          
0000005d  UCA0ABCTL                     
0000005e  UCA0IRTCTL                    
0000005f  UCA0IRRCTL                    
00000060  UCA0CTL0                      
00000061  UCA0CTL1                      
00000062  UCA0BR0                       
00000063  UCA0BR1                       
00000064  UCA0MCTL                      
00000065  UCA0STAT                      
00000066  UCA0RXBUF                     
00000067  UCA0TXBUF                     
00000068  UCB0CTL0                      
00000069  UCB0CTL1                      
0000006a  UCB0BR0                       
0000006b  UCB0BR1                       
0000006c  UCB0I2CIE                     
0000006d  UCB0STAT                      
0000006e  UCB0RXBUF                     
0000006f  UCB0TXBUF                     
00000118  UCB0I2COA                     
0000011a  UCB0I2CSA                     
0000011e  TA1IV                         
00000120  WDTCTL                        
00000128  FCTL1                         
0000012a  FCTL2                         
0000012c  FCTL3                         
0000012e  TA0IV                         
00000160  TA0CTL                        
00000162  TA0CCTL0                      
00000164  TA0CCTL1                      
00000166  TA0CCTL2                      
00000170  TA0R                          
00000172  TA0CCR0                       
00000174  TA0CCR1                       
00000176  TA0CCR2                       
00000180  TA1CTL                        
00000182  TA1CCTL0                      
00000184  TA1CCTL1                      
00000186  TA1CCTL2                      
00000190  TA1R                          
00000192  TA1CCR0                       
00000194  TA1CCR1                       
00000196  TA1CCR2                       
000001b0  ADC10CTL0                     
000001b2  ADC10CTL1                     
000001b4  ADC10MEM                      
000001bc  ADC10SA                       
00000300  sx1278                        
00000366  SPI_Buffer                    
000003b0  _stack                        
00000400  __STACK_END                   
000010c0  TLV_CHECKSUM                  
000010da  TLV_ADC10_1_TAG               
000010db  TLV_ADC10_1_LEN               
000010f6  TLV_DCO_30_TAG                
000010f7  TLV_DCO_30_LEN                
000010f8  CALDCO_16MHZ                  
000010f9  CALBC1_16MHZ                  
000010fa  CALDCO_12MHZ                  
000010fb  CALBC1_12MHZ                  
000010fc  CALDCO_8MHZ                   
000010fd  CALBC1_8MHZ                   
000010fe  CALDCO_1MHZ                   
000010ff  CALBC1_1MHZ                   
0000c000  __TI_frcdivd                  
0000c478  SX1278_SetTXConfig            
0000c8c0  SX1278_SetRXConfig            
0000cc98  SX1278_SetRX                  
0000cfe6  __mspabi_addd                 
0000d2e0  SX1278_OnDIO0IRQ              
0000d5a4  __TI_frcmpyd                  
0000d82a  __mspabi_mpyd                 
0000da98  __TI_frcaddd                  
0000dcf8  __mspabi_divd                 
0000df30  SX1278_OnDIO1IRQ              
0000e032  SX1278_RXChainCalib           
0000e116  SX1278_OnDIO2IRQ              
0000e1e2  LORA_Init                     
0000e2a2  __TI_renormd                  
0000e360  __mspabi_fltlid               
0000e40c  Port_2_ISR                    
0000e4a4  __mspabi_fltuld               
0000e52e  __TI_decompress_lzss          
0000e5aa  OnRxDone                      
0000e620  __mspabi_fixdul               
0000e694  SX1278_SetModem               
0000e706  __mspabi_fixdli               
0000e778  UART_PrintHex32               
0000e7e4  SX1278_Init                   
0000e89e  SX1278_OnDIO3IRQ              
0000e8fa  __mspabi_srll_15              
0000e900  __mspabi_srll_14              
0000e906  __mspabi_srll_13              
0000e90c  __mspabi_srll_12              
0000e912  __mspabi_srll_11              
0000e918  __mspabi_srll_10              
0000e91e  __mspabi_srll_9               
0000e924  __mspabi_srll_8               
0000e92a  __mspabi_srll_7               
0000e930  __mspabi_srll_6               
0000e936  __mspabi_srll_5               
0000e93c  __mspabi_srll_4               
0000e942  __mspabi_srll_3               
0000e948  __mspabi_srll_2               
0000e94e  __mspabi_srll_1               
0000e956  SX1278_Reset                  
0000e9b0  SX1278_SetChannel             
0000ea08  __mspabi_divul                
0000ea08  __mspabi_remul                
0000ea60  UART_PrintHex8                
0000eab6  MCU_Init                      
0000eb02  __mspabi_srli                 
0000eb10  __mspabi_srli_15              
0000eb14  __mspabi_srli_14              
0000eb18  __mspabi_srli_13              
0000eb1c  __mspabi_srli_12              
0000eb20  __mspabi_srli_11              
0000eb24  __mspabi_srli_10              
0000eb28  __mspabi_srli_9               
0000eb2c  __mspabi_srli_8               
0000eb30  __mspabi_srli_7               
0000eb34  __mspabi_srli_6               
0000eb38  __mspabi_srli_5               
0000eb3c  __mspabi_srli_4               
0000eb40  __mspabi_srli_3               
0000eb44  __mspabi_srli_2               
0000eb48  __mspabi_srli_1               
0000eb4e  main                          
0000eb94  SX1278_ReadBuffer             
0000ebd6  __TI_auto_init_nobinit_nopinit
0000ec18  SPI_Init                      
0000ec56  SX1278_WriteBuffer            
0000ec94  __mspabi_sral_15              
0000ec98  __mspabi_sral_14              
0000ec9c  __mspabi_sral_13              
0000eca0  __mspabi_sral_12              
0000eca4  __mspabi_sral_11              
0000eca8  __mspabi_sral_10              
0000ecac  __mspabi_sral_9               
0000ecb0  __mspabi_sral_8               
0000ecb4  __mspabi_sral_7               
0000ecb8  __mspabi_sral_6               
0000ecbc  __mspabi_sral_5               
0000ecc0  __mspabi_sral_4               
0000ecc4  __mspabi_sral_3               
0000ecc8  __mspabi_sral_2               
0000eccc  __mspabi_sral_1               
0000ecd2  __mspabi_slll_15              
0000ecd6  __mspabi_slll_14              
0000ecda  __mspabi_slll_13              
0000ecde  __mspabi_slll_12              
0000ece2  __mspabi_slll_11              
0000ece6  __mspabi_slll_10              
0000ecea  __mspabi_slll_9               
0000ecee  __mspabi_slll_8               
0000ecf2  __mspabi_slll_7               
0000ecf6  __mspabi_slll_6               
0000ecfa  __mspabi_slll_5               
0000ecfe  __mspabi_slll_4               
0000ed02  __mspabi_slll_3               
0000ed06  __mspabi_slll_2               
0000ed0a  __mspabi_slll_1               
0000ed10  SX1278_Read                   
0000ed3e  UART_Init                     
0000ed6c  SX1278_Write                  
0000ed98  __mspabi_srai                 
0000eda4  __mspabi_srai_15              
0000eda6  __mspabi_srai_14              
0000eda8  __mspabi_srai_13              
0000edaa  __mspabi_srai_12              
0000edac  __mspabi_srai_11              
0000edae  __mspabi_srai_10              
0000edb0  __mspabi_srai_9               
0000edb2  __mspabi_srai_8               
0000edb4  __mspabi_srai_7               
0000edb6  __mspabi_srai_6               
0000edb8  __mspabi_srai_5               
0000edba  __mspabi_srai_4               
0000edbc  __mspabi_srai_3               
0000edbe  __mspabi_srai_2               
0000edc0  __mspabi_srai_1               
0000edc4  __mspabi_slli                 
0000edd0  __mspabi_slli_15              
0000edd2  __mspabi_slli_14              
0000edd4  __mspabi_slli_13              
0000edd6  __mspabi_slli_12              
0000edd8  __mspabi_slli_11              
0000edda  __mspabi_slli_10              
0000eddc  __mspabi_slli_9               
0000edde  __mspabi_slli_8               
0000ede0  __mspabi_slli_7               
0000ede2  __mspabi_slli_6               
0000ede4  __mspabi_slli_5               
0000ede6  __mspabi_slli_4               
0000ede8  __mspabi_slli_3               
0000edea  __mspabi_slli_2               
0000edec  __mspabi_slli_1               
0000edf0  __mspabi_mpyl                 
0000edf0  __mspabi_mpyl_sw              
0000ee16  Delay_ms                      
0000ee38  UART_WriteStr                 
0000ee58  SX1278_SetOpmode              
0000ee74  _c_int00_noargs               
0000ee90  __mspabi_divu                 
0000ee90  __mspabi_remu                 
0000eea6  SPI_ChipDisable               
0000eeba  SPI_ChipEnable                
0000eece  __TI_zero_init_nomemset       
0000eee2  memset                        
0000eef6  __mspabi_mpyi                 
0000eef6  __mspabi_mpyi_sw              
0000ef0a  SX1278_OnDIO4IRQ              
0000ef1c  __mspabi_fixdu                
0000ef2e  __TI_decompress_none          
0000ef40  __mspabi_srll                 
0000ef52  memcpy                        
0000ef64  __mspabi_sral                 
0000ef74  __mspabi_slll                 
0000ef84  __mspabi_func_epilog_7        
0000ef86  __mspabi_func_epilog_6        
0000ef88  __mspabi_func_epilog_5        
0000ef8a  __mspabi_func_epilog_4        
0000ef8c  __mspabi_func_epilog_3        
0000ef8e  __mspabi_func_epilog_2        
0000ef90  __mspabi_func_epilog_1        
0000ef94  SPI_Receive                   
0000efa0  SX1278_ReadFIFO               
0000efac  SX1278_WriteFIFO              
0000efb8  UART_WriteChar                
0000efc4  OnRxError                     
0000efce  OnRxTimeout                   
0000efd8  OnTxDone                      
0000efe2  SPI_SendByte                  
0000efec  SPI_TransferByte              
0000eff6  SPI_RXReady                   
0000effe  SPI_TXReady                   
0000f006  __TI_ISR_TRAP                 
0000f014  __mspabi_fltud                
0000f01a  C$$EXIT                       
0000f01a  abort                         
0000f020  _system_pre_init              
0000f024  SX1278_OnDIO5IRQ              
0000f026  _system_post_cinit            
0000f112  fsk_bandwidths                
0000f196  radio_registers               
0000f1e8  __TI_Handler_Table_Base       
0000f1ee  __TI_Handler_Table_Limit      
0000f1f8  __TI_CINIT_Base               
0000f200  __TI_CINIT_Limit              
0000ffe0  __TI_int00                    
0000ffe4  __TI_int02                    
0000ffe6  __TI_int03                    
0000ffea  __TI_int05                    
0000ffec  __TI_int06                    
0000ffee  __TI_int07                    
0000fff0  __TI_int08                    
0000fff2  __TI_int09                    
0000fff4  __TI_int10                    
0000fff6  __TI_int11                    
0000fff8  __TI_int12                    
0000fffa  __TI_int13                    
0000fffc  __TI_int14                    
0000fffe  _reset_vector                 
ffffffff  __TI_pprof_out_hndl           
ffffffff  __TI_prof_data_size           
ffffffff  __TI_prof_data_start          
ffffffff  __c_args__                    

[306 symbols]
