<?xml version="1.0" encoding="ISO-8859-1" ?>
<link_info>
   <banner>MSP430 Linker PC v20.2.1.LTS</banner>
   <copyright>Copyright (c) 2003-2018 Texas Instruments Incorporated</copyright>
   <link_time>0x5f2d0303</link_time>
   <link_errors>0x0</link_errors>
   <output_file>MSP430_SPI_LoRa.out</output_file>
   <entry_point>
      <name>_c_int00_noargs</name>
      <address>0xeef2</address>
   </entry_point>
   <input_file_list>
      <input_file id="fl-2">
         <path>.\</path>
         <kind>object</kind>
         <file>base64.obj</file>
         <name>base64.obj</name>
      </input_file>
      <input_file id="fl-3">
         <path>.\</path>
         <kind>object</kind>
         <file>main.obj</file>
         <name>main.obj</name>
      </input_file>
      <input_file id="fl-4">
         <path>.\</path>
         <kind>object</kind>
         <file>mcu.obj</file>
         <name>mcu.obj</name>
      </input_file>
      <input_file id="fl-5">
         <path>.\</path>
         <kind>object</kind>
         <file>spi.obj</file>
         <name>spi.obj</name>
      </input_file>
      <input_file id="fl-6">
         <path>.\</path>
         <kind>object</kind>
         <file>sx1276.obj</file>
         <name>sx1276.obj</name>
      </input_file>
      <input_file id="fl-7">
         <path>.\</path>
         <kind>object</kind>
         <file>uart.obj</file>
         <name>uart.obj</name>
      </input_file>
      <input_file id="fl-c">
         <kind>object</kind>
         <file>&lt;internal&gt;</file>
         <name>&lt;internal&gt;</name>
      </input_file>
      <input_file id="fl-22">
         <path>D:\TI\ccs1000\ccs\tools\compiler\ti-cgt-msp430_20.2.1.LTS\lib\</path>
         <kind>archive</kind>
         <file>rts430_eabi.lib</file>
         <name>s_ceil.c.obj</name>
      </input_file>
      <input_file id="fl-23">
         <path>D:\TI\ccs1000\ccs\tools\compiler\ti-cgt-msp430_20.2.1.LTS\lib\</path>
         <kind>archive</kind>
         <file>rts430_eabi.lib</file>
         <name>s_floor.c.obj</name>
      </input_file>
      <input_file id="fl-24">
         <path>D:\TI\ccs1000\ccs\tools\compiler\ti-cgt-msp430_20.2.1.LTS\lib\</path>
         <kind>archive</kind>
         <file>rts430_eabi.lib</file>
         <name>s_round.c.obj</name>
      </input_file>
      <input_file id="fl-25">
         <path>D:\TI\ccs1000\ccs\tools\compiler\ti-cgt-msp430_20.2.1.LTS\lib\</path>
         <kind>archive</kind>
         <file>rts430_eabi.lib</file>
         <name>asr16.asm.obj</name>
      </input_file>
      <input_file id="fl-26">
         <path>D:\TI\ccs1000\ccs\tools\compiler\ti-cgt-msp430_20.2.1.LTS\lib\</path>
         <kind>archive</kind>
         <file>rts430_eabi.lib</file>
         <name>asr32.asm.obj</name>
      </input_file>
      <input_file id="fl-27">
         <path>D:\TI\ccs1000\ccs\tools\compiler\ti-cgt-msp430_20.2.1.LTS\lib\</path>
         <kind>archive</kind>
         <file>rts430_eabi.lib</file>
         <name>div16s.asm.obj</name>
      </input_file>
      <input_file id="fl-28">
         <path>D:\TI\ccs1000\ccs\tools\compiler\ti-cgt-msp430_20.2.1.LTS\lib\</path>
         <kind>archive</kind>
         <file>rts430_eabi.lib</file>
         <name>div16u.asm.obj</name>
      </input_file>
      <input_file id="fl-29">
         <path>D:\TI\ccs1000\ccs\tools\compiler\ti-cgt-msp430_20.2.1.LTS\lib\</path>
         <kind>archive</kind>
         <file>rts430_eabi.lib</file>
         <name>div32u.asm.obj</name>
      </input_file>
      <input_file id="fl-2a">
         <path>D:\TI\ccs1000\ccs\tools\compiler\ti-cgt-msp430_20.2.1.LTS\lib\</path>
         <kind>archive</kind>
         <file>rts430_eabi.lib</file>
         <name>epilog.asm.obj</name>
      </input_file>
      <input_file id="fl-2b">
         <path>D:\TI\ccs1000\ccs\tools\compiler\ti-cgt-msp430_20.2.1.LTS\lib\</path>
         <kind>archive</kind>
         <file>rts430_eabi.lib</file>
         <name>int00.asm.obj</name>
      </input_file>
      <input_file id="fl-2c">
         <path>D:\TI\ccs1000\ccs\tools\compiler\ti-cgt-msp430_20.2.1.LTS\lib\</path>
         <kind>archive</kind>
         <file>rts430_eabi.lib</file>
         <name>int02.asm.obj</name>
      </input_file>
      <input_file id="fl-2d">
         <path>D:\TI\ccs1000\ccs\tools\compiler\ti-cgt-msp430_20.2.1.LTS\lib\</path>
         <kind>archive</kind>
         <file>rts430_eabi.lib</file>
         <name>int05.asm.obj</name>
      </input_file>
      <input_file id="fl-2e">
         <path>D:\TI\ccs1000\ccs\tools\compiler\ti-cgt-msp430_20.2.1.LTS\lib\</path>
         <kind>archive</kind>
         <file>rts430_eabi.lib</file>
         <name>int06.asm.obj</name>
      </input_file>
      <input_file id="fl-2f">
         <path>D:\TI\ccs1000\ccs\tools\compiler\ti-cgt-msp430_20.2.1.LTS\lib\</path>
         <kind>archive</kind>
         <file>rts430_eabi.lib</file>
         <name>int07.asm.obj</name>
      </input_file>
      <input_file id="fl-30">
         <path>D:\TI\ccs1000\ccs\tools\compiler\ti-cgt-msp430_20.2.1.LTS\lib\</path>
         <kind>archive</kind>
         <file>rts430_eabi.lib</file>
         <name>int08.asm.obj</name>
      </input_file>
      <input_file id="fl-31">
         <path>D:\TI\ccs1000\ccs\tools\compiler\ti-cgt-msp430_20.2.1.LTS\lib\</path>
         <kind>archive</kind>
         <file>rts430_eabi.lib</file>
         <name>int09.asm.obj</name>
      </input_file>
      <input_file id="fl-32">
         <path>D:\TI\ccs1000\ccs\tools\compiler\ti-cgt-msp430_20.2.1.LTS\lib\</path>
         <kind>archive</kind>
         <file>rts430_eabi.lib</file>
         <name>int10.asm.obj</name>
      </input_file>
      <input_file id="fl-33">
         <path>D:\TI\ccs1000\ccs\tools\compiler\ti-cgt-msp430_20.2.1.LTS\lib\</path>
         <kind>archive</kind>
         <file>rts430_eabi.lib</file>
         <name>int11.asm.obj</name>
      </input_file>
      <input_file id="fl-34">
         <path>D:\TI\ccs1000\ccs\tools\compiler\ti-cgt-msp430_20.2.1.LTS\lib\</path>
         <kind>archive</kind>
         <file>rts430_eabi.lib</file>
         <name>int12.asm.obj</name>
      </input_file>
      <input_file id="fl-35">
         <path>D:\TI\ccs1000\ccs\tools\compiler\ti-cgt-msp430_20.2.1.LTS\lib\</path>
         <kind>archive</kind>
         <file>rts430_eabi.lib</file>
         <name>int13.asm.obj</name>
      </input_file>
      <input_file id="fl-36">
         <path>D:\TI\ccs1000\ccs\tools\compiler\ti-cgt-msp430_20.2.1.LTS\lib\</path>
         <kind>archive</kind>
         <file>rts430_eabi.lib</file>
         <name>int14.asm.obj</name>
      </input_file>
      <input_file id="fl-37">
         <path>D:\TI\ccs1000\ccs\tools\compiler\ti-cgt-msp430_20.2.1.LTS\lib\</path>
         <kind>archive</kind>
         <file>rts430_eabi.lib</file>
         <name>isr_trap.asm.obj</name>
      </input_file>
      <input_file id="fl-38">
         <path>D:\TI\ccs1000\ccs\tools\compiler\ti-cgt-msp430_20.2.1.LTS\lib\</path>
         <kind>archive</kind>
         <file>rts430_eabi.lib</file>
         <name>lsl16.asm.obj</name>
      </input_file>
      <input_file id="fl-39">
         <path>D:\TI\ccs1000\ccs\tools\compiler\ti-cgt-msp430_20.2.1.LTS\lib\</path>
         <kind>archive</kind>
         <file>rts430_eabi.lib</file>
         <name>lsl32.asm.obj</name>
      </input_file>
      <input_file id="fl-3a">
         <path>D:\TI\ccs1000\ccs\tools\compiler\ti-cgt-msp430_20.2.1.LTS\lib\</path>
         <kind>archive</kind>
         <file>rts430_eabi.lib</file>
         <name>lsr16.asm.obj</name>
      </input_file>
      <input_file id="fl-3b">
         <path>D:\TI\ccs1000\ccs\tools\compiler\ti-cgt-msp430_20.2.1.LTS\lib\</path>
         <kind>archive</kind>
         <file>rts430_eabi.lib</file>
         <name>lsr32.asm.obj</name>
      </input_file>
      <input_file id="fl-3c">
         <path>D:\TI\ccs1000\ccs\tools\compiler\ti-cgt-msp430_20.2.1.LTS\lib\</path>
         <kind>archive</kind>
         <file>rts430_eabi.lib</file>
         <name>mult16.asm.obj</name>
      </input_file>
      <input_file id="fl-3d">
         <path>D:\TI\ccs1000\ccs\tools\compiler\ti-cgt-msp430_20.2.1.LTS\lib\</path>
         <kind>archive</kind>
         <file>rts430_eabi.lib</file>
         <name>boot.c.obj</name>
      </input_file>
      <input_file id="fl-3e">
         <path>D:\TI\ccs1000\ccs\tools\compiler\ti-cgt-msp430_20.2.1.LTS\lib\</path>
         <kind>archive</kind>
         <file>rts430_eabi.lib</file>
         <name>autoinit.c.obj</name>
      </input_file>
      <input_file id="fl-3f">
         <path>D:\TI\ccs1000\ccs\tools\compiler\ti-cgt-msp430_20.2.1.LTS\lib\</path>
         <kind>archive</kind>
         <file>rts430_eabi.lib</file>
         <name>copy_zero_init.c.obj</name>
      </input_file>
      <input_file id="fl-40">
         <path>D:\TI\ccs1000\ccs\tools\compiler\ti-cgt-msp430_20.2.1.LTS\lib\</path>
         <kind>archive</kind>
         <file>rts430_eabi.lib</file>
         <name>cpy_tbl.c.obj</name>
      </input_file>
      <input_file id="fl-41">
         <path>D:\TI\ccs1000\ccs\tools\compiler\ti-cgt-msp430_20.2.1.LTS\lib\</path>
         <kind>archive</kind>
         <file>rts430_eabi.lib</file>
         <name>mpu_init.c.obj</name>
      </input_file>
      <input_file id="fl-42">
         <path>D:\TI\ccs1000\ccs\tools\compiler\ti-cgt-msp430_20.2.1.LTS\lib\</path>
         <kind>archive</kind>
         <file>rts430_eabi.lib</file>
         <name>lsr64.c.obj</name>
      </input_file>
      <input_file id="fl-43">
         <path>D:\TI\ccs1000\ccs\tools\compiler\ti-cgt-msp430_20.2.1.LTS\lib\</path>
         <kind>archive</kind>
         <file>rts430_eabi.lib</file>
         <name>pre_init.c.obj</name>
      </input_file>
      <input_file id="fl-44">
         <path>D:\TI\ccs1000\ccs\tools\compiler\ti-cgt-msp430_20.2.1.LTS\lib\</path>
         <kind>archive</kind>
         <file>rts430_eabi.lib</file>
         <name>startup.c.obj</name>
      </input_file>
      <input_file id="fl-45">
         <path>D:\TI\ccs1000\ccs\tools\compiler\ti-cgt-msp430_20.2.1.LTS\lib\</path>
         <kind>archive</kind>
         <file>rts430_eabi.lib</file>
         <name>copy_decompress_none.c.obj</name>
      </input_file>
      <input_file id="fl-46">
         <path>D:\TI\ccs1000\ccs\tools\compiler\ti-cgt-msp430_20.2.1.LTS\lib\</path>
         <kind>archive</kind>
         <file>rts430_eabi.lib</file>
         <name>copy_decompress_lzss.c.obj</name>
      </input_file>
      <input_file id="fl-47">
         <path>D:\TI\ccs1000\ccs\tools\compiler\ti-cgt-msp430_20.2.1.LTS\lib\</path>
         <kind>archive</kind>
         <file>rts430_eabi.lib</file>
         <name>addd.c.obj</name>
      </input_file>
      <input_file id="fl-48">
         <path>D:\TI\ccs1000\ccs\tools\compiler\ti-cgt-msp430_20.2.1.LTS\lib\</path>
         <kind>archive</kind>
         <file>rts430_eabi.lib</file>
         <name>cmpd.c.obj</name>
      </input_file>
      <input_file id="fl-49">
         <path>D:\TI\ccs1000\ccs\tools\compiler\ti-cgt-msp430_20.2.1.LTS\lib\</path>
         <kind>archive</kind>
         <file>rts430_eabi.lib</file>
         <name>divd.c.obj</name>
      </input_file>
      <input_file id="fl-4a">
         <path>D:\TI\ccs1000\ccs\tools\compiler\ti-cgt-msp430_20.2.1.LTS\lib\</path>
         <kind>archive</kind>
         <file>rts430_eabi.lib</file>
         <name>fixdli.c.obj</name>
      </input_file>
      <input_file id="fl-4b">
         <path>D:\TI\ccs1000\ccs\tools\compiler\ti-cgt-msp430_20.2.1.LTS\lib\</path>
         <kind>archive</kind>
         <file>rts430_eabi.lib</file>
         <name>fixdu.c.obj</name>
      </input_file>
      <input_file id="fl-4c">
         <path>D:\TI\ccs1000\ccs\tools\compiler\ti-cgt-msp430_20.2.1.LTS\lib\</path>
         <kind>archive</kind>
         <file>rts430_eabi.lib</file>
         <name>fixdul.c.obj</name>
      </input_file>
      <input_file id="fl-4d">
         <path>D:\TI\ccs1000\ccs\tools\compiler\ti-cgt-msp430_20.2.1.LTS\lib\</path>
         <kind>archive</kind>
         <file>rts430_eabi.lib</file>
         <name>fltid.c.obj</name>
      </input_file>
      <input_file id="fl-4e">
         <path>D:\TI\ccs1000\ccs\tools\compiler\ti-cgt-msp430_20.2.1.LTS\lib\</path>
         <kind>archive</kind>
         <file>rts430_eabi.lib</file>
         <name>fltlid.c.obj</name>
      </input_file>
      <input_file id="fl-4f">
         <path>D:\TI\ccs1000\ccs\tools\compiler\ti-cgt-msp430_20.2.1.LTS\lib\</path>
         <kind>archive</kind>
         <file>rts430_eabi.lib</file>
         <name>fltud.c.obj</name>
      </input_file>
      <input_file id="fl-50">
         <path>D:\TI\ccs1000\ccs\tools\compiler\ti-cgt-msp430_20.2.1.LTS\lib\</path>
         <kind>archive</kind>
         <file>rts430_eabi.lib</file>
         <name>fltuld.c.obj</name>
      </input_file>
      <input_file id="fl-51">
         <path>D:\TI\ccs1000\ccs\tools\compiler\ti-cgt-msp430_20.2.1.LTS\lib\</path>
         <kind>archive</kind>
         <file>rts430_eabi.lib</file>
         <name>frcaddd.c.obj</name>
      </input_file>
      <input_file id="fl-52">
         <path>D:\TI\ccs1000\ccs\tools\compiler\ti-cgt-msp430_20.2.1.LTS\lib\</path>
         <kind>archive</kind>
         <file>rts430_eabi.lib</file>
         <name>frcdivd.c.obj</name>
      </input_file>
      <input_file id="fl-53">
         <path>D:\TI\ccs1000\ccs\tools\compiler\ti-cgt-msp430_20.2.1.LTS\lib\</path>
         <kind>archive</kind>
         <file>rts430_eabi.lib</file>
         <name>mpyd.c.obj</name>
      </input_file>
      <input_file id="fl-54">
         <path>D:\TI\ccs1000\ccs\tools\compiler\ti-cgt-msp430_20.2.1.LTS\lib\</path>
         <kind>archive</kind>
         <file>rts430_eabi.lib</file>
         <name>negd.c.obj</name>
      </input_file>
      <input_file id="fl-55">
         <path>D:\TI\ccs1000\ccs\tools\compiler\ti-cgt-msp430_20.2.1.LTS\lib\</path>
         <kind>archive</kind>
         <file>rts430_eabi.lib</file>
         <name>renormd.c.obj</name>
      </input_file>
      <input_file id="fl-56">
         <path>D:\TI\ccs1000\ccs\tools\compiler\ti-cgt-msp430_20.2.1.LTS\lib\</path>
         <kind>archive</kind>
         <file>rts430_eabi.lib</file>
         <name>subd.c.obj</name>
      </input_file>
      <input_file id="fl-57">
         <path>D:\TI\ccs1000\ccs\tools\compiler\ti-cgt-msp430_20.2.1.LTS\lib\</path>
         <kind>archive</kind>
         <file>rts430_eabi.lib</file>
         <name>exit.c.obj</name>
      </input_file>
      <input_file id="fl-58">
         <path>D:\TI\ccs1000\ccs\tools\compiler\ti-cgt-msp430_20.2.1.LTS\lib\</path>
         <kind>archive</kind>
         <file>rts430_eabi.lib</file>
         <name>_lock.c.obj</name>
      </input_file>
      <input_file id="fl-59">
         <path>D:\TI\ccs1000\ccs\tools\compiler\ti-cgt-msp430_20.2.1.LTS\lib\</path>
         <kind>archive</kind>
         <file>rts430_eabi.lib</file>
         <name>args_main.c.obj</name>
      </input_file>
      <input_file id="fl-5a">
         <path>D:\TI\ccs1000\ccs\tools\compiler\ti-cgt-msp430_20.2.1.LTS\lib\</path>
         <kind>archive</kind>
         <file>rts430_eabi.lib</file>
         <name>memcpy.c.obj</name>
      </input_file>
      <input_file id="fl-5b">
         <path>D:\TI\ccs1000\ccs\tools\compiler\ti-cgt-msp430_20.2.1.LTS\lib\</path>
         <kind>archive</kind>
         <file>rts430_eabi.lib</file>
         <name>memset.c.obj</name>
      </input_file>
      <input_file id="fl-5c">
         <path>D:\TI\ccs1000\ccs\tools\compiler\ti-cgt-msp430_20.2.1.LTS\lib\</path>
         <kind>archive</kind>
         <file>rts430_eabi.lib</file>
         <name>mult32.asm.obj</name>
      </input_file>
      <input_file id="fl-5d">
         <path>D:\TI\ccs1000\ccs\tools\compiler\ti-cgt-msp430_20.2.1.LTS\lib\</path>
         <kind>archive</kind>
         <file>rts430_eabi.lib</file>
         <name>exit_gvars.c.obj</name>
      </input_file>
      <input_file id="fl-5e">
         <path>D:\TI\ccs1000\ccs\tools\compiler\ti-cgt-msp430_20.2.1.LTS\lib\</path>
         <kind>archive</kind>
         <file>rts430_eabi.lib</file>
         <name>frcmpyd.c.obj</name>
      </input_file>
   </input_file_list>
   <object_component_list>
      <object_component id="oc-309">
         <name>.bss:radio_events</name>
         <uninitialized>true</uninitialized>
         <run_address>0x356</run_address>
         <size>0xe</size>
         <input_file_ref idref="fl-3"/>
      </object_component>
      <object_component id="oc-1e2">
         <name>.bss:RxTxBuffer</name>
         <uninitialized>true</uninitialized>
         <run_address>0x200</run_address>
         <size>0x100</size>
         <input_file_ref idref="fl-6"/>
      </object_component>
      <object_component id="oc-1b4">
         <name>.bss</name>
         <uninitialized>true</uninitialized>
         <run_address>0x364</run_address>
         <size>0x2</size>
         <input_file_ref idref="fl-6"/>
      </object_component>
      <object_component id="oc-1a4">
         <name>.common:sx1278</name>
         <uninitialized>true</uninitialized>
         <run_address>0x300</run_address>
         <size>0x56</size>
      </object_component>
      <object_component id="oc-291">
         <name>.data</name>
         <load_address>0x38e</load_address>
         <run_address>0x38e</run_address>
         <size>0x1</size>
         <input_file_ref idref="fl-5"/>
      </object_component>
      <object_component id="oc-2ae">
         <name>.data:Lora_channel</name>
         <load_address>0x366</load_address>
         <run_address>0x366</run_address>
         <size>0x28</size>
         <input_file_ref idref="fl-6"/>
      </object_component>
      <object_component id="oc-b1">
         <name>.stack</name>
         <uninitialized>true</uninitialized>
         <run_address>0x3b0</run_address>
         <size>0x2</size>
         <input_file_ref idref="fl-3d"/>
      </object_component>
      <object_component id="oc-4b4">
         <name>.stack</name>
         <uninitialized>true</uninitialized>
         <run_address>0x3b0</run_address>
         <size>0x0</size>
      </object_component>
      <object_component id="oc-41c">
         <name>.text:__TI_frcdivd</name>
         <load_address>0xc000</load_address>
         <run_address>0xc000</run_address>
         <size>0x478</size>
         <input_file_ref idref="fl-52"/>
      </object_component>
      <object_component id="oc-312">
         <name>.text:SX1278_SetTXConfig</name>
         <load_address>0xc478</load_address>
         <run_address>0xc478</run_address>
         <size>0x448</size>
         <input_file_ref idref="fl-6"/>
      </object_component>
      <object_component id="oc-318">
         <name>.text:SX1278_SetRXConfig</name>
         <load_address>0xc8c0</load_address>
         <run_address>0xc8c0</run_address>
         <size>0x3d8</size>
         <input_file_ref idref="fl-6"/>
      </object_component>
      <object_component id="oc-22c">
         <name>.text:SX1278_SetRX</name>
         <load_address>0xcc98</load_address>
         <run_address>0xcc98</run_address>
         <size>0x34e</size>
         <input_file_ref idref="fl-6"/>
      </object_component>
      <object_component id="oc-31f">
         <name>.text:__mspabi_addd</name>
         <load_address>0xcfe6</load_address>
         <run_address>0xcfe6</run_address>
         <size>0x2fa</size>
         <input_file_ref idref="fl-47"/>
      </object_component>
      <object_component id="oc-162">
         <name>.text:SX1278_OnDIO0IRQ</name>
         <load_address>0xd2e0</load_address>
         <run_address>0xd2e0</run_address>
         <size>0x2c4</size>
         <input_file_ref idref="fl-6"/>
      </object_component>
      <object_component id="oc-2d6">
         <name>.text:__TI_frcmpyd</name>
         <load_address>0xd5a4</load_address>
         <run_address>0xd5a4</run_address>
         <size>0x286</size>
         <input_file_ref idref="fl-5e"/>
      </object_component>
      <object_component id="oc-1d6">
         <name>.text:__mspabi_mpyd</name>
         <load_address>0xd82a</load_address>
         <run_address>0xd82a</run_address>
         <size>0x26e</size>
         <input_file_ref idref="fl-53"/>
      </object_component>
      <object_component id="oc-3dc">
         <name>.text:__TI_frcaddd</name>
         <load_address>0xda98</load_address>
         <run_address>0xda98</run_address>
         <size>0x260</size>
         <input_file_ref idref="fl-51"/>
      </object_component>
      <object_component id="oc-383">
         <name>.text:__mspabi_divd</name>
         <load_address>0xdcf8</load_address>
         <run_address>0xdcf8</run_address>
         <size>0x238</size>
         <input_file_ref idref="fl-49"/>
      </object_component>
      <object_component id="oc-15c">
         <name>.text:SX1278_OnDIO1IRQ</name>
         <load_address>0xdf30</load_address>
         <run_address>0xdf30</run_address>
         <size>0x102</size>
         <input_file_ref idref="fl-6"/>
      </object_component>
      <object_component id="oc-156">
         <name>.text:SX1278_OnDIO2IRQ</name>
         <load_address>0xe032</load_address>
         <run_address>0xe032</run_address>
         <size>0xfc</size>
         <input_file_ref idref="fl-6"/>
      </object_component>
      <object_component id="oc-3b8">
         <name>.text:SX1278_RXChainCalib</name>
         <load_address>0xe12e</load_address>
         <run_address>0xe12e</run_address>
         <size>0xe4</size>
         <input_file_ref idref="fl-6"/>
      </object_component>
      <object_component id="oc-226">
         <name>.text:rf_init_lora</name>
         <load_address>0xe212</load_address>
         <run_address>0xe212</run_address>
         <size>0xc2</size>
         <input_file_ref idref="fl-3"/>
      </object_component>
      <object_component id="oc-447">
         <name>.text:__TI_renormd</name>
         <load_address>0xe2d4</load_address>
         <run_address>0xe2d4</run_address>
         <size>0xbe</size>
         <input_file_ref idref="fl-55"/>
      </object_component>
      <object_component id="oc-1d0">
         <name>.text:__mspabi_fltlid</name>
         <load_address>0xe392</load_address>
         <run_address>0xe392</run_address>
         <size>0xac</size>
         <input_file_ref idref="fl-4e"/>
      </object_component>
      <object_component id="oc-e1">
         <name>.text:Port_2_ISR</name>
         <load_address>0xe43e</load_address>
         <run_address>0xe43e</run_address>
         <size>0x98</size>
         <input_file_ref idref="fl-3"/>
      </object_component>
      <object_component id="oc-2b8">
         <name>.text:__mspabi_fltuld</name>
         <load_address>0xe4d6</load_address>
         <run_address>0xe4d6</run_address>
         <size>0x8a</size>
         <input_file_ref idref="fl-50"/>
      </object_component>
      <object_component id="oc-34">
         <name>.text:decompress:lzss:__TI_decompress_lzss</name>
         <load_address>0xe560</load_address>
         <run_address>0xe560</run_address>
         <size>0x7c</size>
         <input_file_ref idref="fl-46"/>
      </object_component>
      <object_component id="oc-1ff">
         <name>.text:OnRxDone</name>
         <load_address>0xe5dc</load_address>
         <run_address>0xe5dc</run_address>
         <size>0x76</size>
         <input_file_ref idref="fl-3"/>
      </object_component>
      <object_component id="oc-325">
         <name>.text:__mspabi_fixdul</name>
         <load_address>0xe652</load_address>
         <run_address>0xe652</run_address>
         <size>0x74</size>
         <input_file_ref idref="fl-4c"/>
      </object_component>
      <object_component id="oc-3c1">
         <name>.text:SX1278_SetModem</name>
         <load_address>0xe6c6</load_address>
         <run_address>0xe6c6</run_address>
         <size>0x72</size>
         <input_file_ref idref="fl-6"/>
      </object_component>
      <object_component id="oc-1ca">
         <name>.text:__mspabi_fixdli</name>
         <load_address>0xe738</load_address>
         <run_address>0xe738</run_address>
         <size>0x72</size>
         <input_file_ref idref="fl-4a"/>
      </object_component>
      <object_component id="oc-2f1">
         <name>.text:UART_PrintHex32</name>
         <load_address>0xe7aa</load_address>
         <run_address>0xe7aa</run_address>
         <size>0x6c</size>
         <input_file_ref idref="fl-7"/>
      </object_component>
      <object_component id="oc-30c">
         <name>.text:SX1278_Init</name>
         <load_address>0xe816</load_address>
         <run_address>0xe816</run_address>
         <size>0x5e</size>
         <input_file_ref idref="fl-6"/>
      </object_component>
      <object_component id="oc-3d5">
         <name>.text:SX1278_GetFSKBandwithVal</name>
         <load_address>0xe874</load_address>
         <run_address>0xe874</run_address>
         <size>0x5c</size>
         <input_file_ref idref="fl-6"/>
      </object_component>
      <object_component id="oc-150">
         <name>.text:SX1278_OnDIO3IRQ</name>
         <load_address>0xe8d0</load_address>
         <run_address>0xe8d0</run_address>
         <size>0x5c</size>
         <input_file_ref idref="fl-6"/>
      </object_component>
      <object_component id="oc-2ca">
         <name>.text:l_lsr_const</name>
         <load_address>0xe92c</load_address>
         <run_address>0xe92c</run_address>
         <size>0x5c</size>
         <input_file_ref idref="fl-3b"/>
      </object_component>
      <object_component id="oc-3b2">
         <name>.text:SX1278_Reset</name>
         <load_address>0xe988</load_address>
         <run_address>0xe988</run_address>
         <size>0x5a</size>
         <input_file_ref idref="fl-6"/>
      </object_component>
      <object_component id="oc-2b1">
         <name>.text:SX1278_SetChannel</name>
         <load_address>0xe9e2</load_address>
         <run_address>0xe9e2</run_address>
         <size>0x58</size>
         <input_file_ref idref="fl-6"/>
      </object_component>
      <object_component id="oc-3a7">
         <name>.text</name>
         <load_address>0xea3a</load_address>
         <run_address>0xea3a</run_address>
         <size>0x58</size>
         <input_file_ref idref="fl-29"/>
      </object_component>
      <object_component id="oc-1b8">
         <name>.text:UART_PrintHex8</name>
         <load_address>0xea92</load_address>
         <run_address>0xea92</run_address>
         <size>0x56</size>
         <input_file_ref idref="fl-7"/>
      </object_component>
      <object_component id="oc-214">
         <name>.text:MCU_Init</name>
         <load_address>0xeae8</load_address>
         <run_address>0xeae8</run_address>
         <size>0x4c</size>
         <input_file_ref idref="fl-4"/>
      </object_component>
      <object_component id="oc-ba">
         <name>.text</name>
         <load_address>0xeb34</load_address>
         <run_address>0xeb34</run_address>
         <size>0x4c</size>
         <input_file_ref idref="fl-3a"/>
      </object_component>
      <object_component id="oc-177">
         <name>.text:main</name>
         <load_address>0xeb80</load_address>
         <run_address>0xeb80</run_address>
         <size>0x4a</size>
         <input_file_ref idref="fl-3"/>
      </object_component>
      <object_component id="oc-2e8">
         <name>.text:SX1278_ReadBuffer</name>
         <load_address>0xebca</load_address>
         <run_address>0xebca</run_address>
         <size>0x42</size>
         <input_file_ref idref="fl-6"/>
      </object_component>
      <object_component id="oc-23f">
         <name>.text:__TI_auto_init_nobinit_nopinit:__TI_auto_init_nobinit_nopinit</name>
         <load_address>0xec0c</load_address>
         <run_address>0xec0c</run_address>
         <size>0x42</size>
         <input_file_ref idref="fl-3e"/>
      </object_component>
      <object_component id="oc-220">
         <name>.text:SPI_Init</name>
         <load_address>0xec4e</load_address>
         <run_address>0xec4e</run_address>
         <size>0x3e</size>
         <input_file_ref idref="fl-5"/>
      </object_component>
      <object_component id="oc-2e1">
         <name>.text:SX1278_WriteBuffer</name>
         <load_address>0xec8c</load_address>
         <run_address>0xec8c</run_address>
         <size>0x3e</size>
         <input_file_ref idref="fl-6"/>
      </object_component>
      <object_component id="oc-391">
         <name>.text:l_asr_const</name>
         <load_address>0xecca</load_address>
         <run_address>0xecca</run_address>
         <size>0x3e</size>
         <input_file_ref idref="fl-26"/>
      </object_component>
      <object_component id="oc-2bf">
         <name>.text:l_lsl_const</name>
         <load_address>0xed08</load_address>
         <run_address>0xed08</run_address>
         <size>0x3e</size>
         <input_file_ref idref="fl-39"/>
      </object_component>
      <object_component id="oc-1a8">
         <name>.text:SX1278_Read</name>
         <load_address>0xed46</load_address>
         <run_address>0xed46</run_address>
         <size>0x2e</size>
         <input_file_ref idref="fl-6"/>
      </object_component>
      <object_component id="oc-21a">
         <name>.text:UART_Init</name>
         <load_address>0xed74</load_address>
         <run_address>0xed74</run_address>
         <size>0x2e</size>
         <input_file_ref idref="fl-7"/>
      </object_component>
      <object_component id="oc-1ae">
         <name>.text:SX1278_Write</name>
         <load_address>0xeda2</load_address>
         <run_address>0xeda2</run_address>
         <size>0x2c</size>
         <input_file_ref idref="fl-6"/>
      </object_component>
      <object_component id="oc-1dc">
         <name>.text</name>
         <load_address>0xedce</load_address>
         <run_address>0xedce</run_address>
         <size>0x2c</size>
         <input_file_ref idref="fl-25"/>
      </object_component>
      <object_component id="oc-2a9">
         <name>.text</name>
         <load_address>0xedfa</load_address>
         <run_address>0xedfa</run_address>
         <size>0x2c</size>
         <input_file_ref idref="fl-27"/>
      </object_component>
      <object_component id="oc-b5">
         <name>.text</name>
         <load_address>0xee26</load_address>
         <run_address>0xee26</run_address>
         <size>0x2c</size>
         <input_file_ref idref="fl-38"/>
      </object_component>
      <object_component id="oc-396">
         <name>.text</name>
         <load_address>0xee52</load_address>
         <run_address>0xee52</run_address>
         <size>0x26</size>
         <input_file_ref idref="fl-5c"/>
      </object_component>
      <object_component id="oc-42c">
         <name>.text:Delay_ms</name>
         <load_address>0xee78</load_address>
         <run_address>0xee78</run_address>
         <size>0x22</size>
         <input_file_ref idref="fl-4"/>
      </object_component>
      <object_component id="oc-13e">
         <name>.text:UART_WriteStr</name>
         <load_address>0xee9a</load_address>
         <run_address>0xee9a</run_address>
         <size>0x20</size>
         <input_file_ref idref="fl-7"/>
      </object_component>
      <object_component id="oc-1be">
         <name>.text:SX1278_ChangeFHSS</name>
         <load_address>0xeeba</load_address>
         <run_address>0xeeba</run_address>
         <size>0x1c</size>
         <input_file_ref idref="fl-6"/>
      </object_component>
      <object_component id="oc-331">
         <name>.text:SX1278_SetOpmode</name>
         <load_address>0xeed6</load_address>
         <run_address>0xeed6</run_address>
         <size>0x1c</size>
         <input_file_ref idref="fl-6"/>
      </object_component>
      <object_component id="oc-f9">
         <name>.text:_c_int00_noargs</name>
         <load_address>0xeef2</load_address>
         <run_address>0xeef2</run_address>
         <size>0x1c</size>
         <input_file_ref idref="fl-3d"/>
      </object_component>
      <object_component id="oc-29e">
         <name>.text</name>
         <load_address>0xef0e</load_address>
         <run_address>0xef0e</run_address>
         <size>0x16</size>
         <input_file_ref idref="fl-28"/>
      </object_component>
      <object_component id="oc-1f1">
         <name>.text:OnRxTimeout</name>
         <load_address>0xef24</load_address>
         <run_address>0xef24</run_address>
         <size>0x14</size>
         <input_file_ref idref="fl-3"/>
      </object_component>
      <object_component id="oc-294">
         <name>.text:SPI_ChipDisable</name>
         <load_address>0xef38</load_address>
         <run_address>0xef38</run_address>
         <size>0x14</size>
         <input_file_ref idref="fl-5"/>
      </object_component>
      <object_component id="oc-285">
         <name>.text:SPI_ChipEnable</name>
         <load_address>0xef4c</load_address>
         <run_address>0xef4c</run_address>
         <size>0x14</size>
         <input_file_ref idref="fl-5"/>
      </object_component>
      <object_component id="oc-e7">
         <name>.text:decompress:ZI:__TI_zero_init_nomemset:__TI_zero_init_nomemset</name>
         <load_address>0xef60</load_address>
         <run_address>0xef60</run_address>
         <size>0x14</size>
         <input_file_ref idref="fl-3f"/>
      </object_component>
      <object_component id="oc-32b">
         <name>.text:memset</name>
         <load_address>0xef74</load_address>
         <run_address>0xef74</run_address>
         <size>0x14</size>
         <input_file_ref idref="fl-5b"/>
      </object_component>
      <object_component id="oc-2a3">
         <name>.text</name>
         <load_address>0xef88</load_address>
         <run_address>0xef88</run_address>
         <size>0x14</size>
         <input_file_ref idref="fl-3c"/>
      </object_component>
      <object_component id="oc-14a">
         <name>.text:SX1278_OnDIO4IRQ</name>
         <load_address>0xef9c</load_address>
         <run_address>0xef9c</run_address>
         <size>0x12</size>
         <input_file_ref idref="fl-6"/>
      </object_component>
      <object_component id="oc-3ce">
         <name>.text:__mspabi_fixdu</name>
         <load_address>0xefae</load_address>
         <run_address>0xefae</run_address>
         <size>0x12</size>
         <input_file_ref idref="fl-4b"/>
      </object_component>
      <object_component id="oc-3a">
         <name>.text:decompress:none:__TI_decompress_none</name>
         <load_address>0xefc0</load_address>
         <run_address>0xefc0</run_address>
         <size>0x12</size>
         <input_file_ref idref="fl-45"/>
      </object_component>
      <object_component id="oc-2c4">
         <name>.text:l_lsr</name>
         <load_address>0xefd2</load_address>
         <run_address>0xefd2</run_address>
         <size>0x12</size>
         <input_file_ref idref="fl-3b"/>
      </object_component>
      <object_component id="oc-cf">
         <name>.text:memcpy</name>
         <load_address>0xefe4</load_address>
         <run_address>0xefe4</run_address>
         <size>0x12</size>
         <input_file_ref idref="fl-5a"/>
      </object_component>
      <object_component id="oc-442">
         <name>.text:l_asr</name>
         <load_address>0xeff6</load_address>
         <run_address>0xeff6</run_address>
         <size>0x10</size>
         <input_file_ref idref="fl-26"/>
      </object_component>
      <object_component id="oc-43d">
         <name>.text:l_lsl</name>
         <load_address>0xf006</load_address>
         <run_address>0xf006</run_address>
         <size>0x10</size>
         <input_file_ref idref="fl-39"/>
      </object_component>
      <object_component id="oc-bf">
         <name>.text</name>
         <load_address>0xf016</load_address>
         <run_address>0xf016</run_address>
         <size>0x10</size>
         <input_file_ref idref="fl-2a"/>
      </object_component>
      <object_component id="oc-373">
         <name>.text:SPI_Receive</name>
         <load_address>0xf026</load_address>
         <run_address>0xf026</run_address>
         <size>0xc</size>
         <input_file_ref idref="fl-5"/>
      </object_component>
      <object_component id="oc-1eb">
         <name>.text:SX1278_ReadFIFO</name>
         <load_address>0xf032</load_address>
         <run_address>0xf032</run_address>
         <size>0xc</size>
         <input_file_ref idref="fl-6"/>
      </object_component>
      <object_component id="oc-1e5">
         <name>.text:SX1278_WriteFIFO</name>
         <load_address>0xf03e</load_address>
         <run_address>0xf03e</run_address>
         <size>0xc</size>
         <input_file_ref idref="fl-6"/>
      </object_component>
      <object_component id="oc-2f7">
         <name>.text:UART_WriteChar</name>
         <load_address>0xf04a</load_address>
         <run_address>0xf04a</run_address>
         <size>0xc</size>
         <input_file_ref idref="fl-7"/>
      </object_component>
      <object_component id="oc-205">
         <name>.text:OnRxError</name>
         <load_address>0xf056</load_address>
         <run_address>0xf056</run_address>
         <size>0xa</size>
         <input_file_ref idref="fl-3"/>
      </object_component>
      <object_component id="oc-1f8">
         <name>.text:OnTxDone</name>
         <load_address>0xf060</load_address>
         <run_address>0xf060</run_address>
         <size>0xa</size>
         <input_file_ref idref="fl-3"/>
      </object_component>
      <object_component id="oc-36d">
         <name>.text:SPI_SendByte</name>
         <load_address>0xf06a</load_address>
         <run_address>0xf06a</run_address>
         <size>0xa</size>
         <input_file_ref idref="fl-5"/>
      </object_component>
      <object_component id="oc-28b">
         <name>.text:SPI_TransferByte</name>
         <load_address>0xf074</load_address>
         <run_address>0xf074</run_address>
         <size>0xa</size>
         <input_file_ref idref="fl-5"/>
      </object_component>
      <object_component id="oc-413">
         <name>.text:SPI_RXReady</name>
         <load_address>0xf07e</load_address>
         <run_address>0xf07e</run_address>
         <size>0x8</size>
         <input_file_ref idref="fl-5"/>
      </object_component>
      <object_component id="oc-39f">
         <name>.text:SPI_TXReady</name>
         <load_address>0xf086</load_address>
         <run_address>0xf086</run_address>
         <size>0x8</size>
         <input_file_ref idref="fl-5"/>
      </object_component>
      <object_component id="oc-dc">
         <name>.text:_isr:__TI_ISR_TRAP</name>
         <load_address>0xf08e</load_address>
         <run_address>0xf08e</run_address>
         <size>0x8</size>
         <input_file_ref idref="fl-37"/>
      </object_component>
      <object_component id="oc-3c8">
         <name>.text:SX1278_GetPASelect</name>
         <load_address>0xf096</load_address>
         <run_address>0xf096</run_address>
         <size>0x6</size>
         <input_file_ref idref="fl-6"/>
      </object_component>
      <object_component id="oc-1c4">
         <name>.text:__mspabi_fltud</name>
         <load_address>0xf09c</load_address>
         <run_address>0xf09c</run_address>
         <size>0x6</size>
         <input_file_ref idref="fl-4f"/>
      </object_component>
      <object_component id="oc-233">
         <name>.text:abort</name>
         <load_address>0xf0a2</load_address>
         <run_address>0xf0a2</run_address>
         <size>0x6</size>
         <input_file_ref idref="fl-57"/>
      </object_component>
      <object_component id="oc-171">
         <name>.text:_system_pre_init</name>
         <load_address>0xf0a8</load_address>
         <run_address>0xf0a8</run_address>
         <size>0x4</size>
         <input_file_ref idref="fl-43"/>
      </object_component>
      <object_component id="oc-144">
         <name>.text:SX1278_OnDIO5IRQ</name>
         <load_address>0xf0ac</load_address>
         <run_address>0xf0ac</run_address>
         <size>0x2</size>
         <input_file_ref idref="fl-6"/>
      </object_component>
      <object_component id="oc-34a">
         <name>.text:_system_post_cinit</name>
         <load_address>0xf0ae</load_address>
         <run_address>0xf0ae</run_address>
         <size>0x2</size>
         <input_file_ref idref="fl-44"/>
      </object_component>
      <object_component id="oc-4b3">
         <name>.cinit..data.load</name>
         <load_address>0xf270</load_address>
         <run_address>0xf270</run_address>
         <size>0x2d</size>
      </object_component>
      <object_component id="oc-4b0">
         <name>__TI_handler_table</name>
         <load_address>0xf29e</load_address>
         <run_address>0xf29e</run_address>
         <size>0x6</size>
      </object_component>
      <object_component id="oc-4b2">
         <name>.cinit..bss.load</name>
         <load_address>0xf2a4</load_address>
         <run_address>0xf2a4</run_address>
         <size>0x4</size>
      </object_component>
      <object_component id="oc-4b1">
         <name>__TI_cinit_table</name>
         <load_address>0xf2a8</load_address>
         <run_address>0xf2a8</run_address>
         <size>0x8</size>
      </object_component>
      <object_component id="oc-13d">
         <name>.const:.string</name>
         <load_address>0xf0b0</load_address>
         <run_address>0xf0b0</run_address>
         <size>0xea</size>
         <input_file_ref idref="fl-3"/>
      </object_component>
      <object_component id="oc-439">
         <name>.const:fsk_bandwidths</name>
         <load_address>0xf19a</load_address>
         <run_address>0xf19a</run_address>
         <size>0x84</size>
         <input_file_ref idref="fl-6"/>
      </object_component>
      <object_component id="oc-3be">
         <name>.const:radio_registers</name>
         <load_address>0xf21e</load_address>
         <run_address>0xf21e</run_address>
         <size>0x40</size>
         <input_file_ref idref="fl-6"/>
      </object_component>
      <object_component id="oc-1fe">
         <name>.const:.string</name>
         <load_address>0xf25e</load_address>
         <run_address>0xf25e</run_address>
         <size>0x12</size>
         <input_file_ref idref="fl-6"/>
      </object_component>
      <object_component id="oc-472">
         <name>.binit</name>
         <load_address>0xc000</load_address>
         <run_address>0xc000</run_address>
         <size>0x0</size>
      </object_component>
      <object_component id="oc-40">
         <name>.int00</name>
         <load_address>0xffe0</load_address>
         <run_address>0xffe0</run_address>
         <size>0x2</size>
         <input_file_ref idref="fl-2b"/>
      </object_component>
      <object_component id="oc-41">
         <name>.int02</name>
         <load_address>0xffe4</load_address>
         <run_address>0xffe4</run_address>
         <size>0x2</size>
         <input_file_ref idref="fl-2c"/>
      </object_component>
      <object_component id="oc-42">
         <name>.int03</name>
         <load_address>0xffe6</load_address>
         <run_address>0xffe6</run_address>
         <size>0x2</size>
         <input_file_ref idref="fl-3"/>
      </object_component>
      <object_component id="oc-43">
         <name>.int05</name>
         <load_address>0xffea</load_address>
         <run_address>0xffea</run_address>
         <size>0x2</size>
         <input_file_ref idref="fl-2d"/>
      </object_component>
      <object_component id="oc-44">
         <name>.int06</name>
         <load_address>0xffec</load_address>
         <run_address>0xffec</run_address>
         <size>0x2</size>
         <input_file_ref idref="fl-2e"/>
      </object_component>
      <object_component id="oc-45">
         <name>.int07</name>
         <load_address>0xffee</load_address>
         <run_address>0xffee</run_address>
         <size>0x2</size>
         <input_file_ref idref="fl-2f"/>
      </object_component>
      <object_component id="oc-46">
         <name>.int08</name>
         <load_address>0xfff0</load_address>
         <run_address>0xfff0</run_address>
         <size>0x2</size>
         <input_file_ref idref="fl-30"/>
      </object_component>
      <object_component id="oc-47">
         <name>.int09</name>
         <load_address>0xfff2</load_address>
         <run_address>0xfff2</run_address>
         <size>0x2</size>
         <input_file_ref idref="fl-31"/>
      </object_component>
      <object_component id="oc-48">
         <name>.int10</name>
         <load_address>0xfff4</load_address>
         <run_address>0xfff4</run_address>
         <size>0x2</size>
         <input_file_ref idref="fl-32"/>
      </object_component>
      <object_component id="oc-49">
         <name>.int11</name>
         <load_address>0xfff6</load_address>
         <run_address>0xfff6</run_address>
         <size>0x2</size>
         <input_file_ref idref="fl-33"/>
      </object_component>
      <object_component id="oc-4a">
         <name>.int12</name>
         <load_address>0xfff8</load_address>
         <run_address>0xfff8</run_address>
         <size>0x2</size>
         <input_file_ref idref="fl-34"/>
      </object_component>
      <object_component id="oc-4b">
         <name>.int13</name>
         <load_address>0xfffa</load_address>
         <run_address>0xfffa</run_address>
         <size>0x2</size>
         <input_file_ref idref="fl-35"/>
      </object_component>
      <object_component id="oc-4c">
         <name>.int14</name>
         <load_address>0xfffc</load_address>
         <run_address>0xfffc</run_address>
         <size>0x2</size>
         <input_file_ref idref="fl-36"/>
      </object_component>
      <object_component id="oc-b4">
         <name>.reset</name>
         <load_address>0xfffe</load_address>
         <run_address>0xfffe</run_address>
         <size>0x2</size>
         <input_file_ref idref="fl-3d"/>
      </object_component>
      <object_component id="oc-36b">
         <name>.debug_info</name>
         <load_address>0x0</load_address>
         <run_address>0x0</run_address>
         <size>0x16c</size>
         <input_file_ref idref="fl-2"/>
      </object_component>
      <object_component id="oc-274">
         <name>.debug_info</name>
         <load_address>0x16c</load_address>
         <run_address>0x16c</run_address>
         <size>0x26b</size>
         <input_file_ref idref="fl-2"/>
      </object_component>
      <object_component id="oc-ca">
         <name>.debug_info</name>
         <load_address>0x3d7</load_address>
         <run_address>0x3d7</run_address>
         <size>0x84</size>
         <input_file_ref idref="fl-2"/>
      </object_component>
      <object_component id="oc-301">
         <name>.debug_info</name>
         <load_address>0x45b</load_address>
         <run_address>0x45b</run_address>
         <size>0x282</size>
         <input_file_ref idref="fl-2"/>
      </object_component>
      <object_component id="oc-20c">
         <name>.debug_info</name>
         <load_address>0x6dd</load_address>
         <run_address>0x6dd</run_address>
         <size>0xbb</size>
         <input_file_ref idref="fl-2"/>
      </object_component>
      <object_component id="oc-2fe">
         <name>.debug_info</name>
         <load_address>0x798</load_address>
         <run_address>0x798</run_address>
         <size>0x5fb</size>
         <input_file_ref idref="fl-3"/>
      </object_component>
      <object_component id="oc-30a">
         <name>.debug_info</name>
         <load_address>0xd93</load_address>
         <run_address>0xd93</run_address>
         <size>0xda</size>
         <input_file_ref idref="fl-3"/>
      </object_component>
      <object_component id="oc-228">
         <name>.debug_info</name>
         <load_address>0xe6d</load_address>
         <run_address>0xe6d</run_address>
         <size>0x161</size>
         <input_file_ref idref="fl-3"/>
      </object_component>
      <object_component id="oc-179">
         <name>.debug_info</name>
         <load_address>0xfce</load_address>
         <run_address>0xfce</run_address>
         <size>0x157</size>
         <input_file_ref idref="fl-3"/>
      </object_component>
      <object_component id="oc-e2">
         <name>.debug_info</name>
         <load_address>0x1125</load_address>
         <run_address>0x1125</run_address>
         <size>0x204</size>
         <input_file_ref idref="fl-3"/>
      </object_component>
      <object_component id="oc-1f9">
         <name>.debug_info</name>
         <load_address>0x1329</load_address>
         <run_address>0x1329</run_address>
         <size>0x111</size>
         <input_file_ref idref="fl-3"/>
      </object_component>
      <object_component id="oc-1f2">
         <name>.debug_info</name>
         <load_address>0x143a</load_address>
         <run_address>0x143a</run_address>
         <size>0x12a</size>
         <input_file_ref idref="fl-3"/>
      </object_component>
      <object_component id="oc-206">
         <name>.debug_info</name>
         <load_address>0x1564</load_address>
         <run_address>0x1564</run_address>
         <size>0x113</size>
         <input_file_ref idref="fl-3"/>
      </object_component>
      <object_component id="oc-200">
         <name>.debug_info</name>
         <load_address>0x1677</load_address>
         <run_address>0x1677</run_address>
         <size>0x272</size>
         <input_file_ref idref="fl-3"/>
      </object_component>
      <object_component id="oc-27b">
         <name>.debug_info</name>
         <load_address>0x18e9</load_address>
         <run_address>0x18e9</run_address>
         <size>0x54c</size>
         <input_file_ref idref="fl-3"/>
      </object_component>
      <object_component id="oc-19c">
         <name>.debug_info</name>
         <load_address>0x1e35</load_address>
         <run_address>0x1e35</run_address>
         <size>0x8b</size>
         <input_file_ref idref="fl-3"/>
      </object_component>
      <object_component id="oc-130">
         <name>.debug_info</name>
         <load_address>0x1ec0</load_address>
         <run_address>0x1ec0</run_address>
         <size>0x2c</size>
         <input_file_ref idref="fl-3"/>
      </object_component>
      <object_component id="oc-215">
         <name>.debug_info</name>
         <load_address>0x1eec</load_address>
         <run_address>0x1eec</run_address>
         <size>0xfa</size>
         <input_file_ref idref="fl-4"/>
      </object_component>
      <object_component id="oc-42d">
         <name>.debug_info</name>
         <load_address>0x1fe6</load_address>
         <run_address>0x1fe6</run_address>
         <size>0x114</size>
         <input_file_ref idref="fl-4"/>
      </object_component>
      <object_component id="oc-37c">
         <name>.debug_info</name>
         <load_address>0x20fa</load_address>
         <run_address>0x20fa</run_address>
         <size>0x276</size>
         <input_file_ref idref="fl-5"/>
      </object_component>
      <object_component id="oc-292">
         <name>.debug_info</name>
         <load_address>0x2370</load_address>
         <run_address>0x2370</run_address>
         <size>0xd6</size>
         <input_file_ref idref="fl-5"/>
      </object_component>
      <object_component id="oc-3a3">
         <name>.debug_info</name>
         <load_address>0x2446</load_address>
         <run_address>0x2446</run_address>
         <size>0x100</size>
         <input_file_ref idref="fl-5"/>
      </object_component>
      <object_component id="oc-370">
         <name>.debug_info</name>
         <load_address>0x2546</load_address>
         <run_address>0x2546</run_address>
         <size>0x136</size>
         <input_file_ref idref="fl-5"/>
      </object_component>
      <object_component id="oc-414">
         <name>.debug_info</name>
         <load_address>0x267c</load_address>
         <run_address>0x267c</run_address>
         <size>0x100</size>
         <input_file_ref idref="fl-5"/>
      </object_component>
      <object_component id="oc-375">
         <name>.debug_info</name>
         <load_address>0x277c</load_address>
         <run_address>0x277c</run_address>
         <size>0x112</size>
         <input_file_ref idref="fl-5"/>
      </object_component>
      <object_component id="oc-28e">
         <name>.debug_info</name>
         <load_address>0x288e</load_address>
         <run_address>0x288e</run_address>
         <size>0x140</size>
         <input_file_ref idref="fl-5"/>
      </object_component>
      <object_component id="oc-221">
         <name>.debug_info</name>
         <load_address>0x29ce</load_address>
         <run_address>0x29ce</run_address>
         <size>0xfa</size>
         <input_file_ref idref="fl-5"/>
      </object_component>
      <object_component id="oc-288">
         <name>.debug_info</name>
         <load_address>0x2ac8</load_address>
         <run_address>0x2ac8</run_address>
         <size>0x166</size>
         <input_file_ref idref="fl-5"/>
      </object_component>
      <object_component id="oc-296">
         <name>.debug_info</name>
         <load_address>0x2c2e</load_address>
         <run_address>0x2c2e</run_address>
         <size>0x168</size>
         <input_file_ref idref="fl-5"/>
      </object_component>
      <object_component id="oc-1a5">
         <name>.debug_info</name>
         <load_address>0x2d96</load_address>
         <run_address>0x2d96</run_address>
         <size>0x557</size>
         <input_file_ref idref="fl-6"/>
      </object_component>
      <object_component id="oc-1e3">
         <name>.debug_info</name>
         <load_address>0x32ed</load_address>
         <run_address>0x32ed</run_address>
         <size>0xd8</size>
         <input_file_ref idref="fl-6"/>
      </object_component>
      <object_component id="oc-1b5">
         <name>.debug_info</name>
         <load_address>0x33c5</load_address>
         <run_address>0x33c5</run_address>
         <size>0xdc</size>
         <input_file_ref idref="fl-6"/>
      </object_component>
      <object_component id="oc-3bf">
         <name>.debug_info</name>
         <load_address>0x34a1</load_address>
         <run_address>0x34a1</run_address>
         <size>0xe3</size>
         <input_file_ref idref="fl-6"/>
      </object_component>
      <object_component id="oc-43a">
         <name>.debug_info</name>
         <load_address>0x3584</load_address>
         <run_address>0x3584</run_address>
         <size>0xe1</size>
         <input_file_ref idref="fl-6"/>
      </object_component>
      <object_component id="oc-2af">
         <name>.debug_info</name>
         <load_address>0x3665</load_address>
         <run_address>0x3665</run_address>
         <size>0xdd</size>
         <input_file_ref idref="fl-6"/>
      </object_component>
      <object_component id="oc-2e3">
         <name>.debug_info</name>
         <load_address>0x3742</load_address>
         <run_address>0x3742</run_address>
         <size>0x1df</size>
         <input_file_ref idref="fl-6"/>
      </object_component>
      <object_component id="oc-1e7">
         <name>.debug_info</name>
         <load_address>0x3921</load_address>
         <run_address>0x3921</run_address>
         <size>0x16f</size>
         <input_file_ref idref="fl-6"/>
      </object_component>
      <object_component id="oc-1b0">
         <name>.debug_info</name>
         <load_address>0x3a90</load_address>
         <run_address>0x3a90</run_address>
         <size>0x1ab</size>
         <input_file_ref idref="fl-6"/>
      </object_component>
      <object_component id="oc-1a9">
         <name>.debug_info</name>
         <load_address>0x3c3b</load_address>
         <run_address>0x3c3b</run_address>
         <size>0x1a0</size>
         <input_file_ref idref="fl-6"/>
      </object_component>
      <object_component id="oc-332">
         <name>.debug_info</name>
         <load_address>0x3ddb</load_address>
         <run_address>0x3ddb</run_address>
         <size>0x165</size>
         <input_file_ref idref="fl-6"/>
      </object_component>
      <object_component id="oc-3c2">
         <name>.debug_info</name>
         <load_address>0x3f40</load_address>
         <run_address>0x3f40</run_address>
         <size>0x1fe</size>
         <input_file_ref idref="fl-6"/>
      </object_component>
      <object_component id="oc-3c9">
         <name>.debug_info</name>
         <load_address>0x413e</load_address>
         <run_address>0x413e</run_address>
         <size>0x131</size>
         <input_file_ref idref="fl-6"/>
      </object_component>
      <object_component id="oc-313">
         <name>.debug_info</name>
         <load_address>0x426f</load_address>
         <run_address>0x426f</run_address>
         <size>0x6d6</size>
         <input_file_ref idref="fl-6"/>
      </object_component>
      <object_component id="oc-3d6">
         <name>.debug_info</name>
         <load_address>0x4945</load_address>
         <run_address>0x4945</run_address>
         <size>0x1a3</size>
         <input_file_ref idref="fl-6"/>
      </object_component>
      <object_component id="oc-319">
         <name>.debug_info</name>
         <load_address>0x4ae8</load_address>
         <run_address>0x4ae8</run_address>
         <size>0x779</size>
         <input_file_ref idref="fl-6"/>
      </object_component>
      <object_component id="oc-2b2">
         <name>.debug_info</name>
         <load_address>0x5261</load_address>
         <run_address>0x5261</run_address>
         <size>0x1b8</size>
         <input_file_ref idref="fl-6"/>
      </object_component>
      <object_component id="oc-22d">
         <name>.debug_info</name>
         <load_address>0x5419</load_address>
         <run_address>0x5419</run_address>
         <size>0x5ec</size>
         <input_file_ref idref="fl-6"/>
      </object_component>
      <object_component id="oc-3b3">
         <name>.debug_info</name>
         <load_address>0x5a05</load_address>
         <run_address>0x5a05</run_address>
         <size>0x1a0</size>
         <input_file_ref idref="fl-6"/>
      </object_component>
      <object_component id="oc-2e9">
         <name>.debug_info</name>
         <load_address>0x5ba5</load_address>
         <run_address>0x5ba5</run_address>
         <size>0x1cf</size>
         <input_file_ref idref="fl-6"/>
      </object_component>
      <object_component id="oc-1ec">
         <name>.debug_info</name>
         <load_address>0x5d74</load_address>
         <run_address>0x5d74</run_address>
         <size>0x16c</size>
         <input_file_ref idref="fl-6"/>
      </object_component>
      <object_component id="oc-3b9">
         <name>.debug_info</name>
         <load_address>0x5ee0</load_address>
         <run_address>0x5ee0</run_address>
         <size>0x2dd</size>
         <input_file_ref idref="fl-6"/>
      </object_component>
      <object_component id="oc-145">
         <name>.debug_info</name>
         <load_address>0x61bd</load_address>
         <run_address>0x61bd</run_address>
         <size>0x116</size>
         <input_file_ref idref="fl-6"/>
      </object_component>
      <object_component id="oc-14b">
         <name>.debug_info</name>
         <load_address>0x62d3</load_address>
         <run_address>0x62d3</run_address>
         <size>0x116</size>
         <input_file_ref idref="fl-6"/>
      </object_component>
      <object_component id="oc-151">
         <name>.debug_info</name>
         <load_address>0x63e9</load_address>
         <run_address>0x63e9</run_address>
         <size>0x15c</size>
         <input_file_ref idref="fl-6"/>
      </object_component>
      <object_component id="oc-1bf">
         <name>.debug_info</name>
         <load_address>0x6545</load_address>
         <run_address>0x6545</run_address>
         <size>0x167</size>
         <input_file_ref idref="fl-6"/>
      </object_component>
      <object_component id="oc-157">
         <name>.debug_info</name>
         <load_address>0x66ac</load_address>
         <run_address>0x66ac</run_address>
         <size>0x280</size>
         <input_file_ref idref="fl-6"/>
      </object_component>
      <object_component id="oc-15d">
         <name>.debug_info</name>
         <load_address>0x692c</load_address>
         <run_address>0x692c</run_address>
         <size>0x1bd</size>
         <input_file_ref idref="fl-6"/>
      </object_component>
      <object_component id="oc-163">
         <name>.debug_info</name>
         <load_address>0x6ae9</load_address>
         <run_address>0x6ae9</run_address>
         <size>0x374</size>
         <input_file_ref idref="fl-6"/>
      </object_component>
      <object_component id="oc-30d">
         <name>.debug_info</name>
         <load_address>0x6e5d</load_address>
         <run_address>0x6e5d</run_address>
         <size>0x1c1</size>
         <input_file_ref idref="fl-6"/>
      </object_component>
      <object_component id="oc-280">
         <name>.debug_info</name>
         <load_address>0x701e</load_address>
         <run_address>0x701e</run_address>
         <size>0xb1</size>
         <input_file_ref idref="fl-6"/>
      </object_component>
      <object_component id="oc-1a2">
         <name>.debug_info</name>
         <load_address>0x70cf</load_address>
         <run_address>0x70cf</run_address>
         <size>0x247</size>
         <input_file_ref idref="fl-7"/>
      </object_component>
      <object_component id="oc-141">
         <name>.debug_info</name>
         <load_address>0x7316</load_address>
         <run_address>0x7316</run_address>
         <size>0x130</size>
         <input_file_ref idref="fl-7"/>
      </object_component>
      <object_component id="oc-2fa">
         <name>.debug_info</name>
         <load_address>0x7446</load_address>
         <run_address>0x7446</run_address>
         <size>0x13f</size>
         <input_file_ref idref="fl-7"/>
      </object_component>
      <object_component id="oc-1bb">
         <name>.debug_info</name>
         <load_address>0x7585</load_address>
         <run_address>0x7585</run_address>
         <size>0x1cb</size>
         <input_file_ref idref="fl-7"/>
      </object_component>
      <object_component id="oc-2f5">
         <name>.debug_info</name>
         <load_address>0x7750</load_address>
         <run_address>0x7750</run_address>
         <size>0x1dd</size>
         <input_file_ref idref="fl-7"/>
      </object_component>
      <object_component id="oc-21e">
         <name>.debug_info</name>
         <load_address>0x792d</load_address>
         <run_address>0x792d</run_address>
         <size>0xff</size>
         <input_file_ref idref="fl-7"/>
      </object_component>
      <object_component id="oc-1de">
         <name>.debug_info</name>
         <load_address>0x7a2c</load_address>
         <run_address>0x7a2c</run_address>
         <size>0x120</size>
         <input_file_ref idref="fl-25"/>
      </object_component>
      <object_component id="oc-444">
         <name>.debug_info</name>
         <load_address>0x7b4c</load_address>
         <run_address>0x7b4c</run_address>
         <size>0x120</size>
         <input_file_ref idref="fl-26"/>
      </object_component>
      <object_component id="oc-392">
         <name>.debug_info</name>
         <load_address>0x7c6c</load_address>
         <run_address>0x7c6c</run_address>
         <size>0x126</size>
         <input_file_ref idref="fl-26"/>
      </object_component>
      <object_component id="oc-2ab">
         <name>.debug_info</name>
         <load_address>0x7d92</load_address>
         <run_address>0x7d92</run_address>
         <size>0x135</size>
         <input_file_ref idref="fl-27"/>
      </object_component>
      <object_component id="oc-2a0">
         <name>.debug_info</name>
         <load_address>0x7ec7</load_address>
         <run_address>0x7ec7</run_address>
         <size>0x121</size>
         <input_file_ref idref="fl-28"/>
      </object_component>
      <object_component id="oc-3a9">
         <name>.debug_info</name>
         <load_address>0x7fe8</load_address>
         <run_address>0x7fe8</run_address>
         <size>0x123</size>
         <input_file_ref idref="fl-29"/>
      </object_component>
      <object_component id="oc-c2">
         <name>.debug_info</name>
         <load_address>0x810b</load_address>
         <run_address>0x810b</run_address>
         <size>0x12e</size>
         <input_file_ref idref="fl-2a"/>
      </object_component>
      <object_component id="oc-de">
         <name>.debug_info</name>
         <load_address>0x8239</load_address>
         <run_address>0x8239</run_address>
         <size>0x10f</size>
         <input_file_ref idref="fl-37"/>
      </object_component>
      <object_component id="oc-b8">
         <name>.debug_info</name>
         <load_address>0x8348</load_address>
         <run_address>0x8348</run_address>
         <size>0x120</size>
         <input_file_ref idref="fl-38"/>
      </object_component>
      <object_component id="oc-43e">
         <name>.debug_info</name>
         <load_address>0x8468</load_address>
         <run_address>0x8468</run_address>
         <size>0x120</size>
         <input_file_ref idref="fl-39"/>
      </object_component>
      <object_component id="oc-2c2">
         <name>.debug_info</name>
         <load_address>0x8588</load_address>
         <run_address>0x8588</run_address>
         <size>0x126</size>
         <input_file_ref idref="fl-39"/>
      </object_component>
      <object_component id="oc-bc">
         <name>.debug_info</name>
         <load_address>0x86ae</load_address>
         <run_address>0x86ae</run_address>
         <size>0x120</size>
         <input_file_ref idref="fl-3a"/>
      </object_component>
      <object_component id="oc-2c5">
         <name>.debug_info</name>
         <load_address>0x87ce</load_address>
         <run_address>0x87ce</run_address>
         <size>0x120</size>
         <input_file_ref idref="fl-3b"/>
      </object_component>
      <object_component id="oc-2cb">
         <name>.debug_info</name>
         <load_address>0x88ee</load_address>
         <run_address>0x88ee</run_address>
         <size>0x126</size>
         <input_file_ref idref="fl-3b"/>
      </object_component>
      <object_component id="oc-2a6">
         <name>.debug_info</name>
         <load_address>0x8a14</load_address>
         <run_address>0x8a14</run_address>
         <size>0x121</size>
         <input_file_ref idref="fl-3c"/>
      </object_component>
      <object_component id="oc-b2">
         <name>.debug_info</name>
         <load_address>0x8b35</load_address>
         <run_address>0x8b35</run_address>
         <size>0x100</size>
         <input_file_ref idref="fl-3d"/>
      </object_component>
      <object_component id="oc-fd">
         <name>.debug_info</name>
         <load_address>0x8c35</load_address>
         <run_address>0x8c35</run_address>
         <size>0x17a</size>
         <input_file_ref idref="fl-3d"/>
      </object_component>
      <object_component id="oc-351">
         <name>.debug_info</name>
         <load_address>0x8daf</load_address>
         <run_address>0x8daf</run_address>
         <size>0x3de</size>
         <input_file_ref idref="fl-3e"/>
      </object_component>
      <object_component id="oc-240">
         <name>.debug_info</name>
         <load_address>0x918d</load_address>
         <run_address>0x918d</run_address>
         <size>0x1e0</size>
         <input_file_ref idref="fl-3e"/>
      </object_component>
      <object_component id="oc-3ff">
         <name>.debug_info</name>
         <load_address>0x936d</load_address>
         <run_address>0x936d</run_address>
         <size>0x39</size>
         <input_file_ref idref="fl-3e"/>
      </object_component>
      <object_component id="oc-40b">
         <name>.debug_info</name>
         <load_address>0x93a6</load_address>
         <run_address>0x93a6</run_address>
         <size>0x2c</size>
         <input_file_ref idref="fl-3e"/>
      </object_component>
      <object_component id="oc-35c">
         <name>.debug_info</name>
         <load_address>0x93d2</load_address>
         <run_address>0x93d2</run_address>
         <size>0x2c</size>
         <input_file_ref idref="fl-3e"/>
      </object_component>
      <object_component id="oc-404">
         <name>.debug_info</name>
         <load_address>0x93fe</load_address>
         <run_address>0x93fe</run_address>
         <size>0xcd</size>
         <input_file_ref idref="fl-3e"/>
      </object_component>
      <object_component id="oc-16f">
         <name>.debug_info</name>
         <load_address>0x94cb</load_address>
         <run_address>0x94cb</run_address>
         <size>0x175</size>
         <input_file_ref idref="fl-3f"/>
      </object_component>
      <object_component id="oc-e9">
         <name>.debug_info</name>
         <load_address>0x9640</load_address>
         <run_address>0x9640</run_address>
         <size>0x1d2</size>
         <input_file_ref idref="fl-3f"/>
      </object_component>
      <object_component id="oc-16a">
         <name>.debug_info</name>
         <load_address>0x9812</load_address>
         <run_address>0x9812</run_address>
         <size>0x46</size>
         <input_file_ref idref="fl-3f"/>
      </object_component>
      <object_component id="oc-174">
         <name>.debug_info</name>
         <load_address>0x9858</load_address>
         <run_address>0x9858</run_address>
         <size>0x153</size>
         <input_file_ref idref="fl-43"/>
      </object_component>
      <object_component id="oc-34e">
         <name>.debug_info</name>
         <load_address>0x99ab</load_address>
         <run_address>0x99ab</run_address>
         <size>0x150</size>
         <input_file_ref idref="fl-44"/>
      </object_component>
      <object_component id="oc-db">
         <name>.debug_info</name>
         <load_address>0x9afb</load_address>
         <run_address>0x9afb</run_address>
         <size>0x180</size>
         <input_file_ref idref="fl-45"/>
      </object_component>
      <object_component id="oc-3c">
         <name>.debug_info</name>
         <load_address>0x9c7b</load_address>
         <run_address>0x9c7b</run_address>
         <size>0x1ea</size>
         <input_file_ref idref="fl-45"/>
      </object_component>
      <object_component id="oc-d6">
         <name>.debug_info</name>
         <load_address>0x9e65</load_address>
         <run_address>0x9e65</run_address>
         <size>0x46</size>
         <input_file_ref idref="fl-45"/>
      </object_component>
      <object_component id="oc-135">
         <name>.debug_info</name>
         <load_address>0x9eab</load_address>
         <run_address>0x9eab</run_address>
         <size>0x2c</size>
         <input_file_ref idref="fl-45"/>
      </object_component>
      <object_component id="oc-12d">
         <name>.debug_info</name>
         <load_address>0x9ed7</load_address>
         <run_address>0x9ed7</run_address>
         <size>0x176</size>
         <input_file_ref idref="fl-46"/>
      </object_component>
      <object_component id="oc-36">
         <name>.debug_info</name>
         <load_address>0xa04d</load_address>
         <run_address>0xa04d</run_address>
         <size>0x292</size>
         <input_file_ref idref="fl-46"/>
      </object_component>
      <object_component id="oc-c5">
         <name>.debug_info</name>
         <load_address>0xa2df</load_address>
         <run_address>0xa2df</run_address>
         <size>0x60</size>
         <input_file_ref idref="fl-46"/>
      </object_component>
      <object_component id="oc-193">
         <name>.debug_info</name>
         <load_address>0xa33f</load_address>
         <run_address>0xa33f</run_address>
         <size>0x46</size>
         <input_file_ref idref="fl-46"/>
      </object_component>
      <object_component id="oc-128">
         <name>.debug_info</name>
         <load_address>0xa385</load_address>
         <run_address>0xa385</run_address>
         <size>0x39</size>
         <input_file_ref idref="fl-46"/>
      </object_component>
      <object_component id="oc-3e3">
         <name>.debug_info</name>
         <load_address>0xa3be</load_address>
         <run_address>0xa3be</run_address>
         <size>0x1a7</size>
         <input_file_ref idref="fl-47"/>
      </object_component>
      <object_component id="oc-321">
         <name>.debug_info</name>
         <load_address>0xa565</load_address>
         <run_address>0xa565</run_address>
         <size>0x257</size>
         <input_file_ref idref="fl-47"/>
      </object_component>
      <object_component id="oc-2d1">
         <name>.debug_info</name>
         <load_address>0xa7bc</load_address>
         <run_address>0xa7bc</run_address>
         <size>0x94</size>
         <input_file_ref idref="fl-47"/>
      </object_component>
      <object_component id="oc-423">
         <name>.debug_info</name>
         <load_address>0xa850</load_address>
         <run_address>0xa850</run_address>
         <size>0x1a2</size>
         <input_file_ref idref="fl-49"/>
      </object_component>
      <object_component id="oc-384">
         <name>.debug_info</name>
         <load_address>0xa9f2</load_address>
         <run_address>0xa9f2</run_address>
         <size>0x28a</size>
         <input_file_ref idref="fl-49"/>
      </object_component>
      <object_component id="oc-1cb">
         <name>.debug_info</name>
         <load_address>0xac7c</load_address>
         <run_address>0xac7c</run_address>
         <size>0x1c0</size>
         <input_file_ref idref="fl-4a"/>
      </object_component>
      <object_component id="oc-3cf">
         <name>.debug_info</name>
         <load_address>0xae3c</load_address>
         <run_address>0xae3c</run_address>
         <size>0x16b</size>
         <input_file_ref idref="fl-4b"/>
      </object_component>
      <object_component id="oc-328">
         <name>.debug_info</name>
         <load_address>0xafa7</load_address>
         <run_address>0xafa7</run_address>
         <size>0x1c0</size>
         <input_file_ref idref="fl-4c"/>
      </object_component>
      <object_component id="oc-2d0">
         <name>.debug_info</name>
         <load_address>0xb167</load_address>
         <run_address>0xb167</run_address>
         <size>0x16b</size>
         <input_file_ref idref="fl-4e"/>
      </object_component>
      <object_component id="oc-1d1">
         <name>.debug_info</name>
         <load_address>0xb2d2</load_address>
         <run_address>0xb2d2</run_address>
         <size>0x21b</size>
         <input_file_ref idref="fl-4e"/>
      </object_component>
      <object_component id="oc-1c6">
         <name>.debug_info</name>
         <load_address>0xb4ed</load_address>
         <run_address>0xb4ed</run_address>
         <size>0x166</size>
         <input_file_ref idref="fl-4f"/>
      </object_component>
      <object_component id="oc-38b">
         <name>.debug_info</name>
         <load_address>0xb653</load_address>
         <run_address>0xb653</run_address>
         <size>0x16b</size>
         <input_file_ref idref="fl-50"/>
      </object_component>
      <object_component id="oc-2b9">
         <name>.debug_info</name>
         <load_address>0xb7be</load_address>
         <run_address>0xb7be</run_address>
         <size>0x1e3</size>
         <input_file_ref idref="fl-50"/>
      </object_component>
      <object_component id="oc-44e">
         <name>.debug_info</name>
         <load_address>0xb9a1</load_address>
         <run_address>0xb9a1</run_address>
         <size>0x1a0</size>
         <input_file_ref idref="fl-51"/>
      </object_component>
      <object_component id="oc-3de">
         <name>.debug_info</name>
         <load_address>0xbb41</load_address>
         <run_address>0xbb41</run_address>
         <size>0x329</size>
         <input_file_ref idref="fl-51"/>
      </object_component>
      <object_component id="oc-461">
         <name>.debug_info</name>
         <load_address>0xbe6a</load_address>
         <run_address>0xbe6a</run_address>
         <size>0x172</size>
         <input_file_ref idref="fl-52"/>
      </object_component>
      <object_component id="oc-41d">
         <name>.debug_info</name>
         <load_address>0xbfdc</load_address>
         <run_address>0xbfdc</run_address>
         <size>0x5cf</size>
         <input_file_ref idref="fl-52"/>
      </object_component>
      <object_component id="oc-2dd">
         <name>.debug_info</name>
         <load_address>0xc5ab</load_address>
         <run_address>0xc5ab</run_address>
         <size>0x1a2</size>
         <input_file_ref idref="fl-53"/>
      </object_component>
      <object_component id="oc-1d7">
         <name>.debug_info</name>
         <load_address>0xc74d</load_address>
         <run_address>0xc74d</run_address>
         <size>0x2e0</size>
         <input_file_ref idref="fl-53"/>
      </object_component>
      <object_component id="oc-46a">
         <name>.debug_info</name>
         <load_address>0xca2d</load_address>
         <run_address>0xca2d</run_address>
         <size>0x172</size>
         <input_file_ref idref="fl-55"/>
      </object_component>
      <object_component id="oc-448">
         <name>.debug_info</name>
         <load_address>0xcb9f</load_address>
         <run_address>0xcb9f</run_address>
         <size>0x1f9</size>
         <input_file_ref idref="fl-55"/>
      </object_component>
      <object_component id="oc-235">
         <name>.debug_info</name>
         <load_address>0xcd98</load_address>
         <run_address>0xcd98</run_address>
         <size>0x122</size>
         <input_file_ref idref="fl-57"/>
      </object_component>
      <object_component id="oc-12f">
         <name>.debug_info</name>
         <load_address>0xceba</load_address>
         <run_address>0xceba</run_address>
         <size>0x181</size>
         <input_file_ref idref="fl-5a"/>
      </object_component>
      <object_component id="oc-d1">
         <name>.debug_info</name>
         <load_address>0xd03b</load_address>
         <run_address>0xd03b</run_address>
         <size>0x17a</size>
         <input_file_ref idref="fl-5a"/>
      </object_component>
      <object_component id="oc-3e6">
         <name>.debug_info</name>
         <load_address>0xd1b5</load_address>
         <run_address>0xd1b5</run_address>
         <size>0x16d</size>
         <input_file_ref idref="fl-5b"/>
      </object_component>
      <object_component id="oc-32d">
         <name>.debug_info</name>
         <load_address>0xd322</load_address>
         <run_address>0xd322</run_address>
         <size>0x275</size>
         <input_file_ref idref="fl-5b"/>
      </object_component>
      <object_component id="oc-398">
         <name>.debug_info</name>
         <load_address>0xd597</load_address>
         <run_address>0xd597</run_address>
         <size>0x121</size>
         <input_file_ref idref="fl-5c"/>
      </object_component>
      <object_component id="oc-39c">
         <name>.debug_info</name>
         <load_address>0xd6b8</load_address>
         <run_address>0xd6b8</run_address>
         <size>0x172</size>
         <input_file_ref idref="fl-5e"/>
      </object_component>
      <object_component id="oc-2d8">
         <name>.debug_info</name>
         <load_address>0xd82a</load_address>
         <run_address>0xd82a</run_address>
         <size>0x3ab</size>
         <input_file_ref idref="fl-5e"/>
      </object_component>
      <object_component id="oc-4b5">
         <name>.debug_info</name>
         <load_address>0xdbd5</load_address>
         <run_address>0xdbd5</run_address>
         <size>0xa2</size>
      </object_component>
      <object_component id="oc-411">
         <name>.debug_line</name>
         <load_address>0x0</load_address>
         <run_address>0x0</run_address>
         <size>0x2d</size>
         <input_file_ref idref="fl-2"/>
      </object_component>
      <object_component id="oc-277">
         <name>.debug_line</name>
         <load_address>0x2d</load_address>
         <run_address>0x2d</run_address>
         <size>0x72</size>
         <input_file_ref idref="fl-2"/>
      </object_component>
      <object_component id="oc-cd">
         <name>.debug_line</name>
[...]
      </symbol>
      <symbol id="sm-356">
         <name>__mspabi_sral_4</name>
         <value>0xecf6</value>
         <object_component_ref idref="oc-391"/>
      </symbol>
      <symbol id="sm-357">
         <name>__mspabi_sral_5</name>
         <value>0xecf2</value>
         <object_component_ref idref="oc-391"/>
      </symbol>
      <symbol id="sm-358">
         <name>__mspabi_sral_2</name>
         <value>0xecfe</value>
         <object_component_ref idref="oc-391"/>
      </symbol>
      <symbol id="sm-359">
         <name>__mspabi_sral_3</name>
         <value>0xecfa</value>
         <object_component_ref idref="oc-391"/>
      </symbol>
      <symbol id="sm-35a">
         <name>__mspabi_sral_1</name>
         <value>0xed02</value>
         <object_component_ref idref="oc-391"/>
      </symbol>
      <symbol id="sm-366">
         <name>__mspabi_remi</name>
         <value>0xedfa</value>
         <object_component_ref idref="oc-2a9"/>
      </symbol>
      <symbol id="sm-367">
         <name>__mspabi_divi</name>
         <value>0xedfa</value>
         <object_component_ref idref="oc-2a9"/>
      </symbol>
      <symbol id="sm-371">
         <name>__mspabi_remu</name>
         <value>0xef0e</value>
         <object_component_ref idref="oc-29e"/>
      </symbol>
      <symbol id="sm-372">
         <name>__mspabi_divu</name>
         <value>0xef0e</value>
         <object_component_ref idref="oc-29e"/>
      </symbol>
      <symbol id="sm-380">
         <name>__mspabi_remul</name>
         <value>0xea3a</value>
         <object_component_ref idref="oc-3a7"/>
      </symbol>
      <symbol id="sm-381">
         <name>__mspabi_divul</name>
         <value>0xea3a</value>
         <object_component_ref idref="oc-3a7"/>
      </symbol>
      <symbol id="sm-38a">
         <name>__mspabi_func_epilog_2</name>
         <value>0xf020</value>
         <object_component_ref idref="oc-bf"/>
      </symbol>
      <symbol id="sm-38b">
         <name>__mspabi_func_epilog_3</name>
         <value>0xf01e</value>
         <object_component_ref idref="oc-bf"/>
      </symbol>
      <symbol id="sm-38c">
         <name>__mspabi_func_epilog_1</name>
         <value>0xf022</value>
         <object_component_ref idref="oc-bf"/>
      </symbol>
      <symbol id="sm-38d">
         <name>__mspabi_func_epilog_6</name>
         <value>0xf018</value>
         <object_component_ref idref="oc-bf"/>
      </symbol>
      <symbol id="sm-38e">
         <name>__mspabi_func_epilog_7</name>
         <value>0xf016</value>
         <object_component_ref idref="oc-bf"/>
      </symbol>
      <symbol id="sm-38f">
         <name>__mspabi_func_epilog_4</name>
         <value>0xf01c</value>
         <object_component_ref idref="oc-bf"/>
      </symbol>
      <symbol id="sm-390">
         <name>__mspabi_func_epilog_5</name>
         <value>0xf01a</value>
         <object_component_ref idref="oc-bf"/>
      </symbol>
      <symbol id="sm-393">
         <name>__TI_int00</name>
         <value>0xffe0</value>
         <object_component_ref idref="oc-40"/>
      </symbol>
      <symbol id="sm-396">
         <name>__TI_int02</name>
         <value>0xffe4</value>
         <object_component_ref idref="oc-41"/>
      </symbol>
      <symbol id="sm-399">
         <name>__TI_int05</name>
         <value>0xffea</value>
         <object_component_ref idref="oc-43"/>
      </symbol>
      <symbol id="sm-39c">
         <name>__TI_int06</name>
         <value>0xffec</value>
         <object_component_ref idref="oc-44"/>
      </symbol>
      <symbol id="sm-39f">
         <name>__TI_int07</name>
         <value>0xffee</value>
         <object_component_ref idref="oc-45"/>
      </symbol>
      <symbol id="sm-3a2">
         <name>__TI_int08</name>
         <value>0xfff0</value>
         <object_component_ref idref="oc-46"/>
      </symbol>
      <symbol id="sm-3a5">
         <name>__TI_int09</name>
         <value>0xfff2</value>
         <object_component_ref idref="oc-47"/>
      </symbol>
      <symbol id="sm-3a8">
         <name>__TI_int10</name>
         <value>0xfff4</value>
         <object_component_ref idref="oc-48"/>
      </symbol>
      <symbol id="sm-3ab">
         <name>__TI_int11</name>
         <value>0xfff6</value>
         <object_component_ref idref="oc-49"/>
      </symbol>
      <symbol id="sm-3ae">
         <name>__TI_int12</name>
         <value>0xfff8</value>
         <object_component_ref idref="oc-4a"/>
      </symbol>
      <symbol id="sm-3b1">
         <name>__TI_int13</name>
         <value>0xfffa</value>
         <object_component_ref idref="oc-4b"/>
      </symbol>
      <symbol id="sm-3b4">
         <name>__TI_int14</name>
         <value>0xfffc</value>
         <object_component_ref idref="oc-4c"/>
      </symbol>
      <symbol id="sm-3bc">
         <name>__TI_ISR_TRAP</name>
         <value>0xf08e</value>
         <object_component_ref idref="oc-dc"/>
      </symbol>
      <symbol id="sm-3c4">
         <name>__mspabi_slli</name>
         <value>0xee26</value>
         <object_component_ref idref="oc-b5"/>
      </symbol>
      <symbol id="sm-3c5">
         <name>__mspabi_slli_9</name>
         <value>0xee3e</value>
         <object_component_ref idref="oc-b5"/>
      </symbol>
      <symbol id="sm-3c6">
         <name>__mspabi_slli_8</name>
         <value>0xee40</value>
         <object_component_ref idref="oc-b5"/>
      </symbol>
      <symbol id="sm-3c7">
         <name>__mspabi_slli_7</name>
         <value>0xee42</value>
         <object_component_ref idref="oc-b5"/>
      </symbol>
      <symbol id="sm-3c8">
         <name>__mspabi_slli_6</name>
         <value>0xee44</value>
         <object_component_ref idref="oc-b5"/>
      </symbol>
      <symbol id="sm-3c9">
         <name>__mspabi_slli_5</name>
         <value>0xee46</value>
         <object_component_ref idref="oc-b5"/>
      </symbol>
      <symbol id="sm-3ca">
         <name>__mspabi_slli_4</name>
         <value>0xee48</value>
         <object_component_ref idref="oc-b5"/>
      </symbol>
      <symbol id="sm-3cb">
         <name>__mspabi_slli_3</name>
         <value>0xee4a</value>
         <object_component_ref idref="oc-b5"/>
      </symbol>
      <symbol id="sm-3cc">
         <name>__mspabi_slli_2</name>
         <value>0xee4c</value>
         <object_component_ref idref="oc-b5"/>
      </symbol>
      <symbol id="sm-3cd">
         <name>__mspabi_slli_1</name>
         <value>0xee4e</value>
         <object_component_ref idref="oc-b5"/>
      </symbol>
      <symbol id="sm-3ce">
         <name>__mspabi_slli_15</name>
         <value>0xee32</value>
         <object_component_ref idref="oc-b5"/>
      </symbol>
      <symbol id="sm-3cf">
         <name>__mspabi_slli_14</name>
         <value>0xee34</value>
         <object_component_ref idref="oc-b5"/>
      </symbol>
      <symbol id="sm-3d0">
         <name>__mspabi_slli_13</name>
         <value>0xee36</value>
         <object_component_ref idref="oc-b5"/>
      </symbol>
      <symbol id="sm-3d1">
         <name>__mspabi_slli_12</name>
         <value>0xee38</value>
         <object_component_ref idref="oc-b5"/>
      </symbol>
      <symbol id="sm-3d2">
         <name>__mspabi_slli_11</name>
         <value>0xee3a</value>
         <object_component_ref idref="oc-b5"/>
      </symbol>
      <symbol id="sm-3d3">
         <name>__mspabi_slli_10</name>
         <value>0xee3c</value>
         <object_component_ref idref="oc-b5"/>
      </symbol>
      <symbol id="sm-3e3">
         <name>__mspabi_slll_9</name>
         <value>0xed20</value>
         <object_component_ref idref="oc-2bf"/>
      </symbol>
      <symbol id="sm-3e4">
         <name>__mspabi_slll_8</name>
         <value>0xed24</value>
         <object_component_ref idref="oc-2bf"/>
      </symbol>
      <symbol id="sm-3e5">
         <name>__mspabi_slll_7</name>
         <value>0xed28</value>
         <object_component_ref idref="oc-2bf"/>
      </symbol>
      <symbol id="sm-3e6">
         <name>__mspabi_slll_6</name>
         <value>0xed2c</value>
         <object_component_ref idref="oc-2bf"/>
      </symbol>
      <symbol id="sm-3e7">
         <name>__mspabi_slll_5</name>
         <value>0xed30</value>
         <object_component_ref idref="oc-2bf"/>
      </symbol>
      <symbol id="sm-3e8">
         <name>__mspabi_slll_4</name>
         <value>0xed34</value>
         <object_component_ref idref="oc-2bf"/>
      </symbol>
      <symbol id="sm-3e9">
         <name>__mspabi_slll_3</name>
         <value>0xed38</value>
         <object_component_ref idref="oc-2bf"/>
      </symbol>
      <symbol id="sm-3ea">
         <name>__mspabi_slll_2</name>
         <value>0xed3c</value>
         <object_component_ref idref="oc-2bf"/>
      </symbol>
      <symbol id="sm-3eb">
         <name>__mspabi_slll_1</name>
         <value>0xed40</value>
         <object_component_ref idref="oc-2bf"/>
      </symbol>
      <symbol id="sm-3ec">
         <name>__mspabi_slll</name>
         <value>0xf006</value>
         <object_component_ref idref="oc-43d"/>
      </symbol>
      <symbol id="sm-3ed">
         <name>__mspabi_slll_15</name>
         <value>0xed08</value>
         <object_component_ref idref="oc-2bf"/>
      </symbol>
      <symbol id="sm-3ee">
         <name>__mspabi_slll_14</name>
         <value>0xed0c</value>
         <object_component_ref idref="oc-2bf"/>
      </symbol>
      <symbol id="sm-3ef">
         <name>__mspabi_slll_13</name>
         <value>0xed10</value>
         <object_component_ref idref="oc-2bf"/>
      </symbol>
      <symbol id="sm-3f0">
         <name>__mspabi_slll_12</name>
         <value>0xed14</value>
         <object_component_ref idref="oc-2bf"/>
      </symbol>
      <symbol id="sm-3f1">
         <name>__mspabi_slll_11</name>
         <value>0xed18</value>
         <object_component_ref idref="oc-2bf"/>
      </symbol>
      <symbol id="sm-3f2">
         <name>__mspabi_slll_10</name>
         <value>0xed1c</value>
         <object_component_ref idref="oc-2bf"/>
      </symbol>
      <symbol id="sm-3fa">
         <name>__mspabi_srli_8</name>
         <value>0xeb5e</value>
         <object_component_ref idref="oc-ba"/>
      </symbol>
      <symbol id="sm-3fb">
         <name>__mspabi_srli_9</name>
         <value>0xeb5a</value>
         <object_component_ref idref="oc-ba"/>
      </symbol>
      <symbol id="sm-3fc">
         <name>__mspabi_srli_6</name>
         <value>0xeb66</value>
         <object_component_ref idref="oc-ba"/>
      </symbol>
      <symbol id="sm-3fd">
         <name>__mspabi_srli_7</name>
         <value>0xeb62</value>
         <object_component_ref idref="oc-ba"/>
      </symbol>
      <symbol id="sm-3fe">
         <name>__mspabi_srli_4</name>
         <value>0xeb6e</value>
         <object_component_ref idref="oc-ba"/>
      </symbol>
      <symbol id="sm-3ff">
         <name>__mspabi_srli_5</name>
         <value>0xeb6a</value>
         <object_component_ref idref="oc-ba"/>
      </symbol>
      <symbol id="sm-400">
         <name>__mspabi_srli_2</name>
         <value>0xeb76</value>
         <object_component_ref idref="oc-ba"/>
      </symbol>
      <symbol id="sm-401">
         <name>__mspabi_srli_3</name>
         <value>0xeb72</value>
         <object_component_ref idref="oc-ba"/>
      </symbol>
      <symbol id="sm-402">
         <name>__mspabi_srli_1</name>
         <value>0xeb7a</value>
         <object_component_ref idref="oc-ba"/>
      </symbol>
      <symbol id="sm-403">
         <name>__mspabi_srli</name>
         <value>0xeb34</value>
         <object_component_ref idref="oc-ba"/>
      </symbol>
      <symbol id="sm-404">
         <name>__mspabi_srli_15</name>
         <value>0xeb42</value>
         <object_component_ref idref="oc-ba"/>
      </symbol>
      <symbol id="sm-405">
         <name>__mspabi_srli_14</name>
         <value>0xeb46</value>
         <object_component_ref idref="oc-ba"/>
      </symbol>
      <symbol id="sm-406">
         <name>__mspabi_srli_13</name>
         <value>0xeb4a</value>
         <object_component_ref idref="oc-ba"/>
      </symbol>
      <symbol id="sm-407">
         <name>__mspabi_srli_12</name>
         <value>0xeb4e</value>
         <object_component_ref idref="oc-ba"/>
      </symbol>
      <symbol id="sm-408">
         <name>__mspabi_srli_11</name>
         <value>0xeb52</value>
         <object_component_ref idref="oc-ba"/>
      </symbol>
      <symbol id="sm-409">
         <name>__mspabi_srli_10</name>
         <value>0xeb56</value>
         <object_component_ref idref="oc-ba"/>
      </symbol>
      <symbol id="sm-419">
         <name>__mspabi_srll_8</name>
         <value>0xe956</value>
         <object_component_ref idref="oc-2ca"/>
      </symbol>
      <symbol id="sm-41a">
         <name>__mspabi_srll_9</name>
         <value>0xe950</value>
         <object_component_ref idref="oc-2ca"/>
      </symbol>
      <symbol id="sm-41b">
         <name>__mspabi_srll_6</name>
         <value>0xe962</value>
         <object_component_ref idref="oc-2ca"/>
      </symbol>
      <symbol id="sm-41c">
         <name>__mspabi_srll_7</name>
         <value>0xe95c</value>
         <object_component_ref idref="oc-2ca"/>
      </symbol>
      <symbol id="sm-41d">
         <name>__mspabi_srll_4</name>
         <value>0xe96e</value>
         <object_component_ref idref="oc-2ca"/>
      </symbol>
      <symbol id="sm-41e">
         <name>__mspabi_srll_5</name>
         <value>0xe968</value>
         <object_component_ref idref="oc-2ca"/>
      </symbol>
      <symbol id="sm-41f">
         <name>__mspabi_srll_2</name>
         <value>0xe97a</value>
         <object_component_ref idref="oc-2ca"/>
      </symbol>
      <symbol id="sm-420">
         <name>__mspabi_srll_3</name>
         <value>0xe974</value>
         <object_component_ref idref="oc-2ca"/>
      </symbol>
      <symbol id="sm-421">
         <name>__mspabi_srll_1</name>
         <value>0xe980</value>
         <object_component_ref idref="oc-2ca"/>
      </symbol>
      <symbol id="sm-422">
         <name>__mspabi_srll_15</name>
         <value>0xe92c</value>
         <object_component_ref idref="oc-2ca"/>
      </symbol>
      <symbol id="sm-423">
         <name>__mspabi_srll_14</name>
         <value>0xe932</value>
         <object_component_ref idref="oc-2ca"/>
      </symbol>
      <symbol id="sm-424">
         <name>__mspabi_srll_13</name>
         <value>0xe938</value>
         <object_component_ref idref="oc-2ca"/>
      </symbol>
      <symbol id="sm-425">
         <name>__mspabi_srll_12</name>
         <value>0xe93e</value>
         <object_component_ref idref="oc-2ca"/>
      </symbol>
      <symbol id="sm-426">
         <name>__mspabi_srll_11</name>
         <value>0xe944</value>
         <object_component_ref idref="oc-2ca"/>
      </symbol>
      <symbol id="sm-427">
         <name>__mspabi_srll_10</name>
         <value>0xe94a</value>
         <object_component_ref idref="oc-2ca"/>
      </symbol>
      <symbol id="sm-428">
         <name>__mspabi_srll</name>
         <value>0xefd2</value>
         <object_component_ref idref="oc-2c4"/>
      </symbol>
      <symbol id="sm-432">
         <name>__mspabi_mpyi_sw</name>
         <value>0xef88</value>
         <object_component_ref idref="oc-2a3"/>
      </symbol>
      <symbol id="sm-433">
         <name>__mspabi_mpyi</name>
         <value>0xef88</value>
         <object_component_ref idref="oc-2a3"/>
      </symbol>
      <symbol id="sm-443">
         <name>_stack</name>
         <value>0x3b0</value>
         <object_component_ref idref="oc-b1"/>
      </symbol>
      <symbol id="sm-444">
         <name>_c_int00_noargs</name>
         <value>0xeef2</value>
         <object_component_ref idref="oc-f9"/>
      </symbol>
      <symbol id="sm-445">
         <name>_reset_vector</name>
         <value>0xfffe</value>
         <object_component_ref idref="oc-b4"/>
      </symbol>
      <symbol id="sm-467">
         <name>__TI_auto_init_nobinit_nopinit</name>
         <value>0xec0c</value>
         <object_component_ref idref="oc-23f"/>
      </symbol>
      <symbol id="sm-47a">
         <name>__TI_zero_init_nomemset</name>
         <value>0xef60</value>
         <object_component_ref idref="oc-e7"/>
      </symbol>
      <symbol id="sm-486">
         <name>_system_pre_init</name>
         <value>0xf0a8</value>
         <object_component_ref idref="oc-171"/>
      </symbol>
      <symbol id="sm-48f">
         <name>_system_post_cinit</name>
         <value>0xf0ae</value>
         <object_component_ref idref="oc-34a"/>
      </symbol>
      <symbol id="sm-4a5">
         <name>__TI_decompress_none</name>
         <value>0xefc0</value>
         <object_component_ref idref="oc-3a"/>
      </symbol>
      <symbol id="sm-4c8">
         <name>__TI_decompress_lzss</name>
         <value>0xe560</value>
         <object_component_ref idref="oc-34"/>
      </symbol>
      <symbol id="sm-4ef">
         <name>__mspabi_addd</name>
         <value>0xcfe6</value>
         <object_component_ref idref="oc-31f"/>
      </symbol>
      <symbol id="sm-511">
         <name>__mspabi_divd</name>
         <value>0xdcf8</value>
         <object_component_ref idref="oc-383"/>
      </symbol>
      <symbol id="sm-520">
         <name>__mspabi_fixdli</name>
         <value>0xe738</value>
         <object_component_ref idref="oc-1ca"/>
      </symbol>
      <symbol id="sm-52b">
         <name>__mspabi_fixdu</name>
         <value>0xefae</value>
         <object_component_ref idref="oc-3ce"/>
      </symbol>
      <symbol id="sm-53b">
         <name>__mspabi_fixdul</name>
         <value>0xe652</value>
         <object_component_ref idref="oc-325"/>
      </symbol>
      <symbol id="sm-553">
         <name>__mspabi_fltlid</name>
         <value>0xe392</value>
         <object_component_ref idref="oc-1d0"/>
      </symbol>
      <symbol id="sm-55c">
         <name>__mspabi_fltud</name>
         <value>0xf09c</value>
         <object_component_ref idref="oc-1c4"/>
      </symbol>
      <symbol id="sm-571">
         <name>__mspabi_fltuld</name>
         <value>0xe4d6</value>
         <object_component_ref idref="oc-2b8"/>
      </symbol>
      <symbol id="sm-592">
         <name>__TI_frcaddd</name>
         <value>0xda98</value>
         <object_component_ref idref="oc-3dc"/>
      </symbol>
      <symbol id="sm-5ad">
         <name>__TI_frcdivd</name>
         <value>0xc000</value>
         <object_component_ref idref="oc-41c"/>
      </symbol>
      <symbol id="sm-5cf">
         <name>__mspabi_mpyd</name>
         <value>0xd82a</value>
         <object_component_ref idref="oc-1d6"/>
      </symbol>
      <symbol id="sm-5e3">
         <name>__TI_renormd</name>
         <value>0xe2d4</value>
         <object_component_ref idref="oc-447"/>
      </symbol>
      <symbol id="sm-5ee">
         <name>C$$EXIT</name>
         <value>0xf0a2</value>
         <object_component_ref idref="oc-233"/>
      </symbol>
      <symbol id="sm-5ef">
         <name>abort</name>
         <value>0xf0a2</value>
         <object_component_ref idref="oc-233"/>
      </symbol>
      <symbol id="sm-5ff">
         <name>memcpy</name>
         <value>0xefe4</value>
         <object_component_ref idref="oc-cf"/>
      </symbol>
      <symbol id="sm-60d">
         <name>memset</name>
         <value>0xef74</value>
         <object_component_ref idref="oc-32b"/>
      </symbol>
      <symbol id="sm-617">
         <name>__mspabi_mpyl_sw</name>
         <value>0xee52</value>
         <object_component_ref idref="oc-396"/>
      </symbol>
      <symbol id="sm-618">
         <name>__mspabi_mpyl</name>
         <value>0xee52</value>
         <object_component_ref idref="oc-396"/>
      </symbol>
      <symbol id="sm-629">
         <name>__TI_frcmpyd</name>
         <value>0xd5a4</value>
         <object_component_ref idref="oc-2d6"/>
      </symbol>
   </symbol_table>
   <title>Link successful</title>
</link_info>
